Component: ARM Compiler 5.06 update 5 (build 528) Tool: armlink [4d35e2]

==============================================================================

Section Cross References

    gd32f4xx_it.o(i.SDIO_IRQHandler) refers to sdcard.o(i.sd_interrupts_process) for sd_interrupts_process
    gd32f4xx_it.o(i.SysTick_Handler) refers to systick.o(i.delay_decrement) for delay_decrement
    main.o(i.main) refers to function.o(i.sysFunction_Init) for sysFunction_Init
    main.o(i.main) refers to function.o(i.sysFunction_loop) for sysFunction_loop
    systick.o(i.delay_1ms) refers to systick.o(.data) for delay
    systick.o(i.delay_decrement) refers to systick.o(.data) for delay
    systick.o(i.systick_config) refers to systick.o(i.NVIC_SetPriority) for NVIC_SetPriority
    systick.o(i.systick_config) refers to system_gd32f4xx.o(.data) for SystemCoreClock
    key.o(i.Key_Check) refers to key.o(.data) for Key_flag
    key.o(i.Key_Debounce_Tick) refers to gd32f4xx_gpio.o(i.gpio_input_bit_get) for gpio_input_bit_get
    key.o(i.Key_Debounce_Tick) refers to key.o(.constdata) for key_pins
    key.o(i.Key_Debounce_Tick) refers to key.o(.data) for prev_real_level
    key.o(i.Key_GetState) refers to key.o(.data) for g_key_stable_level
    key.o(i.Key_Init) refers to gd32f4xx_rcu.o(i.rcu_periph_clock_enable) for rcu_periph_clock_enable
    key.o(i.Key_Init) refers to gd32f4xx_gpio.o(i.gpio_mode_set) for gpio_mode_set
    key.o(i.Key_Tick) refers to key.o(i.Key_Debounce_Tick) for Key_Debounce_Tick
    key.o(i.Key_Tick) refers to key.o(i.key_Check_Tick) for key_Check_Tick
    key.o(i.key_Check_Tick) refers to key.o(i.Key_GetState) for Key_GetState
    key.o(i.key_Check_Tick) refers to key.o(.data) for count
    led.o(i.LED_Init) refers to gd32f4xx_rcu.o(i.rcu_periph_clock_enable) for rcu_periph_clock_enable
    led.o(i.LED_Init) refers to gd32f4xx_gpio.o(i.gpio_mode_set) for gpio_mode_set
    led.o(i.LED_Init) refers to gd32f4xx_gpio.o(i.gpio_output_options_set) for gpio_output_options_set
    led.o(i.LED_Init) refers to gd32f4xx_gpio.o(i.gpio_bit_reset) for gpio_bit_reset
    led.o(i.led1_off) refers to gd32f4xx_gpio.o(i.gpio_bit_reset) for gpio_bit_reset
    led.o(i.led1_on) refers to gd32f4xx_gpio.o(i.gpio_bit_set) for gpio_bit_set
    led.o(i.led1_turn) refers to gd32f4xx_gpio.o(i.gpio_bit_set) for gpio_bit_set
    led.o(i.led1_turn) refers to gd32f4xx_gpio.o(i.gpio_bit_reset) for gpio_bit_reset
    led.o(i.led1_turn) refers to led.o(.data) for led1_status
    led.o(i.led2_off) refers to gd32f4xx_gpio.o(i.gpio_bit_reset) for gpio_bit_reset
    led.o(i.led2_on) refers to gd32f4xx_gpio.o(i.gpio_bit_set) for gpio_bit_set
    oled.o(i.I2C_Start) refers to gd32f4xx_gpio.o(i.gpio_mode_set) for gpio_mode_set
    oled.o(i.I2C_Start) refers to gd32f4xx_gpio.o(i.gpio_output_options_set) for gpio_output_options_set
    oled.o(i.I2C_Start) refers to gd32f4xx_gpio.o(i.gpio_bit_set) for gpio_bit_set
    oled.o(i.I2C_Start) refers to oled.o(i.IIC_delay) for IIC_delay
    oled.o(i.I2C_Start) refers to gd32f4xx_gpio.o(i.gpio_bit_reset) for gpio_bit_reset
    oled.o(i.I2C_Stop) refers to gd32f4xx_gpio.o(i.gpio_mode_set) for gpio_mode_set
    oled.o(i.I2C_Stop) refers to gd32f4xx_gpio.o(i.gpio_output_options_set) for gpio_output_options_set
    oled.o(i.I2C_Stop) refers to gd32f4xx_gpio.o(i.gpio_bit_reset) for gpio_bit_reset
    oled.o(i.I2C_Stop) refers to gd32f4xx_gpio.o(i.gpio_bit_set) for gpio_bit_set
    oled.o(i.I2C_Stop) refers to oled.o(i.IIC_delay) for IIC_delay
    oled.o(i.I2C_WaitAck) refers to gd32f4xx_gpio.o(i.gpio_bit_set) for gpio_bit_set
    oled.o(i.I2C_WaitAck) refers to oled.o(i.IIC_delay) for IIC_delay
    oled.o(i.I2C_WaitAck) refers to gd32f4xx_gpio.o(i.gpio_mode_set) for gpio_mode_set
    oled.o(i.I2C_WaitAck) refers to oled.o(i.I2C_Stop) for I2C_Stop
    oled.o(i.I2C_WaitAck) refers to gd32f4xx_gpio.o(i.gpio_input_bit_get) for gpio_input_bit_get
    oled.o(i.I2C_WaitAck) refers to gd32f4xx_gpio.o(i.gpio_bit_reset) for gpio_bit_reset
    oled.o(i.I2C_WaitAck) refers to gd32f4xx_gpio.o(i.gpio_output_options_set) for gpio_output_options_set
    oled.o(i.OLED_Clear) refers to oled.o(i.OLED_Refresh) for OLED_Refresh
    oled.o(i.OLED_Clear) refers to oled.o(.bss) for OLED_GRAM
    oled.o(i.OLED_ClearPoint) refers to oled.o(.bss) for OLED_GRAM
    oled.o(i.OLED_ColorTurn) refers to oled.o(i.OLED_WR_Byte) for OLED_WR_Byte
    oled.o(i.OLED_DisPlay_Off) refers to oled.o(i.OLED_WR_Byte) for OLED_WR_Byte
    oled.o(i.OLED_DisPlay_On) refers to oled.o(i.OLED_WR_Byte) for OLED_WR_Byte
    oled.o(i.OLED_DisplayTurn) refers to oled.o(i.OLED_WR_Byte) for OLED_WR_Byte
    oled.o(i.OLED_DrawCircle) refers to oled.o(i.OLED_DrawPoint) for OLED_DrawPoint
    oled.o(i.OLED_DrawLine) refers to oled.o(i.OLED_DrawPoint) for OLED_DrawPoint
    oled.o(i.OLED_DrawPoint) refers to oled.o(.bss) for OLED_GRAM
    oled.o(i.OLED_Init) refers to systick.o(i.delay_1ms) for delay_1ms
[...]
    Key_Debounce_Tick                        0x08011f45   Thumb Code   136  key.o(i.Key_Debounce_Tick)
    Key_GetState                             0x08011fe1   Thumb Code     8  key.o(i.Key_GetState)
    Key_Tick                                 0x08011fed   Thumb Code    12  key.o(i.Key_Tick)
    LED_Init                                 0x08011ff9   Thumb Code    50  led.o(i.LED_Init)
    MemManage_Handler                        0x08012031   Thumb Code     4  gd32f4xx_it.o(i.MemManage_Handler)
    NMI_Handler                              0x08012035   Thumb Code     2  gd32f4xx_it.o(i.NMI_Handler)
    OLED_Clear                               0x08012089   Thumb Code    42  oled.o(i.OLED_Clear)
    OLED_ClearPoint                          0x080120b9   Thumb Code    90  oled.o(i.OLED_ClearPoint)
    OLED_DrawPoint                           0x08012119   Thumb Code    54  oled.o(i.OLED_DrawPoint)
    OLED_Init                                0x08012155   Thumb Code   328  oled.o(i.OLED_Init)
    OLED_Refresh                             0x080122a1   Thumb Code    70  oled.o(i.OLED_Refresh)
    OLED_ShowChar                            0x080122ed   Thumb Code   240  oled.o(i.OLED_ShowChar)
    OLED_ShowString                          0x080123e9   Thumb Code    66  oled.o(i.OLED_ShowString)
    OLED_WR_Byte                             0x0801242b   Thumb Code    56  oled.o(i.OLED_WR_Byte)
    PA0_wakeup_init                          0x08012465   Thumb Code    70  sleep_wake.o(i.PA0_wakeup_init)
    PT100_Read                               0x080124b1   Thumb Code    70  pt100.o(i.PT100_Read)
    PT100_ResistanceToTemp                   0x080124f7   Thumb Code    24  pt100.o(i.PT100_ResistanceToTemp)
    PT100_VoltageToResistance                0x08012511   Thumb Code    54  pt100.o(i.PT100_VoltageToResistance)
    PendSV_Handler                           0x0801254d   Thumb Code     2  gd32f4xx_it.o(i.PendSV_Handler)
    RTC_Init                                 0x08012551   Thumb Code   150  rtc.o(i.RTC_Init)
    RTC_SetWakeup                            0x080125f5   Thumb Code   148  sleep_wake.o(i.RTC_SetWakeup)
    RTC_WKUP_IRQHandler                      0x080126a5   Thumb Code    42  sleep_wake.o(i.RTC_WKUP_IRQHandler)
    SDIO_IRQHandler                          0x080126d5   Thumb Code     8  gd32f4xx_it.o(i.SDIO_IRQHandler)
    SVC_Handler                              0x080126dd   Thumb Code     2  gd32f4xx_it.o(i.SVC_Handler)
    Send_Byte                                0x080126e1   Thumb Code    88  oled.o(i.Send_Byte)
    SysTick_Handler                          0x0801273d   Thumb Code     8  gd32f4xx_it.o(i.SysTick_Handler)
    SystemInit                               0x08012745   Thumb Code   194  system_gd32f4xx.o(i.SystemInit)
    TIMER6_IRQHandler                        0x08012819   Thumb Code    84  tim6_functimer.o(i.TIMER6_IRQHandler)
    USART1_ClearRxBuf                        0x08012879   Thumb Code    24  usart.o(i.USART1_ClearRxBuf)
    USART1_DMA_All_Init                      0x0801289d   Thumb Code    20  mydma.o(i.USART1_DMA_All_Init)
    USART1_IRQHandler                        0x080128bd   Thumb Code    64  usart.o(i.USART1_IRQHandler)
    USART1_Init                              0x08012915   Thumb Code   262  usart.o(i.USART1_Init)
    USART1_SendData                          0x08012a31   Thumb Code   110  usart.o(i.USART1_SendData)
    UsageFault_Handler                       0x08012ab1   Thumb Code     4  gd32f4xx_it.o(i.UsageFault_Handler)
    __0vsnprintf                             0x08012ab5   Thumb Code    40  printfa.o(i.__0vsnprintf)
    __1vsnprintf                             0x08012ab5   Thumb Code     0  printfa.o(i.__0vsnprintf)
    __2vsnprintf                             0x08012ab5   Thumb Code     0  printfa.o(i.__0vsnprintf)
    __c89vsnprintf                           0x08012ab5   Thumb Code     0  printfa.o(i.__0vsnprintf)
    vsnprintf                                0x08012ab5   Thumb Code     0  printfa.o(i.__0vsnprintf)
    __scatterload_copy                       0x08012ae1   Thumb Code    14  handlers.o(i.__scatterload_copy)
    __scatterload_null                       0x08012aef   Thumb Code     2  handlers.o(i.__scatterload_null)
    __scatterload_zeroinit                   0x08012af1   Thumb Code    14  handlers.o(i.__scatterload_zeroinit)
    _fdb_continue_ff_addr                    0x08012aff   Thumb Code   100  fdb_utils.o(i._fdb_continue_ff_addr)
    _fdb_flash_erase                         0x08012b63   Thumb Code    42  fdb_utils.o(i._fdb_flash_erase)
    _fdb_flash_read                          0x08012b8d   Thumb Code    50  fdb_utils.o(i._fdb_flash_read)
    _fdb_flash_write                         0x08012bbf   Thumb Code    54  fdb_utils.o(i._fdb_flash_write)
    _fdb_flash_write_align                   0x08012bf5   Thumb Code    94  fdb_utils.o(i._fdb_flash_write_align)
    _fdb_get_status                          0x08012c53   Thumb Code    42  fdb_utils.o(i._fdb_get_status)
    _fdb_init_ex                             0x08012c7d   Thumb Code   170  fdb.o(i._fdb_init_ex)
    _fdb_init_finish                         0x08012d29   Thumb Code    24  fdb.o(i._fdb_init_finish)
    _fdb_read_status                         0x08012ddd   Thumb Code    50  fdb_utils.o(i._fdb_read_status)
    _fdb_set_status                          0x08012e0f   Thumb Code    46  fdb_utils.o(i._fdb_set_status)
    _fdb_write_status                        0x08012e3d   Thumb Code    78  fdb_utils.o(i._fdb_write_status)
    adc_calibration_enable                   0x08013a09   Thumb Code    42  gd32f4xx_adc.o(i.adc_calibration_enable)
    adc_channel_length_config                0x08013a33   Thumb Code    82  gd32f4xx_adc.o(i.adc_channel_length_config)
    adc_clock_config                         0x08013a85   Thumb Code    28  gd32f4xx_adc.o(i.adc_clock_config)
    adc_data_alignment_config                0x08013aa9   Thumb Code    22  gd32f4xx_adc.o(i.adc_data_alignment_config)
    adc_deinit                               0x08013abf   Thumb Code    20  gd32f4xx_adc.o(i.adc_deinit)
    adc_dma_mode_enable                      0x08013ad3   Thumb Code    10  gd32f4xx_adc.o(i.adc_dma_mode_enable)
    adc_dma_request_after_last_enable        0x08013add   Thumb Code    10  gd32f4xx_adc.o(i.adc_dma_request_after_last_enable)
    adc_enable                               0x08013ae7   Thumb Code    18  gd32f4xx_adc.o(i.adc_enable)
    adc_external_trigger_config              0x08013af9   Thumb Code    52  gd32f4xx_adc.o(i.adc_external_trigger_config)
    adc_oversample_mode_config               0x08013b2d   Thumb Code    58  gd32f4xx_adc.o(i.adc_oversample_mode_config)
    adc_oversample_mode_enable               0x08013b67   Thumb Code    14  gd32f4xx_adc.o(i.adc_oversample_mode_enable)
    adc_routine_channel_config               0x08013b75   Thumb Code   172  gd32f4xx_adc.o(i.adc_routine_channel_config)
    adc_software_trigger_enable              0x08013c21   Thumb Code    36  gd32f4xx_adc.o(i.adc_software_trigger_enable)
    adc_special_function_config              0x08013c45   Thumb Code    90  gd32f4xx_adc.o(i.adc_special_function_config)
    append_over_log_ch                       0x08013d71   Thumb Code    70  myflashdb_log.o(i.append_over_log_ch)
    boot_param_set_flag                      0x08013dbd   Thumb Code   128  app_param.o(i.boot_param_set_flag)
    clear_all_over_logs                      0x08014031   Thumb Code    10  myflashdb_log.o(i.clear_all_over_logs)
    dac_data_set                             0x080141ed   Thumb Code    64  gd32f4xx_dac.o(i.dac_data_set)
    dac_deinit                               0x0801422d   Thumb Code    34  gd32f4xx_dac.o(i.dac_deinit)
    dac_enable                               0x08014255   Thumb Code    26  gd32f4xx_dac.o(i.dac_enable)
    dac_output_buffer_enable                 0x0801426f   Thumb Code    26  gd32f4xx_dac.o(i.dac_output_buffer_enable)
    data_adc_raw_to_volt                     0x08014289   Thumb Code    26  data_process.o(i.data_adc_raw_to_volt)
    data_get_ch0_value                       0x08014419   Thumb Code    24  data_process.o(i.data_get_ch0_value)
    data_get_ch1_value                       0x08014435   Thumb Code    24  data_process.o(i.data_get_ch1_value)
    data_is_over_limit                       0x08014451   Thumb Code    18  data_process.o(i.data_is_over_limit)
    data_update_overlimit                    0x08014465   Thumb Code    58  data_process.o(i.data_update_overlimit)
    delay_1ms                                0x080145b1   Thumb Code    16  systick.o(i.delay_1ms)
    delay_decrement                          0x080145c5   Thumb Code    18  systick.o(i.delay_decrement)
    dma_channel_disable                      0x080145dd   Thumb Code    32  gd32f4xx_dma.o(i.dma_channel_disable)
    dma_channel_enable                       0x080145fd   Thumb Code    32  gd32f4xx_dma.o(i.dma_channel_enable)
    dma_channel_subperipheral_select         0x0801461d   Thumb Code    38  gd32f4xx_dma.o(i.dma_channel_subperipheral_select)
    dma_deinit                               0x08014643   Thumb Code   166  gd32f4xx_dma.o(i.dma_deinit)
    dma_enable                               0x080146e9   Thumb Code    46  mydma.o(i.dma_enable)
    dma_flag_clear                           0x08014717   Thumb Code    62  gd32f4xx_dma.o(i.dma_flag_clear)
    dma_flag_get                             0x08014755   Thumb Code    76  gd32f4xx_dma.o(i.dma_flag_get)
    dma_single_data_mode_init                0x080147a1   Thumb Code   340  gd32f4xx_dma.o(i.dma_single_data_mode_init)
    dma_transfer_number_config               0x080148f9   Thumb Code    16  gd32f4xx_dma.o(i.dma_transfer_number_config)
    dma_transfer_number_get                  0x08014909   Thumb Code    16  gd32f4xx_dma.o(i.dma_transfer_number_get)
    dma_usart1_rx_config                     0x08014919   Thumb Code    84  mydma.o(i.dma_usart1_rx_config)
    dma_usart_tx_config                      0x08014979   Thumb Code    92  mydma.o(i.dma_usart_tx_config)
    exti_init                                0x08014aa5   Thumb Code   184  gd32f4xx_exti.o(i.exti_init)
    exti_interrupt_enable                    0x08014b61   Thumb Code    12  gd32f4xx_exti.o(i.exti_interrupt_enable)
    exti_interrupt_flag_clear                0x08014b71   Thumb Code     6  gd32f4xx_exti.o(i.exti_interrupt_flag_clear)
    exti_interrupt_flag_get                  0x08014b7d   Thumb Code    18  gd32f4xx_exti.o(i.exti_interrupt_flag_get)
    fal_flash_device_find                    0x08014b95   Thumb Code    42  fal_flash.o(i.fal_flash_device_find)
    fal_flash_init                           0x08014bc5   Thumb Code    52  fal_flash.o(i.fal_flash_init)
    fal_init                                 0x08014c01   Thumb Code    46  fal.o(i.fal_init)
    fal_partition_erase                      0x08014c35   Thumb Code   152  fal_partition.o(i.fal_partition_erase)
    fal_partition_find                       0x08014d5d   Thumb Code    50  fal_partition.o(i.fal_partition_find)
    fal_partition_init                       0x08014d99   Thumb Code    56  fal_partition.o(i.fal_partition_init)
    fal_partition_read                       0x08014de1   Thumb Code   162  fal_partition.o(i.fal_partition_read)
    fal_partition_write                      0x08014f11   Thumb Code   162  fal_partition.o(i.fal_partition_write)
    fdb_blob_make                            0x08015045   Thumb Code     6  fdb_utils.o(i.fdb_blob_make)
    fdb_calc_crc32                           0x0801504d   Thumb Code    40  fdb_utils.o(i.fdb_calc_crc32)
    fdb_kv_del                               0x08015097   Thumb Code    62  fdb_kvdb.o(i.fdb_kv_del)
    fdb_kv_get                               0x080150d5   Thumb Code    70  fdb_kvdb.o(i.fdb_kv_get)
    fdb_kv_get_blob                          0x08015121   Thumb Code    70  fdb_kvdb.o(i.fdb_kv_get_blob)
    fdb_kv_set                               0x08015167   Thumb Code    60  fdb_kvdb.o(i.fdb_kv_set)
    fdb_kv_set_blob                          0x080151a3   Thumb Code    68  fdb_kvdb.o(i.fdb_kv_set_blob)
    fdb_kv_set_default                       0x080151e7   Thumb Code   212  fdb_kvdb.o(i.fdb_kv_set_default)
    fdb_kvdb_init                            0x080152bd   Thumb Code   278  fdb_kvdb.o(i.fdb_kvdb_init)
    fdb_tsdb_init                            0x080153d9   Thumb Code   320  fdb_tsdb.o(i.fdb_tsdb_init)
    fdb_tsl_append                           0x0801551d   Thumb Code    60  fdb_tsdb.o(i.fdb_tsl_append)
    fdb_tsl_clean                            0x08015559   Thumb Code    40  fdb_tsdb.o(i.fdb_tsl_clean)
    flash_log_init                           0x08015709   Thumb Code   110  myflashdb_log.o(i.flash_log_init)
    flashdata_init                           0x080157fd   Thumb Code    40  myflashdb_data.o(i.flashdata_init)
    fmc_flag_clear                           0x0801586d   Thumb Code     6  gd32f4xx_fmc.o(i.fmc_flag_clear)
    fmc_lock                                 0x08015879   Thumb Code    14  gd32f4xx_fmc.o(i.fmc_lock)
    fmc_page_erase                           0x0801588d   Thumb Code   114  gd32f4xx_fmc.o(i.fmc_page_erase)
    fmc_ready_wait                           0x08015909   Thumb Code    32  gd32f4xx_fmc.o(i.fmc_ready_wait)
    fmc_state_get                            0x08015929   Thumb Code    70  gd32f4xx_fmc.o(i.fmc_state_get)
    fmc_unlock                               0x08015975   Thumb Code    24  gd32f4xx_fmc.o(i.fmc_unlock)
    fmc_word_program                         0x08015999   Thumb Code    80  gd32f4xx_fmc.o(i.fmc_word_program)
    function_idle_refresh_request            0x08015b31   Thumb Code     8  function.o(i.function_idle_refresh_request)
    function_sample_state_get                0x08015cc1   Thumb Code     6  function.o(i.function_sample_state_get)
    function_sample_state_set                0x08015ccd   Thumb Code    14  function.o(i.function_sample_state_set)
    get_data_config                          0x08015d89   Thumb Code    62  myflashdb_data.o(i.get_data_config)
    get_power_count                          0x08015fc9   Thumb Code    44  myflashdb_data.o(i.get_power_count)
    get_team_number                          0x08016039   Thumb Code    62  myflashdb_data.o(i.get_team_number)
    get_unix_time                            0x08016099   Thumb Code   184  data_process.o(i.get_unix_time)
    get_usart1_rx_len                        0x08016151   Thumb Code    18  mydma.o(i.get_usart1_rx_len)
    gpio_af_set                              0x08016169   Thumb Code    94  gd32f4xx_gpio.o(i.gpio_af_set)
    gpio_bit_reset                           0x080161c7   Thumb Code     4  gd32f4xx_gpio.o(i.gpio_bit_reset)
    gpio_bit_set                             0x080161cb   Thumb Code     4  gd32f4xx_gpio.o(i.gpio_bit_set)
    gpio_input_bit_get                       0x080161cf   Thumb Code    16  gd32f4xx_gpio.o(i.gpio_input_bit_get)
    gpio_mode_set                            0x080161df   Thumb Code    78  gd32f4xx_gpio.o(i.gpio_mode_set)
    gpio_output_options_set                  0x0801622d   Thumb Code    66  gd32f4xx_gpio.o(i.gpio_output_options_set)
    key_Check_Tick                           0x08016279   Thumb Code   664  key.o(i.key_Check_Tick)
    led1_turn                                0x080165c5   Thumb Code    48  led.o(i.led1_turn)
    led2_off                                 0x080165fd   Thumb Code    14  led.o(i.led2_off)
    led2_on                                  0x08016611   Thumb Code    14  led.o(i.led2_on)
    main                                     0x08016625   Thumb Code    14  main.o(i.main)
    msg_app_after_send                       0x08016819   Thumb Code    92  msg_app.o(i.msg_app_after_send)
    msg_app_alarm_print                      0x08016891   Thumb Code   120  msg_app.o(i.msg_app_alarm_print)
    msg_app_auto_report_is_active            0x08016931   Thumb Code     6  msg_app.o(i.msg_app_auto_report_is_active)
    msg_app_auto_report_poll                 0x0801693d   Thumb Code    40  msg_app.o(i.msg_app_auto_report_poll)
    msg_app_handle_cmd                       0x08016971   Thumb Code   104  msg_app.o(i.msg_app_handle_cmd)
    msg_app_reset_alarm_state                0x080169e1   Thumb Code     8  msg_app.o(i.msg_app_reset_alarm_state)
    msg_build_error                          0x08016ba1   Thumb Code    24  msg.o(i.msg_build_error)
    msg_build_frame                          0x08016bbd   Thumb Code   180  msg.o(i.msg_build_frame)
    msg_build_ok                             0x08016c79   Thumb Code    28  msg.o(i.msg_build_ok)
    msg_poll                                 0x080174c5   Thumb Code   256  msg.o(i.msg_poll)
    msg_read_float                           0x0801762f   Thumb Code    18  msg.o(i.msg_read_float)
    msg_read_u16                             0x08017641   Thumb Code    12  msg.o(i.msg_read_u16)
    msg_read_u32                             0x0801764d   Thumb Code    24  msg.o(i.msg_read_u32)
    msg_send_current                         0x08017665   Thumb Code    20  msg.o(i.msg_send_current)
    msg_send_heartbeat                       0x08017681   Thumb Code    30  msg.o(i.msg_send_heartbeat)
    msg_send_string                          0x080176a5   Thumb Code    20  msg.o(i.msg_send_string)
    msg_write_float                          0x080177fd   Thumb Code    18  msg.o(i.msg_write_float)
    msg_write_u16                            0x0801780f   Thumb Code     8  msg.o(i.msg_write_u16)
    msg_write_u32                            0x08017817   Thumb Code    16  msg.o(i.msg_write_u32)
    nvic_irq_enable                          0x08017891   Thumb Code   186  gd32f4xx_misc.o(i.nvic_irq_enable)
    nvic_priority_group_set                  0x08017955   Thumb Code    10  gd32f4xx_misc.o(i.nvic_priority_group_set)
    oled_idle_refresh                        0x08017969   Thumb Code    20  function.o(i.oled_idle_refresh)
    pmu_backup_write_enable                  0x08017981   Thumb Code    14  gd32f4xx_pmu.o(i.pmu_backup_write_enable)
    pmu_flag_clear                           0x08017995   Thumb Code    42  gd32f4xx_pmu.o(i.pmu_flag_clear)
    pmu_to_deepsleepmode                     0x080179c5   Thumb Code   204  gd32f4xx_pmu.o(i.pmu_to_deepsleepmode)
    pmu_wakeup_pin_enable                    0x08017ab9   Thumb Code    14  gd32f4xx_pmu.o(i.pmu_wakeup_pin_enable)
    rcu_all_reset_flag_clear                 0x08017f09   Thumb Code    14  gd32f4xx_rcu.o(i.rcu_all_reset_flag_clear)
    rcu_clock_freq_get                       0x08017f1d   Thumb Code   264  gd32f4xx_rcu.o(i.rcu_clock_freq_get)
    rcu_flag_get                             0x08018041   Thumb Code    32  gd32f4xx_rcu.o(i.rcu_flag_get)
    rcu_osci_on                              0x08018065   Thumb Code    32  gd32f4xx_rcu.o(i.rcu_osci_on)
    rcu_osci_stab_wait                       0x08018089   Thumb Code   342  gd32f4xx_rcu.o(i.rcu_osci_stab_wait)
    rcu_periph_clock_enable                  0x080181e5   Thumb Code    32  gd32f4xx_rcu.o(i.rcu_periph_clock_enable)
    rcu_periph_reset_disable                 0x08018209   Thumb Code    32  gd32f4xx_rcu.o(i.rcu_periph_reset_disable)
    rcu_periph_reset_enable                  0x0801822d   Thumb Code    32  gd32f4xx_rcu.o(i.rcu_periph_reset_enable)
    rcu_rtc_clock_config                     0x08018251   Thumb Code    18  gd32f4xx_rcu.o(i.rcu_rtc_clock_config)
    reset_usart1_rx_dma                      0x080186cd   Thumb Code    42  mydma.o(i.reset_usart1_rx_dma)
    rs485_printf                             0x080186fd   Thumb Code   162  usart.o(i.rs485_printf)
    rtc_current_time_get                     0x080187b5   Thumb Code    96  gd32f4xx_rtc.o(i.rtc_current_time_get)
    rtc_flag_clear                           0x08018835   Thumb Code    12  gd32f4xx_rtc.o(i.rtc_flag_clear)
    rtc_flag_get                             0x08018845   Thumb Code    16  gd32f4xx_rtc.o(i.rtc_flag_get)
    rtc_init                                 0x08018859   Thumb Code   216  gd32f4xx_rtc.o(i.rtc_init)
    rtc_init_mode_enter                      0x08018935   Thumb Code    66  gd32f4xx_rtc.o(i.rtc_init_mode_enter)
    rtc_init_mode_exit                       0x0801897d   Thumb Code    14  gd32f4xx_rtc.o(i.rtc_init_mode_exit)
    rtc_interrupt_enable                     0x08018991   Thumb Code    54  gd32f4xx_rtc.o(i.rtc_interrupt_enable)
    rtc_register_sync_wait                   0x080189cd   Thumb Code    92  gd32f4xx_rtc.o(i.rtc_register_sync_wait)
    rtc_setup                                0x08018a2d   Thumb Code   144  rtc.o(i.rtc_setup)
    rtc_wakeup_clock_set                     0x08018ad1   Thumb Code    88  gd32f4xx_rtc.o(i.rtc_wakeup_clock_set)
    rtc_wakeup_disable                       0x08018b2d   Thumb Code    78  gd32f4xx_rtc.o(i.rtc_wakeup_disable)
    rtc_wakeup_enable                        0x08018b81   Thumb Code    34  gd32f4xx_rtc.o(i.rtc_wakeup_enable)
    rtc_wakeup_timer_set                     0x08018ba9   Thumb Code    70  gd32f4xx_rtc.o(i.rtc_wakeup_timer_set)
    sd_interrupts_process                    0x08018bf5   Thumb Code   286  sdcard.o(i.sd_interrupts_process)
    sd_transfer_stop                         0x08018d25   Thumb Code    36  sdcard.o(i.sd_transfer_stop)
    sdio_command_index_get                   0x08018d49   Thumb Code     8  gd32f4xx_sdio.o(i.sdio_command_index_get)
    sdio_command_response_config             0x08018d55   Thumb Code    52  gd32f4xx_sdio.o(i.sdio_command_response_config)
    sdio_csm_enable                          0x08018d8d   Thumb Code    14  gd32f4xx_sdio.o(i.sdio_csm_enable)
    sdio_flag_clear                          0x08018da1   Thumb Code     6  gd32f4xx_sdio.o(i.sdio_flag_clear)
    sdio_interrupt_disable                   0x08018dad   Thumb Code    12  gd32f4xx_sdio.o(i.sdio_interrupt_disable)
    sdio_interrupt_flag_clear                0x08018dbd   Thumb Code     6  gd32f4xx_sdio.o(i.sdio_interrupt_flag_clear)
    sdio_interrupt_flag_get                  0x08018dc9   Thumb Code    16  gd32f4xx_sdio.o(i.sdio_interrupt_flag_get)
    sdio_response_get                        0x08018ddd   Thumb Code    56  gd32f4xx_sdio.o(i.sdio_response_get)
    sdio_wait_type_set                       0x08018e19   Thumb Code    22  gd32f4xx_sdio.o(i.sdio_wait_type_set)
    set_data_config                          0x08018f49   Thumb Code    42  myflashdb_data.o(i.set_data_config)
    set_power_count                          0x08019051   Thumb Code    52  myflashdb_data.o(i.set_power_count)
    set_team_number                          0x08019095   Thumb Code    34  myflashdb_data.o(i.set_team_number)
    spi_enable                               0x080190f9   Thumb Code    10  gd32f4xx_spi.o(i.spi_enable)
    spi_flash_buffer_erase                   0x08019105   Thumb Code   262  spi_flash.o(i.spi_flash_buffer_erase)
    spi_flash_buffer_read                    0x08019215   Thumb Code    80  spi_flash.o(i.spi_flash_buffer_read)
    spi_flash_buffer_write                   0x08019269   Thumb Code   196  spi_flash.o(i.spi_flash_buffer_write)
    spi_flash_bulk_erase                     0x0801932d   Thumb Code    38  spi_flash.o(i.spi_flash_bulk_erase)
    spi_flash_init                           0x08019359   Thumb Code   148  spi_flash.o(i.spi_flash_init)
    spi_flash_page_write                     0x080193f9   Thumb Code    86  spi_flash.o(i.spi_flash_page_write)
    spi_flash_sector_erase                   0x08019455   Thumb Code    62  spi_flash.o(i.spi_flash_sector_erase)
    spi_flash_send_byte                      0x08019499   Thumb Code    82  spi_flash.o(i.spi_flash_send_byte)
    spi_flash_wait_for_write_end             0x080194f1   Thumb Code    64  spi_flash.o(i.spi_flash_wait_for_write_end)
    spi_flash_write_enable                   0x08019535   Thumb Code    30  spi_flash.o(i.spi_flash_write_enable)
    spi_i2s_data_receive                     0x08019559   Thumb Code     8  gd32f4xx_spi.o(i.spi_i2s_data_receive)
    spi_i2s_data_transmit                    0x08019561   Thumb Code     4  gd32f4xx_spi.o(i.spi_i2s_data_transmit)
    spi_i2s_deinit                           0x08019565   Thumb Code   162  gd32f4xx_spi.o(i.spi_i2s_deinit)
    spi_i2s_flag_get                         0x08019611   Thumb Code    16  gd32f4xx_spi.o(i.spi_i2s_flag_get)
    spi_init                                 0x08019621   Thumb Code    50  gd32f4xx_spi.o(i.spi_init)
    spi_struct_para_init                     0x08019653   Thumb Code    18  gd32f4xx_spi.o(i.spi_struct_para_init)
    sysFunction_Init                         0x08019665   Thumb Code   146  function.o(i.sysFunction_Init)
    sysFunction_loop                         0x08019729   Thumb Code    16  function.o(i.sysFunction_loop)
    syscfg_exti_line_config                  0x08019739   Thumb Code   166  gd32f4xx_syscfg.o(i.syscfg_exti_line_config)
    systick_config                           0x080198f5   Thumb Code    74  systick.o(i.systick_config)
    tim6_functimer_init                      0x08019945   Thumb Code    94  tim6_functimer.o(i.tim6_functimer_init)
    tim6_timeoutcheck                        0x080199a9   Thumb Code    40  tim6_functimer.o(i.tim6_timeoutcheck)
    timer_deinit                             0x080199d1   Thumb Code   374  gd32f4xx_timer.o(i.timer_deinit)
    timer_enable                             0x08019b55   Thumb Code    10  gd32f4xx_timer.o(i.timer_enable)
    timer_init                               0x08019b61   Thumb Code   122  gd32f4xx_timer.o(i.timer_init)
    timer_interrupt_enable                   0x08019bf9   Thumb Code     8  gd32f4xx_timer.o(i.timer_interrupt_enable)
    timer_interrupt_flag_clear               0x08019c01   Thumb Code     6  gd32f4xx_timer.o(i.timer_interrupt_flag_clear)
    timer_interrupt_flag_get                 0x08019c07   Thumb Code    24  gd32f4xx_timer.o(i.timer_interrupt_flag_get)
    timer_struct_para_init                   0x08019c1f   Thumb Code    22  gd32f4xx_timer.o(i.timer_struct_para_init)
    unix_to_str                              0x08019cfd   Thumb Code   558  data_process.o(i.unix_to_str)
    usart_baudrate_set                       0x0801a3f9   Thumb Code   224  gd32f4xx_usart.o(i.usart_baudrate_set)
    usart_data_receive                       0x0801a4e1   Thumb Code    10  gd32f4xx_usart.o(i.usart_data_receive)
    usart_deinit                             0x0801a4ed   Thumb Code   210  gd32f4xx_usart.o(i.usart_deinit)
    usart_dma_receive_config                 0x0801a5c9   Thumb Code    20  gd32f4xx_usart.o(i.usart_dma_receive_config)
    usart_dma_transmit_config                0x0801a5dd   Thumb Code    20  gd32f4xx_usart.o(i.usart_dma_transmit_config)
    usart_enable                             0x0801a5f1   Thumb Code    10  gd32f4xx_usart.o(i.usart_enable)
    usart_flag_clear                         0x0801a5fb   Thumb Code    52  gd32f4xx_usart.o(i.usart_flag_clear)
    usart_flag_get                           0x0801a62f   Thumb Code    30  gd32f4xx_usart.o(i.usart_flag_get)
    usart_interrupt_enable                   0x0801a64d   Thumb Code    26  gd32f4xx_usart.o(i.usart_interrupt_enable)
    usart_interrupt_flag_get                 0x0801a667   Thumb Code    56  gd32f4xx_usart.o(i.usart_interrupt_flag_get)
    usart_parity_config                      0x0801a69f   Thumb Code    16  gd32f4xx_usart.o(i.usart_parity_config)
    usart_receive_config                     0x0801a6af   Thumb Code    16  gd32f4xx_usart.o(i.usart_receive_config)
    usart_stop_bit_set                       0x0801a6bf   Thumb Code    16  gd32f4xx_usart.o(i.usart_stop_bit_set)
    usart_transmit_config                    0x0801a6cf   Thumb Code    16  gd32f4xx_usart.o(i.usart_transmit_config)
    usart_word_length_set                    0x0801a6df   Thumb Code    16  gd32f4xx_usart.o(i.usart_word_length_set)
    F6x8                                     0x0801a8fc   Data         552  oled.o(.constdata)
    F8X16                                    0x0801ab24   Data        1520  oled.o(.constdata)
    asc2_1206                                0x0801b114   Data        1140  oled.o(.constdata)
    asc2_1608                                0x0801b588   Data        1520  oled.o(.constdata)
    asc2_2412                                0x0801bb78   Data        3420  oled.o(.constdata)
    nor_flash0                               0x0801c8d8   Data          56  fal_flash_port.o(.constdata)
    __ctype_table                            0x0801cf08   Data         129  ctype_o.o(.constdata)
    Region$$Table$$Base                      0x0801d228   Number         0  anon$$obj.o(Region$$Table)
    Region$$Table$$Limit                     0x0801d248   Number         0  anon$$obj.o(Region$$Table)
    g_key_stable_level                       0x20000004   Data           4  key.o(.data)
    Key_flag                                 0x20000008   Data           4  key.o(.data)
    CalcCount                                0x2000000c   Data           2  key.o(.data)
    CalcMode                                 0x2000000e   Data           2  key.o(.data)
    LED_Mode                                 0x20000010   Data           1  key.o(.data)
    Count                                    0x20000012   Data           8  key.o(.data)
    prev_real_level                          0x2000001a   Data           4  key.o(.data)
    sd_scr                                   0x20000040   Data           8  sdcard.o(.data)
    data_recv                                0x20000064   Data           1  usart.o(.data)
    usart1_rx_len                            0x20000066   Data           2  usart.o(.data)
    usart1_rx_flag                           0x20000068   Data           1  usart.o(.data)
    msTicks                                  0x2000008c   Data           4  tim6_functimer.o(.data)
    led1_turn_time                           0x20000090   Data           4  tim6_functimer.o(.data)
    adc_sample_start                         0x20000094   Data           4  tim6_functimer.o(.data)
    adc_value                                0x20000098   Data           4  mydma.o(.data)
    SystemCoreClock                          0x2000009c   Data           4  system_gd32f4xx.o(.data)
    oled_idle_refresh_flag                   0x200000a0   Data           1  function.o(.data)
    oled_idle_time                           0x200000a2   Data           2  function.o(.data)
    DEVICE_ID                                0x200000a8   Data           4  function.o(.data)
    sampling_flag                            0x200000ac   Data           1  function.o(.data)
    overlimit_flag                           0x200000ad   Data           1  function.o(.data)
    hide_flag                                0x200000ae   Data           1  function.o(.data)
    ratio_ch0                                0x200000b8   Data           4  app_param.o(.data)
    ratio_ch1                                0x200000bc   Data           4  app_param.o(.data)
    limit_ch0                                0x200000c0   Data           4  app_param.o(.data)
    limit_ch1                                0x200000c4   Data           4  app_param.o(.data)
    dac_volt                                 0x200000c8   Data           4  app_param.o(.data)
    alarm_report_mode                        0x200000cc   Data           1  app_param.o(.data)
    usart1_baud_mode                         0x200000cd   Data           1  app_param.o(.data)
    adc_sample_cycle                         0x200000d0   Data           4  app_param.o(.data)
    exflash_erase_flag                       0x200000d4   Data           1  myflashdb_data.o(.data)
    msg_device_id                            0x20000108   Data           2  msg.o(.data)
    OLED_GRAM                                0x2000010c   Data         576  oled.o(.bss)
    rtc_initpara                             0x2000034c   Data          20  rtc.o(.bss)
    rtc_alarm                                0x20000360   Data          16  rtc.o(.bss)
    usart1_rx_buffer                         0x20002405   Data         256  mydma.o(.bss)
    usart1_tx_buffer                         0x20002505   Data         256  mydma.o(.bss)
    flashdata_db                             0x2000262c   Data         876  myflashdb_data.o(.bss)
    sample_db                                0x20002998   Data         100  myflashdb_log.o(.bss)
    over_db                                  0x200029fc   Data         100  myflashdb_log.o(.bss)
    hide_db                                  0x20002a60   Data         100  myflashdb_log.o(.bss)
    normal_db                                0x20002ac4   Data         100  myflashdb_log.o(.bss)
    __initial_sp                             0x20003ca8   Data           0  startup_gd32f450_470.o(STACK)



==============================================================================

Memory Map of the image

  Image Entry point : 0x080111ad

  Load Region LR_IROM1 (Base: 0x08011000, Size: 0x0000c354, Max: 0x00020000, ABSOLUTE)

    Execution Region ER_IROM1 (Exec base: 0x08011000, Load base: 0x08011000, Size: 0x0000c248, Max: 0x00020000, ABSOLUTE)

    Exec Addr    Load Addr    Size         Type   Attr      Idx    E Section Name        Object

    0x08011000   0x08011000   0x000001ac   Data   RO         2430    RESET               startup_gd32f450_470.o
    0x080111ac   0x080111ac   0x00000000   Code   RO         9191  * .ARM.Collect$$$$00000000  mc_w.l(entry.o)
    0x080111ac   0x080111ac   0x00000004   Code   RO         9544    .ARM.Collect$$$$00000001  mc_w.l(entry2.o)
    0x080111b0   0x080111b0   0x00000004   Code   RO         9547    .ARM.Collect$$$$00000004  mc_w.l(entry5.o)
    0x080111b4   0x080111b4   0x00000000   Code   RO         9549    .ARM.Collect$$$$00000008  mc_w.l(entry7b.o)
    0x080111b4   0x080111b4   0x00000000   Code   RO         9551    .ARM.Collect$$$$0000000A  mc_w.l(entry8b.o)
    0x080111b4   0x080111b4   0x00000008   Code   RO         9552    .ARM.Collect$$$$0000000B  mc_w.l(entry9a.o)
    0x080111bc   0x080111bc   0x00000000   Code   RO         9554    .ARM.Collect$$$$0000000D  mc_w.l(entry10a.o)
    0x080111bc   0x080111bc   0x00000000   Code   RO         9556    .ARM.Collect$$$$0000000F  mc_w.l(entry11a.o)
    0x080111bc   0x080111bc   0x00000004   Code   RO         9545    .ARM.Collect$$$$00002712  mc_w.l(entry2.o)
    0x080111c0   0x080111c0   0x00000024   Code   RO         2431    .text               startup_gd32f450_470.o
    0x080111e4   0x080111e4   0x00000008   Code   RO         9194    .text               mc_w.l(ctype_o.o)
    0x080111ec   0x080111ec   0x000000a8   Code   RO         9222    .text               mc_w.l(mktime.o)
    0x08011294   0x08011294   0x00000024   Code   RO         9225    .text               mc_w.l(memcpya.o)
    0x080112b8   0x080112b8   0x00000024   Code   RO         9227    .text               mc_w.l(memseta.o)
    0x080112dc   0x080112dc   0x00000018   Code   RO         9231    .text               mc_w.l(strncpy.o)
    0x080112f4   0x080112f4   0x0000000e   Code   RO         9233    .text               mc_w.l(strlen.o)
    0x08011302   0x08011302   0x0000001c   Code   RO         9235    .text               mc_w.l(strcmp.o)
    0x0801131e   0x0801131e   0x0000001e   Code   RO         9237    .text               mc_w.l(strncmp.o)
    0x0801133c   0x0801133c   0x0000014e   Code   RO         9530    .text               mf_w.l(dadd.o)
    0x0801148a   0x0801148a   0x000000e4   Code   RO         9532    .text               mf_w.l(dmul.o)
    0x0801156e   0x0801156e   0x00000026   Code   RO         9540    .text               mf_w.l(f2d.o)
    0x08011594   0x08011594   0x0000002c   Code   RO         9561    .text               mc_w.l(uidiv.o)
    0x080115c0   0x080115c0   0x00000062   Code   RO         9563    .text               mc_w.l(uldiv.o)
    0x08011622   0x08011622   0x0000001e   Code   RO         9565    .text               mc_w.l(llshl.o)
    0x08011640   0x08011640   0x00000020   Code   RO         9567    .text               mc_w.l(llushr.o)
    0x08011660   0x08011660   0x00000024   Code   RO         9569    .text               mc_w.l(llsshr.o)
    0x08011684   0x08011684   0x0000008c   Code   RO         9574    .text               mc_w.l(localtime_i.o)
    0x08011710   0x08011710   0x00000000   Code   RO         9579    .text               mc_w.l(iusefp.o)
    0x08011710   0x08011710   0x000000ba   Code   RO         9580    .text               mf_w.l(depilogue.o)
    0x080117ca   0x080117ca   0x000000de   Code   RO         9582    .text               mf_w.l(ddiv.o)
    0x080118a8   0x080118a8   0x00000030   Code   RO         9586    .text               mf_w.l(dfixul.o)
    0x080118d8   0x080118d8   0x00000030   Code   RO         9588    .text               mf_w.l(cdrcmple.o)
    0x08011908   0x08011908   0x00000024   Code   RO         9590    .text               mc_w.l(init.o)
    0x0801192c   0x0801192c   0x00000084   Code   RO         2437    i.AD3344_Config     ad3344.o
    0x080119b0   0x080119b0   0x000000dc   Code   RO         2442    i.AD3344_Init       ad3344.o
    0x08011a8c   0x08011a8c   0x0000002c   Code   RO         2443    i.AD3344_RawToVoltage  ad3344.o
    0x08011ab8   0x08011ab8   0x00000044   Code   RO         2444    i.AD3344_ReadRaw    ad3344.o
    0x08011afc   0x08011afc   0x00000028   Code   RO         2448    i.AD3344_ReadVoltage  ad3344.o
    0x08011b24   0x08011b24   0x00000080   Code   RO         2616    i.ADC_Init          adc.o
    0x08011ba4   0x08011ba4   0x00000016   Code   RO         2617    i.ADC_get           adc.o
    0x08011bba   0x08011bba   0x00000016   Code   RO         2618    i.ADC_get_ch1       adc.o
    0x08011bd0   0x08011bd0   0x0000001c   Code   RO         2619    i.ADC_get_pair      adc.o
    0x08011bec   0x08011bec   0x00000040   Code   RO         2620    i.ADC_port_init     adc.o
    0x08011c2c   0x08011c2c   0x00000004   Code   RO            3    i.BusFault_Handler  gd32f4xx_it.o
    0x08011c30   0x08011c30   0x00000044   Code   RO         9049    i.Calculate_CRC16   msg.o
    0x08011c74   0x08011c74   0x00000080   Code   RO         2165    i.DAC_Init          dac.o
    0x08011cf4   0x08011cf4   0x00000024   Code   RO         2168    i.DAC_Set           dac.o
    0x08011d18   0x08011d18   0x00000024   Code   RO         2169    i.DAC_SetVoltage    dac.o
    0x08011d3c   0x08011d3c   0x00000048   Code   RO         2170    i.DAC_VoltageToData  dac.o
    0x08011d84   0x08011d84   0x00000064   Code   RO         2704    i.DMA_ADC_Init      mydma.o
    0x08011de8   0x08011de8   0x00000002   Code   RO            4    i.DebugMon_Handler  gd32f4xx_it.o
    0x08011dea   0x08011dea   0x00000012   Code   RO         2783    i.EXTI0_IRQHandler  sleep_wake.o
    0x08011dfc   0x08011dfc   0x0000000c   Code   RO         2660    i.Gettim6Time       tim6_functimer.o
    0x08011e08   0x08011e08   0x00000004   Code   RO            5    i.HardFault_Handler  gd32f4xx_it.o
    0x08011e0c   0x08011e0c   0x00000058   Code   RO          506    i.I2C_Start         oled.o
    0x08011e64   0x08011e64   0x00000048   Code   RO          507    i.I2C_Stop          oled.o
    0x08011eac   0x08011eac   0x00000080   Code   RO          508    i.I2C_WaitAck       oled.o
    0x08011f2c   0x08011f2c   0x00000018   Code   RO          509    i.IIC_delay         oled.o
    0x08011f44   0x08011f44   0x0000009c   Code   RO          399    i.Key_Debounce_Tick  key.o
    0x08011fe0   0x08011fe0   0x0000000c   Code   RO          400    i.Key_GetState      key.o
    0x08011fec   0x08011fec   0x0000000c   Code   RO          402    i.Key_Tick          key.o
    0x08011ff8   0x08011ff8   0x00000038   Code   RO          455    i.LED_Init          led.o
    0x08012030   0x08012030   0x00000004   Code   RO            6    i.MemManage_Handler  gd32f4xx_it.o
    0x08012034   0x08012034   0x00000002   Code   RO            7    i.NMI_Handler       gd32f4xx_it.o
    0x08012036   0x08012036   0x00000002   PAD
    0x08012038   0x08012038   0x00000028   Code   RO          355    i.NVIC_SetPriority  systick.o
    0x08012060   0x08012060   0x00000028   Code   RO         8829    i.NVIC_SystemReset  msg_app.o
    0x08012088   0x08012088   0x00000030   Code   RO          510    i.OLED_Clear        oled.o
    0x080120b8   0x080120b8   0x00000060   Code   RO          511    i.OLED_ClearPoint   oled.o
    0x08012118   0x08012118   0x0000003c   Code   RO          518    i.OLED_DrawPoint    oled.o
    0x08012154   0x08012154   0x0000014c   Code   RO          519    i.OLED_Init         oled.o
    0x080122a0   0x080122a0   0x0000004c   Code   RO          522    i.OLED_Refresh      oled.o
    0x080122ec   0x080122ec   0x000000fc   Code   RO          524    i.OLED_ShowChar     oled.o
    0x080123e8   0x080123e8   0x00000042   Code   RO          529    i.OLED_ShowString   oled.o
    0x0801242a   0x0801242a   0x00000038   Code   RO          531    i.OLED_WR_Byte      oled.o
    0x08012462   0x08012462   0x00000002   PAD
    0x08012464   0x08012464   0x0000004c   Code   RO         2785    i.PA0_wakeup_init   sleep_wake.o
    0x080124b0   0x080124b0   0x00000046   Code   RO         8518    i.PT100_Read        pt100.o
    0x080124f6   0x080124f6   0x00000018   Code   RO         8520    i.PT100_ResistanceToTemp  pt100.o
    0x0801250e   0x0801250e   0x00000002   PAD
    0x08012510   0x08012510   0x0000003c   Code   RO         8521    i.PT100_VoltageToResistance  pt100.o
    0x0801254c   0x0801254c   0x00000002   Code   RO            8    i.PendSV_Handler    gd32f4xx_it.o
    0x0801254e   0x0801254e   0x00000002   PAD
    0x08012550   0x08012550   0x000000a4   Code   RO          700    i.RTC_Init          rtc.o
    0x080125f4   0x080125f4   0x000000b0   Code   RO         2786    i.RTC_SetWakeup     sleep_wake.o
    0x080126a4   0x080126a4   0x00000030   Code   RO         2787    i.RTC_WKUP_IRQHandler  sleep_wake.o
    0x080126d4   0x080126d4   0x00000008   Code   RO            9    i.SDIO_IRQHandler   gd32f4xx_it.o
    0x080126dc   0x080126dc   0x00000002   Code   RO           10    i.SVC_Handler       gd32f4xx_it.o
    0x080126de   0x080126de   0x00000002   PAD
    0x080126e0   0x080126e0   0x0000005c   Code   RO          532    i.Send_Byte         oled.o
    0x0801273c   0x0801273c   0x00000008   Code   RO           11    i.SysTick_Handler   gd32f4xx_it.o
    0x08012744   0x08012744   0x000000d4   Code   RO         8337    i.SystemInit        system_gd32f4xx.o
    0x08012818   0x08012818   0x00000060   Code   RO         2661    i.TIMER6_IRQHandler  tim6_functimer.o
    0x08012878   0x08012878   0x00000024   Code   RO         1089    i.USART1_ClearRxBuf  usart.o
    0x0801289c   0x0801289c   0x00000020   Code   RO         2706    i.USART1_DMA_All_Init  mydma.o
    0x080128bc   0x080128bc   0x00000058   Code   RO         1090    i.USART1_IRQHandler  usart.o
    0x08012914   0x08012914   0x0000011c   Code   RO         1091    i.USART1_Init       usart.o
    0x08012a30   0x08012a30   0x00000080   Code   RO         1092    i.USART1_SendData   usart.o
    0x08012ab0   0x08012ab0   0x00000004   Code   RO           12    i.UsageFault_Handler  gd32f4xx_it.o
    0x08012ab4   0x08012ab4   0x0000002c   Code   RO         9479    i.__0vsnprintf      mc_w.l(printfa.o)
    0x08012ae0   0x08012ae0   0x0000000e   Code   RO         9596    i.__scatterload_copy  mc_w.l(handlers.o)
    0x08012aee   0x08012aee   0x00000002   Code   RO         9597    i.__scatterload_null  mc_w.l(handlers.o)
    0x08012af0   0x08012af0   0x0000000e   Code   RO         9598    i.__scatterload_zeroinit  mc_w.l(handlers.o)
    0x08012afe   0x08012afe   0x00000064   Code   RO         2073    i._fdb_continue_ff_addr  fdb_utils.o
    0x08012b62   0x08012b62   0x0000002a   Code   RO         2074    i._fdb_flash_erase  fdb_utils.o
    0x08012b8c   0x08012b8c   0x00000032   Code   RO         2075    i._fdb_flash_read   fdb_utils.o
    0x08012bbe   0x08012bbe   0x00000036   Code   RO         2076    i._fdb_flash_write  fdb_utils.o
    0x08012bf4   0x08012bf4   0x0000005e   Code   RO         2077    i._fdb_flash_write_align  fdb_utils.o
    0x08012c52   0x08012c52   0x0000002a   Code   RO         2078    i._fdb_get_status   fdb_utils.o
    0x08012c7c   0x08012c7c   0x000000aa   Code   RO         1697    i._fdb_init_ex      fdb.o
    0x08012d26   0x08012d26   0x00000002   PAD
    0x08012d28   0x08012d28   0x0000001c   Code   RO         1698    i._fdb_init_finish  fdb.o
    0x08012d44   0x08012d44   0x00000098   Code   RO         1749    i._fdb_kv_load      fdb_kvdb.o
    0x08012ddc   0x08012ddc   0x00000032   Code   RO         2079    i._fdb_read_status  fdb_utils.o
    0x08012e0e   0x08012e0e   0x0000002e   Code   RO         2080    i._fdb_set_status   fdb_utils.o
    0x08012e3c   0x08012e3c   0x0000004e   Code   RO         2081    i._fdb_write_status  fdb_utils.o
    0x08012e8a   0x08012e8a   0x00000002   PAD
    0x08012e8c   0x08012e8c   0x00000184   Code   RO         9481    i._fp_digits        mc_w.l(printfa.o)
    0x08013010   0x08013010   0x000006dc   Code   RO         9482    i._printf_core      mc_w.l(printfa.o)
    0x080136ec   0x080136ec   0x00000024   Code   RO         9483    i._printf_post_padding  mc_w.l(printfa.o)
    0x08013710   0x08013710   0x0000002e   Code   RO         9484    i._printf_pre_padding  mc_w.l(printfa.o)
    0x0801373e   0x0801373e   0x00000016   Code   RO         9485    i._snputc           mc_w.l(printfa.o)
    0x08013754   0x08013754   0x0000003c   Code   RO         2455    i.ad3344_conversion_delay_ms  ad3344.o
    0x08013790   0x08013790   0x0000001a   Code   RO         2456    i.ad3344_delay_us   ad3344.o
    0x080137aa   0x080137aa   0x00000002   PAD
    0x080137ac   0x080137ac   0x0000007c   Code   RO         2457    i.ad3344_effective_full_scale  ad3344.o
    0x08013828   0x08013828   0x00000022   Code   RO         2458    i.ad3344_init_private_registers  ad3344.o
    0x0801384a   0x0801384a   0x00000002   PAD
    0x0801384c   0x0801384c   0x00000024   Code   RO         2459    i.ad3344_make_config  ad3344.o
    0x08013870   0x08013870   0x0000005c   Code   RO         2460    i.ad3344_read_private_register  ad3344.o
    0x080138cc   0x080138cc   0x00000058   Code   RO         2461    i.ad3344_transfer16  ad3344.o
    0x08013924   0x08013924   0x00000038   Code   RO         2462    i.ad3344_wait_ready  ad3344.o
    0x0801395c   0x0801395c   0x00000028   Code   RO         2463    i.ad3344_wait_spi_idle  ad3344.o
    0x08013984   0x08013984   0x0000003c   Code   RO         2464    i.ad3344_write16    ad3344.o
    0x080139c0   0x080139c0   0x00000048   Code   RO         2465    i.ad3344_write_private_register  ad3344.o
    0x08013a08   0x08013a08   0x0000002a   Code   RO         2856    i.adc_calibration_enable  gd32f4xx_adc.o
    0x08013a32   0x08013a32   0x00000052   Code   RO         2858    i.adc_channel_length_config  gd32f4xx_adc.o
    0x08013a84   0x08013a84   0x00000024   Code   RO         2859    i.adc_clock_config  gd32f4xx_adc.o
    0x08013aa8   0x08013aa8   0x00000016   Code   RO         2860    i.adc_data_alignment_config  gd32f4xx_adc.o
    0x08013abe   0x08013abe   0x00000014   Code   RO         2861    i.adc_deinit        gd32f4xx_adc.o
    0x08013ad2   0x08013ad2   0x0000000a   Code   RO         2865    i.adc_dma_mode_enable  gd32f4xx_adc.o
    0x08013adc   0x08013adc   0x0000000a   Code   RO         2867    i.adc_dma_request_after_last_enable  gd32f4xx_adc.o
    0x08013ae6   0x08013ae6   0x00000012   Code   RO         2868    i.adc_enable        gd32f4xx_adc.o
    0x08013af8   0x08013af8   0x00000034   Code   RO         2870    i.adc_external_trigger_config  gd32f4xx_adc.o
    0x08013b2c   0x08013b2c   0x0000003a   Code   RO         2882    i.adc_oversample_mode_config  gd32f4xx_adc.o
    0x08013b66   0x08013b66   0x0000000e   Code   RO         2884    i.adc_oversample_mode_enable  gd32f4xx_adc.o
    0x08013b74   0x08013b74   0x000000ac   Code   RO         2886    i.adc_routine_channel_config  gd32f4xx_adc.o
    0x08013c20   0x08013c20   0x00000024   Code   RO         2889    i.adc_software_trigger_enable  gd32f4xx_adc.o
    0x08013c44   0x08013c44   0x0000005a   Code   RO         2890    i.adc_special_function_config  gd32f4xx_adc.o
    0x08013c9e   0x08013c9e   0x00000002   PAD
    0x08013ca0   0x08013ca0   0x00000098   Code   RO         1750    i.alloc_kv          fdb_kvdb.o
    0x08013d38   0x08013d38   0x00000038   Code   RO         1751    i.alloc_kv_cb       fdb_kvdb.o
    0x08013d70   0x08013d70   0x0000004c   Code   RO         8696    i.append_over_log_ch  myflashdb_log.o
    0x08013dbc   0x08013dbc   0x00000090   Code   RO         8588    i.boot_param_set_flag  app_param.o
    0x08013e4c   0x08013e4c   0x00000028   Code   RO         1752    i.check_and_recovery_gc_cb  fdb_kvdb.o
    0x08013e74   0x08013e74   0x00000060   Code   RO         1753    i.check_and_recovery_kv_cb  fdb_kvdb.o
    0x08013ed4   0x08013ed4   0x00000098   Code   RO         1619    i.check_and_update_part_cache  fal_partition.o
    0x08013f6c   0x08013f6c   0x00000026   Code   RO         1754    i.check_oldest_addr_cb  fdb_kvdb.o
    0x08013f92   0x08013f92   0x00000036   Code   RO         1755    i.check_sec_hdr_cb  fdb_kvdb.o
    0x08013fc8   0x08013fc8   0x00000066   Code   RO         2267    i.check_sec_hdr_cb  fdb_tsdb.o
    0x0801402e   0x0801402e   0x00000002   PAD
    0x08014030   0x08014030   0x00000010   Code   RO         8701    i.clear_all_over_logs  myflashdb_log.o
    0x08014040   0x08014040   0x000001ac   Code   RO         1756    i.create_kv_blob    fdb_kvdb.o
    0x080141ec   0x080141ec   0x00000040   Code   RO         3518    i.dac_data_set      gd32f4xx_dac.o
    0x0801422c   0x0801422c   0x00000028   Code   RO         3519    i.dac_deinit        gd32f4xx_dac.o
    0x08014254   0x08014254   0x0000001a   Code   RO         3523    i.dac_enable        gd32f4xx_dac.o
    0x0801426e   0x0801426e   0x0000001a   Code   RO         3532    i.dac_output_buffer_enable  gd32f4xx_dac.o
    0x08014288   0x08014288   0x00000024   Code   RO         8460    i.data_adc_raw_to_volt  data_process.o
    0x080142ac   0x080142ac   0x00000124   Code   RO         8614    i.data_config_check  myflashdb_data.o
    0x080143d0   0x080143d0   0x00000048   Code   RO         8615    i.data_config_default  myflashdb_data.o
    0x08014418   0x08014418   0x0000001c   Code   RO         8461    i.data_get_ch0_value  data_process.o
    0x08014434   0x08014434   0x0000001c   Code   RO         8462    i.data_get_ch1_value  data_process.o
    0x08014450   0x08014450   0x00000012   Code   RO         8463    i.data_is_over_limit  data_process.o
    0x08014462   0x08014462   0x00000002   PAD
    0x08014464   0x08014464   0x00000048   Code   RO         8464    i.data_update_overlimit  data_process.o
    0x080144ac   0x080144ac   0x00000102   Code   RO         1757    i.del_kv            fdb_kvdb.o
    0x080145ae   0x080145ae   0x00000002   PAD
    0x080145b0   0x080145b0   0x00000014   Code   RO          356    i.delay_1ms         systick.o
    0x080145c4   0x080145c4   0x00000018   Code   RO          357    i.delay_decrement   systick.o
    0x080145dc   0x080145dc   0x00000020   Code   RO         3896    i.dma_channel_disable  gd32f4xx_dma.o
    0x080145fc   0x080145fc   0x00000020   Code   RO         3897    i.dma_channel_enable  gd32f4xx_dma.o
    0x0801461c   0x0801461c   0x00000026   Code   RO         3898    i.dma_channel_subperipheral_select  gd32f4xx_dma.o
    0x08014642   0x08014642   0x000000a6   Code   RO         3901    i.dma_deinit        gd32f4xx_dma.o
    0x080146e8   0x080146e8   0x0000002e   Code   RO         2707    i.dma_enable        mydma.o
    0x08014716   0x08014716   0x0000003e   Code   RO         3903    i.dma_flag_clear    gd32f4xx_dma.o
    0x08014754   0x08014754   0x0000004c   Code   RO         3904    i.dma_flag_get      gd32f4xx_dma.o
    0x080147a0   0x080147a0   0x00000158   Code   RO         3921    i.dma_single_data_mode_init  gd32f4xx_dma.o
    0x080148f8   0x080148f8   0x00000010   Code   RO         3926    i.dma_transfer_number_config  gd32f4xx_dma.o
    0x08014908   0x08014908   0x00000010   Code   RO         3927    i.dma_transfer_number_get  gd32f4xx_dma.o
    0x08014918   0x08014918   0x00000060   Code   RO         2708    i.dma_usart1_rx_config  mydma.o
    0x08014978   0x08014978   0x0000005c   Code   RO         2709    i.dma_usart_tx_config  mydma.o
    0x080149d4   0x080149d4   0x000000be   Code   RO         1758    i.do_gc             fdb_kvdb.o
    0x08014a92   0x08014a92   0x00000012   Code   RO         1566    i.erase             fal_flash_port.o
    0x08014aa4   0x08014aa4   0x000000bc   Code   RO         4924    i.exti_init         gd32f4xx_exti.o
    0x08014b60   0x08014b60   0x00000010   Code   RO         4926    i.exti_interrupt_enable  gd32f4xx_exti.o
    0x08014b70   0x08014b70   0x0000000c   Code   RO         4927    i.exti_interrupt_flag_clear  gd32f4xx_exti.o
    0x08014b7c   0x08014b7c   0x00000018   Code   RO         4928    i.exti_interrupt_flag_get  gd32f4xx_exti.o
    0x08014b94   0x08014b94   0x00000030   Code   RO         1532    i.fal_flash_device_find  fal_flash.o
    0x08014bc4   0x08014bc4   0x0000003c   Code   RO         1533    i.fal_flash_init    fal_flash.o
    0x08014c00   0x08014c00   0x00000034   Code   RO         1480    i.fal_init          fal.o
    0x08014c34   0x08014c34   0x00000128   Code   RO         1621    i.fal_partition_erase  fal_partition.o
    0x08014d5c   0x08014d5c   0x0000003c   Code   RO         1623    i.fal_partition_find  fal_partition.o
    0x08014d98   0x08014d98   0x00000048   Code   RO         1624    i.fal_partition_init  fal_partition.o
    0x08014de0   0x08014de0   0x00000130   Code   RO         1625    i.fal_partition_read  fal_partition.o
    0x08014f10   0x08014f10   0x00000134   Code   RO         1626    i.fal_partition_write  fal_partition.o
    0x08015044   0x08015044   0x00000006   Code   RO         2082    i.fdb_blob_make     fdb_utils.o
    0x0801504a   0x0801504a   0x00000002   PAD
    0x0801504c   0x0801504c   0x0000002c   Code   RO         2084    i.fdb_calc_crc32    fdb_utils.o
    0x08015078   0x08015078   0x0000001e   Code   RO         1759    i.fdb_is_str        fdb_kvdb.o
    0x08015096   0x08015096   0x0000003e   Code   RO         1760    i.fdb_kv_del        fdb_kvdb.o
    0x080150d4   0x080150d4   0x0000004c   Code   RO         1761    i.fdb_kv_get        fdb_kvdb.o
    0x08015120   0x08015120   0x00000046   Code   RO         1762    i.fdb_kv_get_blob   fdb_kvdb.o
    0x08015166   0x08015166   0x0000003c   Code   RO         1767    i.fdb_kv_set        fdb_kvdb.o
    0x080151a2   0x080151a2   0x00000044   Code   RO         1768    i.fdb_kv_set_blob   fdb_kvdb.o
    0x080151e6   0x080151e6   0x000000d4   Code   RO         1769    i.fdb_kv_set_default  fdb_kvdb.o
    0x080152ba   0x080152ba   0x00000002   PAD
    0x080152bc   0x080152bc   0x0000011c   Code   RO         1774    i.fdb_kvdb_init     fdb_kvdb.o
    0x080153d8   0x080153d8   0x00000144   Code   RO         2270    i.fdb_tsdb_init     fdb_tsdb.o
    0x0801551c   0x0801551c   0x0000003c   Code   RO         2271    i.fdb_tsl_append    fdb_tsdb.o
    0x08015558   0x08015558   0x00000028   Code   RO         2273    i.fdb_tsl_clean     fdb_tsdb.o
    0x08015580   0x08015580   0x00000050   Code   RO         1775    i.find_kv           fdb_kvdb.o
    0x080155d0   0x080155d0   0x00000046   Code   RO         1776    i.find_kv_cb        fdb_kvdb.o
    0x08015616   0x08015616   0x00000002   PAD
    0x08015618   0x08015618   0x00000028   Code   RO         1777    i.find_kv_no_cache  fdb_kvdb.o
    0x08015640   0x08015640   0x000000ac   Code   RO         1778    i.find_next_kv_addr  fdb_kvdb.o
    0x080156ec   0x080156ec   0x0000001c   Code   RO         1629    i.flash_device_find_by_part  fal_partition.o
    0x08015708   0x08015708   0x000000f4   Code   RO         8703    i.flash_log_init    myflashdb_log.o
    0x080157fc   0x080157fc   0x00000070   Code   RO         8617    i.flashdata_init    myflashdb_data.o
    0x0801586c   0x0801586c   0x0000000c   Code   RO         5008    i.fmc_flag_clear    gd32f4xx_fmc.o
    0x08015878   0x08015878   0x00000014   Code   RO         5015    i.fmc_lock          gd32f4xx_fmc.o
    0x0801588c   0x0801588c   0x0000007c   Code   RO         5017    i.fmc_page_erase    gd32f4xx_fmc.o
    0x08015908   0x08015908   0x00000020   Code   RO         5018    i.fmc_ready_wait    gd32f4xx_fmc.o
    0x08015928   0x08015928   0x0000004c   Code   RO         5020    i.fmc_state_get     gd32f4xx_fmc.o
    0x08015974   0x08015974   0x00000024   Code   RO         5021    i.fmc_unlock        gd32f4xx_fmc.o
    0x08015998   0x08015998   0x00000054   Code   RO         5022    i.fmc_word_program  gd32f4xx_fmc.o
    0x080159ec   0x080159ec   0x0000001a   Code   RO         2280    i.format_all_cb     fdb_tsdb.o
    0x08015a06   0x08015a06   0x00000002   PAD
    0x08015a08   0x08015a08   0x000000a8   Code   RO         1779    i.format_sector     fdb_kvdb.o
    0x08015ab0   0x08015ab0   0x00000080   Code   RO         2281    i.format_sector     fdb_tsdb.o
    0x08015b30   0x08015b30   0x0000000c   Code   RO         8378    i.function_idle_refresh_request  function.o
    0x08015b3c   0x08015b3c   0x0000001c   Code   RO         8379    i.function_is_power_on_reset  function.o
    0x08015b58   0x08015b58   0x00000074   Code   RO         8380    i.function_led_update  function.o
    0x08015bcc   0x08015bcc   0x00000016   Code   RO         8381    i.function_nvic_config  function.o
    0x08015be2   0x08015be2   0x00000002   PAD
    0x08015be4   0x08015be4   0x00000038   Code   RO         8382    i.function_oled_show_idle  function.o
    0x08015c1c   0x08015c1c   0x000000a4   Code   RO         8383    i.function_param_load  function.o
    0x08015cc0   0x08015cc0   0x0000000c   Code   RO         8384    i.function_sample_state_get  function.o
    0x08015ccc   0x08015ccc   0x00000014   Code   RO         8385    i.function_sample_state_set  function.o
    0x08015ce0   0x08015ce0   0x0000001a   Code   RO         1780    i.gc_check_cb       fdb_kvdb.o
    0x08015cfa   0x08015cfa   0x0000000e   Code   RO         1781    i.gc_collect        fdb_kvdb.o
    0x08015d08   0x08015d08   0x0000005c   Code   RO         1782    i.gc_collect_by_free_size  fdb_kvdb.o
    0x08015d64   0x08015d64   0x00000024   Code   RO         8704    i.get_current_time  myflashdb_log.o
    0x08015d88   0x08015d88   0x00000050   Code   RO         8618    i.get_data_config   myflashdb_data.o
    0x08015dd8   0x08015dd8   0x0000004e   Code   RO         1783    i.get_kv            fdb_kvdb.o
    0x08015e26   0x08015e26   0x000000c2   Code   RO         1784    i.get_kv_from_cache  fdb_kvdb.o
    0x08015ee8   0x08015ee8   0x0000007a   Code   RO         1785    i.get_next_kv_addr  fdb_kvdb.o
    0x08015f62   0x08015f62   0x0000003a   Code   RO         1786    i.get_next_sector_addr  fdb_kvdb.o
    0x08015f9c   0x08015f9c   0x0000002c   Code   RO         2284    i.get_next_sector_addr  fdb_tsdb.o
    0x08015fc8   0x08015fc8   0x0000003c   Code   RO         8619    i.get_power_count   myflashdb_data.o
    0x08016004   0x08016004   0x00000034   Code   RO         1787    i.get_sector_from_cache  fdb_kvdb.o
    0x08016038   0x08016038   0x00000060   Code   RO         8620    i.get_team_number   myflashdb_data.o
    0x08016098   0x08016098   0x000000b8   Code   RO         8465    i.get_unix_time     data_process.o
    0x08016150   0x08016150   0x00000018   Code   RO         2710    i.get_usart1_rx_len  mydma.o
    0x08016168   0x08016168   0x0000005e   Code   RO         5315    i.gpio_af_set       gd32f4xx_gpio.o
    0x080161c6   0x080161c6   0x00000004   Code   RO         5316    i.gpio_bit_reset    gd32f4xx_gpio.o
    0x080161ca   0x080161ca   0x00000004   Code   RO         5317    i.gpio_bit_set      gd32f4xx_gpio.o
    0x080161ce   0x080161ce   0x00000010   Code   RO         5321    i.gpio_input_bit_get  gd32f4xx_gpio.o
    0x080161de   0x080161de   0x0000004e   Code   RO         5323    i.gpio_mode_set     gd32f4xx_gpio.o
    0x0801622c   0x0801622c   0x00000042   Code   RO         5325    i.gpio_output_options_set  gd32f4xx_gpio.o
    0x0801626e   0x0801626e   0x0000000a   Code   RO         1567    i.init              fal_flash_port.o
    0x08016278   0x08016278   0x000002b8   Code   RO          403    i.key_Check_Tick    key.o
    0x08016530   0x08016530   0x00000092   Code   RO         1788    i.kv_iterator       fdb_kvdb.o
    0x080165c2   0x080165c2   0x00000002   PAD
    0x080165c4   0x080165c4   0x00000038   Code   RO          458    i.led1_turn         led.o
    0x080165fc   0x080165fc   0x00000014   Code   RO          459    i.led2_off          led.o
    0x08016610   0x08016610   0x00000014   Code   RO          460    i.led2_on           led.o
    0x08016624   0x08016624   0x0000000e   Code   RO          206    i.main              main.o
    0x08016632   0x08016632   0x0000012e   Code   RO         1789    i.move_kv           fdb_kvdb.o
    0x08016760   0x08016760   0x00000020   Code   RO         9050    i.msg_addr_match    msg.o
    0x08016780   0x08016780   0x00000098   Code   RO         8830    i.msg_alarm_check   msg_app.o
    0x08016818   0x08016818   0x00000078   Code   RO         8831    i.msg_app_after_send  msg_app.o
    0x08016890   0x08016890   0x000000a0   Code   RO         8832    i.msg_app_alarm_print  msg_app.o
    0x08016930   0x08016930   0x0000000c   Code   RO         8833    i.msg_app_auto_report_is_active  msg_app.o
    0x0801693c   0x0801693c   0x00000034   Code   RO         8834    i.msg_app_auto_report_poll  msg_app.o
    0x08016970   0x08016970   0x00000070   Code   RO         8835    i.msg_app_handle_cmd  msg_app.o
    0x080169e0   0x080169e0   0x0000000c   Code   RO         8836    i.msg_app_reset_alarm_state  msg_app.o
    0x080169ec   0x080169ec   0x00000064   Code   RO         9051    i.msg_ascii_start_is_frame  msg.o
    0x08016a50   0x08016a50   0x000000b2   Code   RO         9052    i.msg_ascii_to_raw  msg.o
    0x08016b02   0x08016b02   0x00000002   PAD
    0x08016b04   0x08016b04   0x0000009c   Code   RO         8837    i.msg_build_auto_report  msg_app.o
    0x08016ba0   0x08016ba0   0x0000001c   Code   RO         9053    i.msg_build_error   msg.o
    0x08016bbc   0x08016bbc   0x000000bc   Code   RO         9054    i.msg_build_frame   msg.o
    0x08016c78   0x08016c78   0x00000020   Code   RO         9055    i.msg_build_ok      msg.o
    0x08016c98   0x08016c98   0x00000038   Code   RO         8838    i.msg_cmd_auto_start  msg_app.o
    0x08016cd0   0x08016cd0   0x00000044   Code   RO         8839    i.msg_cmd_auto_stop  msg_app.o
    0x08016d14   0x08016d14   0x00000030   Code   RO         8840    i.msg_cmd_clear_alarm_logs  msg_app.o
    0x08016d44   0x08016d44   0x00000036   Code   RO         8841    i.msg_cmd_enter_upgrade  msg_app.o
    0x08016d7a   0x08016d7a   0x00000002   PAD
    0x08016d7c   0x08016d7c   0x00000020   Code   RO         8842    i.msg_cmd_get_alarm_logs  msg_app.o
    0x08016d9c   0x08016d9c   0x00000028   Code   RO         8843    i.msg_cmd_get_baud  msg_app.o
    0x08016dc4   0x08016dc4   0x00000058   Code   RO         8844    i.msg_cmd_get_ch0   msg_app.o
    0x08016e1c   0x08016e1c   0x00000058   Code   RO         8845    i.msg_cmd_get_ch1   msg_app.o
    0x08016e74   0x08016e74   0x00000038   Code   RO         8846    i.msg_cmd_get_ch2   msg_app.o
    0x08016eac   0x08016eac   0x00000028   Code   RO         8847    i.msg_cmd_get_id    msg_app.o
    0x08016ed4   0x08016ed4   0x0000002c   Code   RO         8848    i.msg_cmd_get_limit0  msg_app.o
    0x08016f00   0x08016f00   0x0000002c   Code   RO         8849    i.msg_cmd_get_limit1  msg_app.o
    0x08016f2c   0x08016f2c   0x0000003c   Code   RO         8850    i.msg_cmd_get_limits  msg_app.o
    0x08016f68   0x08016f68   0x0000002c   Code   RO         8851    i.msg_cmd_get_time  msg_app.o
    0x08016f94   0x08016f94   0x00000018   Code   RO         8852    i.msg_cmd_reboot    msg_app.o
    0x08016fac   0x08016fac   0x0000004c   Code   RO         8853    i.msg_cmd_set_alarm_report  msg_app.o
    0x08016ff8   0x08016ff8   0x00000054   Code   RO         8854    i.msg_cmd_set_baud  msg_app.o
    0x0801704c   0x0801704c   0x00000068   Code   RO         8855    i.msg_cmd_set_dac   msg_app.o
    0x080170b4   0x080170b4   0x00000050   Code   RO         8856    i.msg_cmd_set_id    msg_app.o
    0x08017104   0x08017104   0x00000070   Code   RO         8857    i.msg_cmd_set_limit0  msg_app.o
    0x08017174   0x08017174   0x00000070   Code   RO         8858    i.msg_cmd_set_limit1  msg_app.o
    0x080171e4   0x080171e4   0x00000070   Code   RO         8859    i.msg_cmd_set_ratio_ch0  msg_app.o
    0x08017254   0x08017254   0x00000070   Code   RO         8860    i.msg_cmd_set_ratio_ch1  msg_app.o
    0x080172c4   0x080172c4   0x00000078   Code   RO         8861    i.msg_cmd_set_sample_cycle  msg_app.o
    0x0801733c   0x0801733c   0x00000024   Code   RO         8862    i.msg_cmd_set_time  msg_app.o
    0x08017360   0x08017360   0x00000030   Code   RO         8863    i.msg_cmd_sleep     msg_app.o
    0x08017390   0x08017390   0x00000034   Code   RO         8864    i.msg_cmd_version   msg_app.o
    0x080173c4   0x080173c4   0x0000003c   Code   RO         9056    i.msg_hex_to_nibble  msg.o
    0x08017400   0x08017400   0x0000001a   Code   RO         9057    i.msg_nibble_to_hex  msg.o
    0x0801741a   0x0801741a   0x000000aa   Code   RO         9058    i.msg_parse_raw     msg.o
    0x080174c4   0x080174c4   0x00000118   Code   RO         9059    i.msg_poll          msg.o
    0x080175dc   0x080175dc   0x00000052   Code   RO         9060    i.msg_raw_to_ascii  msg.o
    0x0801762e   0x0801762e   0x00000012   Code   RO         9061    i.msg_read_float    msg.o
    0x08017640   0x08017640   0x0000000c   Code   RO         9062    i.msg_read_u16      msg.o
    0x0801764c   0x0801764c   0x00000018   Code   RO         9063    i.msg_read_u32      msg.o
    0x08017664   0x08017664   0x0000001c   Code   RO         9064    i.msg_send_current  msg.o
    0x08017680   0x08017680   0x00000024   Code   RO         9065    i.msg_send_heartbeat  msg.o
    0x080176a4   0x080176a4   0x00000014   Code   RO         9066    i.msg_send_string   msg.o
    0x080176b8   0x080176b8   0x00000124   Code   RO         8865    i.msg_set_time_by_unix  msg_app.o
    0x080177dc   0x080177dc   0x00000020   Code   RO         8866    i.msg_wait_adc_boot_ready  msg_app.o
    0x080177fc   0x080177fc   0x00000012   Code   RO         9067    i.msg_write_float   msg.o
    0x0801780e   0x0801780e   0x00000008   Code   RO         9068    i.msg_write_u16     msg.o
    0x08017816   0x08017816   0x00000010   Code   RO         9069    i.msg_write_u32     msg.o
    0x08017826   0x08017826   0x00000044   Code   RO         1790    i.new_kv            fdb_kvdb.o
    0x0801786a   0x0801786a   0x00000024   Code   RO         1791    i.new_kv_ex         fdb_kvdb.o
    0x0801788e   0x0801788e   0x00000002   PAD
    0x08017890   0x08017890   0x000000c4   Code   RO         5888    i.nvic_irq_enable   gd32f4xx_misc.o
    0x08017954   0x08017954   0x00000014   Code   RO         5889    i.nvic_priority_group_set  gd32f4xx_misc.o
    0x08017968   0x08017968   0x00000018   Code   RO         8386    i.oled_idle_refresh  function.o
    0x08017980   0x08017980   0x00000014   Code   RO         5945    i.pmu_backup_write_enable  gd32f4xx_pmu.o
    0x08017994   0x08017994   0x00000030   Code   RO         5947    i.pmu_flag_clear    gd32f4xx_pmu.o
    0x080179c4   0x080179c4   0x000000f4   Code   RO         5959    i.pmu_to_deepsleepmode  gd32f4xx_pmu.o
    0x08017ab8   0x08017ab8   0x00000014   Code   RO         5963    i.pmu_wakeup_pin_enable  gd32f4xx_pmu.o
    0x08017acc   0x08017acc   0x000000e0   Code   RO         8522    i.pt100_piecewise_quadratic_fit  pt100.o
    0x08017bac   0x08017bac   0x000000c8   Code   RO         8523    i.pt100_read_voltage_filtered  pt100.o
    0x08017c74   0x08017c74   0x000000a8   Code   RO         8524    i.pt100_res_table_interp  pt100.o
    0x08017d1c   0x08017d1c   0x00000060   Code   RO         8525    i.pt100_snap_resistance  pt100.o
    0x08017d7c   0x08017d7c   0x00000058   Code   RO         8526    i.pt100_sort_samples  pt100.o
    0x08017dd4   0x08017dd4   0x00000084   Code   RO          778    i.r1_error_check    sdcard.o
    0x08017e58   0x08017e58   0x000000ae   Code   RO          779    i.r1_error_type_check  sdcard.o
    0x08017f06   0x08017f06   0x00000002   PAD
    0x08017f08   0x08017f08   0x00000014   Code   RO         6085    i.rcu_all_reset_flag_clear  gd32f4xx_rcu.o
    0x08017f1c   0x08017f1c   0x00000124   Code   RO         6093    i.rcu_clock_freq_get  gd32f4xx_rcu.o
    0x08018040   0x08018040   0x00000024   Code   RO         6096    i.rcu_flag_get      gd32f4xx_rcu.o
    0x08018064   0x08018064   0x00000024   Code   RO         6109    i.rcu_osci_on       gd32f4xx_rcu.o
    0x08018088   0x08018088   0x0000015c   Code   RO         6110    i.rcu_osci_stab_wait  gd32f4xx_rcu.o
    0x080181e4   0x080181e4   0x00000024   Code   RO         6112    i.rcu_periph_clock_enable  gd32f4xx_rcu.o
    0x08018208   0x08018208   0x00000024   Code   RO         6115    i.rcu_periph_reset_disable  gd32f4xx_rcu.o
    0x0801822c   0x0801822c   0x00000024   Code   RO         6116    i.rcu_periph_reset_enable  gd32f4xx_rcu.o
    0x08018250   0x08018250   0x00000018   Code   RO         6121    i.rcu_rtc_clock_config  gd32f4xx_rcu.o
    0x08018268   0x08018268   0x00000016   Code   RO         1568    i.read              fal_flash_port.o
    0x0801827e   0x0801827e   0x0000014c   Code   RO         1793    i.read_kv           fdb_kvdb.o
    0x080183ca   0x080183ca   0x00000002   PAD
    0x080183cc   0x080183cc   0x0000018c   Code   RO         1794    i.read_sector_info  fdb_kvdb.o
    0x08018558   0x08018558   0x00000128   Code   RO         2287    i.read_sector_info  fdb_tsdb.o
    0x08018680   0x08018680   0x0000004a   Code   RO         2288    i.read_tsl          fdb_tsdb.o
    0x080186ca   0x080186ca   0x00000002   PAD
    0x080186cc   0x080186cc   0x00000030   Code   RO         2712    i.reset_usart1_rx_dma  mydma.o
    0x080186fc   0x080186fc   0x000000b8   Code   RO         1093    i.rs485_printf      usart.o
    0x080187b4   0x080187b4   0x00000064   Code   RO         6393    i.rtc_current_time_get  gd32f4xx_rtc.o
    0x08018818   0x08018818   0x0000001c   Code   RO          701    i.rtc_dec2bcd       rtc.o
    0x08018834   0x08018834   0x00000010   Code   RO         6395    i.rtc_flag_clear    gd32f4xx_rtc.o
    0x08018844   0x08018844   0x00000014   Code   RO         6396    i.rtc_flag_get      gd32f4xx_rtc.o
    0x08018858   0x08018858   0x000000dc   Code   RO         6398    i.rtc_init          gd32f4xx_rtc.o
    0x08018934   0x08018934   0x00000048   Code   RO         6399    i.rtc_init_mode_enter  gd32f4xx_rtc.o
    0x0801897c   0x0801897c   0x00000014   Code   RO         6400    i.rtc_init_mode_exit  gd32f4xx_rtc.o
    0x08018990   0x08018990   0x0000003c   Code   RO         6402    i.rtc_interrupt_enable  gd32f4xx_rtc.o
    0x080189cc   0x080189cc   0x00000060   Code   RO         6405    i.rtc_register_sync_wait  gd32f4xx_rtc.o
    0x08018a2c   0x08018a2c   0x000000a4   Code   RO          704    i.rtc_setup         rtc.o
    0x08018ad0   0x08018ad0   0x0000005c   Code   RO         6417    i.rtc_wakeup_clock_set  gd32f4xx_rtc.o
    0x08018b2c   0x08018b2c   0x00000054   Code   RO         6418    i.rtc_wakeup_disable  gd32f4xx_rtc.o
    0x08018b80   0x08018b80   0x00000028   Code   RO         6419    i.rtc_wakeup_enable  gd32f4xx_rtc.o
    0x08018ba8   0x08018ba8   0x0000004c   Code   RO         6421    i.rtc_wakeup_timer_set  gd32f4xx_rtc.o
    0x08018bf4   0x08018bf4   0x00000130   Code   RO          798    i.sd_interrupts_process  sdcard.o
    0x08018d24   0x08018d24   0x00000024   Code   RO          808    i.sd_transfer_stop  sdcard.o
    0x08018d48   0x08018d48   0x0000000c   Code   RO         6656    i.sdio_command_index_get  gd32f4xx_sdio.o
    0x08018d54   0x08018d54   0x00000038   Code   RO         6657    i.sdio_command_response_config  gd32f4xx_sdio.o
    0x08018d8c   0x08018d8c   0x00000014   Code   RO         6659    i.sdio_csm_enable   gd32f4xx_sdio.o
    0x08018da0   0x08018da0   0x0000000c   Code   RO         6671    i.sdio_flag_clear   gd32f4xx_sdio.o
    0x08018dac   0x08018dac   0x00000010   Code   RO         6675    i.sdio_interrupt_disable  gd32f4xx_sdio.o
    0x08018dbc   0x08018dbc   0x0000000c   Code   RO         6677    i.sdio_interrupt_flag_clear  gd32f4xx_sdio.o
    0x08018dc8   0x08018dc8   0x00000014   Code   RO         6678    i.sdio_interrupt_flag_get  gd32f4xx_sdio.o
    0x08018ddc   0x08018ddc   0x0000003c   Code   RO         6686    i.sdio_response_get  gd32f4xx_sdio.o
    0x08018e18   0x08018e18   0x0000001c   Code   RO         6691    i.sdio_wait_type_set  gd32f4xx_sdio.o
    0x08018e34   0x08018e34   0x00000072   Code   RO         1795    i.sector_iterator   fdb_kvdb.o
    0x08018ea6   0x08018ea6   0x00000072   Code   RO         2290    i.sector_iterator   fdb_tsdb.o
    0x08018f18   0x08018f18   0x0000002e   Code   RO         1796    i.sector_statistics_cb  fdb_kvdb.o
    0x08018f46   0x08018f46   0x00000002   PAD
    0x08018f48   0x08018f48   0x0000003c   Code   RO         8621    i.set_data_config   myflashdb_data.o
    0x08018f84   0x08018f84   0x000000ca   Code   RO         1797    i.set_kv            fdb_kvdb.o
    0x0801904e   0x0801904e   0x00000002   PAD
    0x08019050   0x08019050   0x00000044   Code   RO         8622    i.set_power_count   myflashdb_data.o
    0x08019094   0x08019094   0x00000064   Code   RO         8623    i.set_team_number   myflashdb_data.o
    0x080190f8   0x080190f8   0x0000000a   Code   RO         6952    i.spi_enable        gd32f4xx_spi.o
    0x08019102   0x08019102   0x00000002   PAD
    0x08019104   0x08019104   0x00000110   Code   RO          990    i.spi_flash_buffer_erase  spi_flash.o
    0x08019214   0x08019214   0x00000054   Code   RO          991    i.spi_flash_buffer_read  spi_flash.o
    0x08019268   0x08019268   0x000000c4   Code   RO          992    i.spi_flash_buffer_write  spi_flash.o
    0x0801932c   0x0801932c   0x0000002c   Code   RO          993    i.spi_flash_bulk_erase  spi_flash.o
    0x08019358   0x08019358   0x000000a0   Code   RO          994    i.spi_flash_init    spi_flash.o
    0x080193f8   0x080193f8   0x0000005c   Code   RO          995    i.spi_flash_page_write  spi_flash.o
    0x08019454   0x08019454   0x00000044   Code   RO          998    i.spi_flash_sector_erase  spi_flash.o
    0x08019498   0x08019498   0x00000058   Code   RO          999    i.spi_flash_send_byte  spi_flash.o
    0x080194f0   0x080194f0   0x00000044   Code   RO         1002    i.spi_flash_wait_for_write_end  spi_flash.o
    0x08019534   0x08019534   0x00000024   Code   RO         1003    i.spi_flash_write_enable  spi_flash.o
    0x08019558   0x08019558   0x00000008   Code   RO         6954    i.spi_i2s_data_receive  gd32f4xx_spi.o
    0x08019560   0x08019560   0x00000004   Code   RO         6955    i.spi_i2s_data_transmit  gd32f4xx_spi.o
    0x08019564   0x08019564   0x000000ac   Code   RO         6956    i.spi_i2s_deinit    gd32f4xx_spi.o
    0x08019610   0x08019610   0x00000010   Code   RO         6957    i.spi_i2s_flag_get  gd32f4xx_spi.o
    0x08019620   0x08019620   0x00000032   Code   RO         6962    i.spi_init          gd32f4xx_spi.o
    0x08019652   0x08019652   0x00000012   Code   RO         6973    i.spi_struct_para_init  gd32f4xx_spi.o
    0x08019664   0x08019664   0x000000c4   Code   RO         8387    i.sysFunction_Init  function.o
    0x08019728   0x08019728   0x00000010   Code   RO         8388    i.sysFunction_loop  function.o
    0x08019738   0x08019738   0x000000ac   Code   RO         7195    i.syscfg_exti_line_config  gd32f4xx_syscfg.o
    0x080197e4   0x080197e4   0x00000108   Code   RO         8338    i.system_clock_240m_25m_hxtal  system_gd32f4xx.o
    0x080198ec   0x080198ec   0x00000008   Code   RO         8339    i.system_clock_config  system_gd32f4xx.o
    0x080198f4   0x080198f4   0x00000050   Code   RO          358    i.systick_config    systick.o
    0x08019944   0x08019944   0x00000064   Code   RO         2662    i.tim6_functimer_init  tim6_functimer.o
    0x080199a8   0x080199a8   0x00000028   Code   RO         2663    i.tim6_timeoutcheck  tim6_functimer.o
    0x080199d0   0x080199d0   0x00000184   Code   RO         7284    i.timer_deinit      gd32f4xx_timer.o
    0x08019b54   0x08019b54   0x0000000a   Code   RO         7289    i.timer_enable      gd32f4xx_timer.o
    0x08019b5e   0x08019b5e   0x00000002   PAD
    0x08019b60   0x08019b60   0x00000098   Code   RO         7299    i.timer_init        gd32f4xx_timer.o
    0x08019bf8   0x08019bf8   0x00000008   Code   RO         7306    i.timer_interrupt_enable  gd32f4xx_timer.o
    0x08019c00   0x08019c00   0x00000006   Code   RO         7307    i.timer_interrupt_flag_clear  gd32f4xx_timer.o
    0x08019c06   0x08019c06   0x00000018   Code   RO         7308    i.timer_interrupt_flag_get  gd32f4xx_timer.o
    0x08019c1e   0x08019c1e   0x00000016   Code   RO         7319    i.timer_struct_para_init  gd32f4xx_timer.o
    0x08019c34   0x08019c34   0x00000086   Code   RO         2291    i.tsl_append        fdb_tsdb.o
    0x08019cba   0x08019cba   0x00000002   PAD
    0x08019cbc   0x08019cbc   0x00000040   Code   RO         2292    i.tsl_format_all    fdb_tsdb.o
    0x08019cfc   0x08019cfc   0x00000240   Code   RO         8466    i.unix_to_str       data_process.o
    0x08019f3c   0x08019f3c   0x00000120   Code   RO         1798    i.update_kv_cache   fdb_kvdb.o
    0x0801a05c   0x0801a05c   0x0000007e   Code   RO         1799    i.update_sec_status  fdb_kvdb.o
    0x0801a0da   0x0801a0da   0x0000024c   Code   RO         2293    i.update_sec_status  fdb_tsdb.o
    0x0801a326   0x0801a326   0x0000008c   Code   RO         1800    i.update_sector_cache  fdb_kvdb.o
    0x0801a3b2   0x0801a3b2   0x00000028   Code   RO         1801    i.update_sector_empty_addr_cache  fdb_kvdb.o
    0x0801a3da   0x0801a3da   0x0000001c   Code   RO         1802    i.update_sector_status_store_cache  fdb_kvdb.o
    0x0801a3f6   0x0801a3f6   0x00000002   PAD
    0x0801a3f8   0x0801a3f8   0x000000e8   Code   RO         7937    i.usart_baudrate_set  gd32f4xx_usart.o
    0x0801a4e0   0x0801a4e0   0x0000000a   Code   RO         7941    i.usart_data_receive  gd32f4xx_usart.o
    0x0801a4ea   0x0801a4ea   0x00000002   PAD
    0x0801a4ec   0x0801a4ec   0x000000dc   Code   RO         7943    i.usart_deinit      gd32f4xx_usart.o
    0x0801a5c8   0x0801a5c8   0x00000014   Code   RO         7945    i.usart_dma_receive_config  gd32f4xx_usart.o
    0x0801a5dc   0x0801a5dc   0x00000014   Code   RO         7946    i.usart_dma_transmit_config  gd32f4xx_usart.o
    0x0801a5f0   0x0801a5f0   0x0000000a   Code   RO         7947    i.usart_enable      gd32f4xx_usart.o
    0x0801a5fa   0x0801a5fa   0x00000034   Code   RO         7948    i.usart_flag_clear  gd32f4xx_usart.o
    0x0801a62e   0x0801a62e   0x0000001e   Code   RO         7949    i.usart_flag_get    gd32f4xx_usart.o
    0x0801a64c   0x0801a64c   0x0000001a   Code   RO         7957    i.usart_interrupt_enable  gd32f4xx_usart.o
    0x0801a666   0x0801a666   0x00000038   Code   RO         7959    i.usart_interrupt_flag_get  gd32f4xx_usart.o
    0x0801a69e   0x0801a69e   0x00000010   Code   RO         7972    i.usart_parity_config  gd32f4xx_usart.o
    0x0801a6ae   0x0801a6ae   0x00000010   Code   RO         7974    i.usart_receive_config  gd32f4xx_usart.o
    0x0801a6be   0x0801a6be   0x00000010   Code   RO         7985    i.usart_stop_bit_set  gd32f4xx_usart.o
    0x0801a6ce   0x0801a6ce   0x00000010   Code   RO         7989    i.usart_transmit_config  gd32f4xx_usart.o
    0x0801a6de   0x0801a6de   0x00000010   Code   RO         7990    i.usart_word_length_set  gd32f4xx_usart.o
    0x0801a6ee   0x0801a6ee   0x0000010a   Code   RO         1569    i.write             fal_flash_port.o
    0x0801a7f8   0x0801a7f8   0x00000044   Code   RO         1803    i.write_kv_hdr      fdb_kvdb.o
    0x0801a83c   0x0801a83c   0x0000009e   Code   RO         2294    i.write_tsl         fdb_tsdb.o
    0x0801a8da   0x0801a8da   0x00000002   PAD
    0x0801a8dc   0x0801a8dc   0x00000020   Data   RO          404    .constdata          key.o
    0x0801a8fc   0x0801a8fc   0x00001fd8   Data   RO          534    .constdata          oled.o
    0x0801c8d4   0x0801c8d4   0x00000004   Data   RO         1534    .constdata          fal_flash.o
    0x0801c8d8   0x0801c8d8   0x00000038   Data   RO         1570    .constdata          fal_flash_port.o
    0x0801c910   0x0801c910   0x00000057   Data   RO         1631    .constdata          fal_partition.o
    0x0801c967   0x0801c967   0x00000001   PAD
    0x0801c968   0x0801c968   0x00000018   Data   RO         1805    .constdata          fdb_kvdb.o
    0x0801c980   0x0801c980   0x00000400   Data   RO         2085    .constdata          fdb_utils.o
    0x0801cd80   0x0801cd80   0x000000b0   Data   RO         8527    .constdata          pt100.o
    0x0801ce30   0x0801ce30   0x000000d8   Data   RO         8867    .constdata          msg_app.o
    0x0801cf08   0x0801cf08   0x00000081   Data   RO         9195    .constdata          mc_w.l(ctype_o.o)
    0x0801cf89   0x0801cf89   0x00000003   PAD
    0x0801cf8c   0x0801cf8c   0x00000004   Data   RO         9196    .constdata          mc_w.l(ctype_o.o)
    0x0801cf90   0x0801cf90   0x0000000c   Data   RO         9223    .constdata          mc_w.l(mktime.o)
    0x0801cf9c   0x0801cf9c   0x0000000c   Data   RO         9575    .constdata          mc_w.l(localtime_i.o)
    0x0801cfa8   0x0801cfa8   0x00000132   Data   RO         1632    .conststring        fal_partition.o
    0x0801d0da   0x0801d0da   0x00000002   PAD
    0x0801d0dc   0x0801d0dc   0x0000000b   Data   RO         8389    .conststring        function.o
    0x0801d0e7   0x0801d0e7   0x00000001   PAD
    0x0801d0e8   0x0801d0e8   0x00000140   Data   RO         1634    FalPartTable        fal_partition.o
    0x0801d228   0x0801d228   0x00000020   Data   RO         9594    Region$$Table       anon$$obj.o


    Execution Region RW_IRAM1 (Exec base: 0x20000000, Load base: 0x0801d248, Size: 0x00003ca8, Max: 0x00030000, ABSOLUTE)

    Exec Addr    Load Addr    Size         Type   Attr      Idx    E Section Name        Object

    0x20000000   0x0801d248   0x00000004   Data   RW          359    .data               systick.o
    0x20000004   0x0801d24c   0x00000038   Data   RW          405    .data               key.o
    0x2000003c   0x0801d284   0x00000001   Data   RW          461    .data               led.o
    0x2000003d   0x0801d285   0x00000003   PAD
    0x20000040   0x0801d288   0x00000024   Data   RW          810    .data               sdcard.o
    0x20000064   0x0801d2ac   0x00000006   Data   RW         1094    .data               usart.o
    0x2000006a   0x0801d2b2   0x00000001   Data   RW         1535    .data               fal_flash.o
    0x2000006b   0x0801d2b3   0x00000001   PAD
    0x2000006c   0x0801d2b4   0x0000000c   Data   RW         1633    .data               fal_partition.o
    0x20000078   0x0801d2c0   0x00000001   Data   RW         1699    .data               fdb.o
    0x20000079   0x0801d2c1   0x00000003   PAD
    0x2000007c   0x0801d2c4   0x00000010   Data   RW         2466    .data               ad3344.o
    0x2000008c   0x0801d2d4   0x0000000c   Data   RW         2664    .data               tim6_functimer.o
    0x20000098   0x0801d2e0   0x00000004   Data   RW         2714    .data               mydma.o
    0x2000009c   0x0801d2e4   0x00000004   Data   RW         8340    .data               system_gd32f4xx.o
    0x200000a0   0x0801d2e8   0x00000018   Data   RW         8390    .data               function.o
    0x200000b8   0x0801d300   0x0000001c   Data   RW         8589    .data               app_param.o
    0x200000d4   0x0801d31c   0x00000001   Data   RW         8625    .data               myflashdb_data.o
    0x200000d5   0x0801d31d   0x00000003   PAD
    0x200000d8   0x0801d320   0x00000004   Data   RW         8714    .data               myflashdb_log.o
    0x200000dc   0x0801d324   0x00000029   Data   RW         8868    .data               msg_app.o
    0x20000105   0x0801d34d   0x00000001   PAD
    0x20000106   0x0801d34e   0x00000005   Data   RW         9071    .data               msg.o
    0x2000010b   0x0801d353   0x00000001   PAD
    0x2000010c        -       0x00000240   Zero   RW          533    .bss                oled.o
    0x2000034c        -       0x00000024   Zero   RW          709    .bss                rtc.o
    0x20000370        -       0x00002000   Zero   RW         1004    .bss                spi_flash.o
    0x20002370        -       0x00000014   Zero   RW         1630    .bss                fal_partition.o
    0x20002384        -       0x00000081   Zero   RW         1804    .bss                fdb_kvdb.o
    0x20002405        -       0x00000200   Zero   RW         2713    .bss                mydma.o
    0x20002605   0x0801d353   0x00000003   PAD
    0x20002608        -       0x00000010   Zero   RW         5964    .bss                gd32f4xx_pmu.o
    0x20002618        -       0x00000014   Zero   RW         8467    .bss                data_process.o
    0x2000262c        -       0x0000036c   Zero   RW         8624    .bss                myflashdb_data.o
    0x20002998        -       0x00000190   Zero   RW         8713    .bss                myflashdb_log.o
    0x20002b28        -       0x00000180   Zero   RW         9070    .bss                msg.o
    0x20002ca8        -       0x00001000   Zero   RW         2428    STACK               startup_gd32f450_470.o


==============================================================================

Image component sizes


      Code (inc. data)   RO Data    RW Data    ZI Data      Debug   Object Name

      1192        130          0         16          0       9690   ad3344.o
       264         20          0          0          0       2850   adc.o
       144         16          0         28          0       2053   app_param.o
       272         30          0          0          0       2258   dac.o
       942         50          0          0         20       4312   data_process.o
        52          6          0          0          0       1811   fal.o
       108         14          4          1          0       4417   fal_flash.o
       316          0         56          0          0       4501   fal_flash_port.o
      1220        510        713         12         20       6351   fal_partition.o
       198          4          0          1          0       7214   fdb.o
      5824         74         24          0        129      46784   fdb_kvdb.o
      2152         20          0          0          0      19373   fdb_tsdb.o
       606          4       1024          0          0      13757   fdb_utils.o
         0          0          0          0          0        572   ff.o
       666        160         11         24          0       5939   function.o
       662          8          0          0          0       9237   gd32f4xx_adc.o
       156          6          0          0          0       2592   gd32f4xx_dac.o
       782          4          0          0          0       6738   gd32f4xx_dma.o
       240         20          0          0          0       2558   gd32f4xx_exti.o
       384         44          0          0          0       4378   gd32f4xx_fmc.o
       262          0          0          0          0       4353   gd32f4xx_gpio.o
        40          0          0          0          0     103780   gd32f4xx_it.o
       216         20          0          0          0       1484   gd32f4xx_misc.o
       332         58          0          0         16       2474   gd32f4xx_pmu.o
       864         66          0          0          0       6900   gd32f4xx_rcu.o
       896         60          0          0          0       8732   gd32f4xx_rtc.o
       236         44          0          0          0       5524   gd32f4xx_sdio.o
       278         10          0          0          0       4978   gd32f4xx_spi.o
       172          6          0          0          0        778   gd32f4xx_syscfg.o
       610         44          0          0          0       5053   gd32f4xx_timer.o
       756         18          0          0          0      10109   gd32f4xx_usart.o
       876         62         32         56          0       3499   key.o
       152         26          0          1          0       1892   led.o
        14          0          0          0          0      12072   main.o
      1424         60          0          5        384      14483   msg.o
      2974        378        216         41          0      49794   msg_app.o
       438         48          0          4        512       4671   mydma.o
       940        258          0          1        876       6499   myflashdb_data.o
       372        152          0          4        400       3250   myflashdb_log.o
      1390         60       8152          0        576      10094   oled.o
       930        102        176          0          0       6450   pt100.o
       356         34          0          0         36       2740   rtc.o
       646         30          0         36          0       9604   sdcard.o
       318         40          0          0          0       2275   sleep_wake.o
      1108         60          0          0       8192       7448   spi_flash.o
        36          8        428          0       4096        876   startup_gd32f450_470.o
       484         32          0          4          0       2751   system_gd32f4xx.o
       164         24          0          4          0      28802   systick.o
       248         24          0         12          0       2978   tim6_functimer.o
       720         98          0          6          0       3688   usart.o

    ----------------------------------------------------------------------
     34498       2942      10872        268      15260     485416   Object Totals
         0          0         32          0          0          0   (incl. Generated)
        66          0          4         12          3          0   (incl. Padding)

    ----------------------------------------------------------------------

      Code (inc. data)   RO Data    RW Data    ZI Data      Debug   Library Member Name

         8          4        133          0          0         68   ctype_o.o
         0          0          0          0          0          0   entry.o
         0          0          0          0          0          0   entry10a.o
         0          0          0          0          0          0   entry11a.o
         8          4          0          0          0          0   entry2.o
         4          0          0          0          0          0   entry5.o
         0          0          0          0          0          0   entry7b.o
         0          0          0          0          0          0   entry8b.o
         8          4          0          0          0          0   entry9a.o
        30          0          0          0          0          0   handlers.o
        36          8          0          0          0         68   init.o
         0          0          0          0          0          0   iusefp.o
        30          0          0          0          0         68   llshl.o
        36          0          0          0          0         68   llsshr.o
        32          0          0          0          0         68   llushr.o
       140          6         12          0          0         76   localtime_i.o
        36          0          0          0          0         68   memcpya.o
        36          0          0          0          0        108   memseta.o
       168         18         12          0          0         80   mktime.o
      2292         84          0          0          0        516   printfa.o
        28          0          0          0          0         76   strcmp.o
        14          0          0          0          0         68   strlen.o
        30          0          0          0          0         80   strncmp.o
        24          0          0          0          0         76   strncpy.o
        44          0          0          0          0         80   uidiv.o
        98          0          0          0          0         92   uldiv.o
        48          0          0          0          0         68   cdrcmple.o
       334          0          0          0          0        148   dadd.o
       222          0          0          0          0        100   ddiv.o
       186          0          0          0          0        176   depilogue.o
        48          0          0          0          0         68   dfixul.o
       228          0          0          0          0         96   dmul.o
        38          0          0          0          0         68   f2d.o

    ----------------------------------------------------------------------
      4206        128        160          0          0       2384   Library Totals
         0          0          3          0          0          0   (incl. Padding)

    ----------------------------------------------------------------------

      Code (inc. data)   RO Data    RW Data    ZI Data      Debug   Library Name

      3102        128        157          0          0       1660   mc_w.l
      1104          0          0          0          0        724   mf_w.l

    ----------------------------------------------------------------------
      4206        128        160          0          0       2384   Library Totals

    ----------------------------------------------------------------------

==============================================================================


      Code (inc. data)   RO Data    RW Data    ZI Data      Debug   

     38704       3070      11032        268      15260     448156   Grand Totals
     38704       3070      11032        268      15260     448156   ELF Image Totals
     38704       3070      11032        268          0          0   ROM Totals

==============================================================================

    Total RO  Size (Code + RO Data)                49736 (  48.57kB)
    Total RW  Size (RW Data + ZI Data)             15528 (  15.16kB)
    Total ROM Size (Code + RO Data + RW Data)      50004 (  48.83kB)

==============================================================================

