Component: ARM Compiler 5.06 update 5 (build 528) Tool: armlink [4d35e2]

==============================================================================

Section Cross References

    gd32f4xx_it.o(i.SDIO_IRQHandler) refers to sdcard.o(i.sd_interrupts_process) for sd_interrupts_process
    gd32f4xx_it.o(i.SysTick_Handler) refers to systick.o(i.delay_decrement) for delay_decrement
    main.o(i.backto_bootloader) refers to led.o(i.led1_off) for led1_off
    main.o(i.main) refers to function.o(i.sysFunction_Init) for sysFunction_Init
    main.o(i.main) refers to function.o(i.sysFunction_loop) for sysFunction_loop
    systick.o(i.delay_1ms) refers to systick.o(.data) for delay
    systick.o(i.delay_decrement) refers to systick.o(.data) for delay
    systick.o(i.systick_config) refers to systick.o(i.NVIC_SetPriority) for NVIC_SetPriority
    systick.o(i.systick_config) refers to system_gd32f4xx.o(.data) for SystemCoreClock
    key.o(i.Key_Check) refers to key.o(.data) for Key_flag
    key.o(i.Key_Debounce_Tick) refers to gd32f4xx_gpio.o(i.gpio_input_bit_get) for gpio_input_bit_get
    key.o(i.Key_Debounce_Tick) refers to key.o(.constdata) for key_pins
    key.o(i.Key_Debounce_Tick) refers to key.o(.data) for prev_real_level
    key.o(i.Key_GetState) refers to key.o(.data) for g_key_stable_level
    key.o(i.Key_Init) refers to gd32f4xx_rcu.o(i.rcu_periph_clock_enable) for rcu_periph_clock_enable
    key.o(i.Key_Init) refers to gd32f4xx_gpio.o(i.gpio_mode_set) for gpio_mode_set
    key.o(i.Key_Tick) refers to key.o(i.Key_Debounce_Tick) for Key_Debounce_Tick
    key.o(i.Key_Tick) refers to key.o(i.key_Check_Tick) for key_Check_Tick
    key.o(i.key_Check_Tick) refers to key.o(i.Key_GetState) for Key_GetState
    key.o(i.key_Check_Tick) refers to key.o(.data) for count
    led.o(i.LED_Init) refers to gd32f4xx_rcu.o(i.rcu_periph_clock_enable) for rcu_periph_clock_enable
    led.o(i.LED_Init) refers to gd32f4xx_gpio.o(i.gpio_mode_set) for gpio_mode_set
    led.o(i.LED_Init) refers to gd32f4xx_gpio.o(i.gpio_output_options_set) for gpio_output_options_set
    led.o(i.LED_Init) refers to gd32f4xx_gpio.o(i.gpio_bit_reset) for gpio_bit_reset
    led.o(i.led1_off) refers to gd32f4xx_gpio.o(i.gpio_bit_reset) for gpio_bit_reset
    led.o(i.led1_on) refers to gd32f4xx_gpio.o(i.gpio_bit_set) for gpio_bit_set
    led.o(i.led1_turn) refers to gd32f4xx_gpio.o(i.gpio_bit_set) for gpio_bit_set
    led.o(i.led1_turn) refers to gd32f4xx_gpio.o(i.gpio_bit_reset) for gpio_bit_reset
    led.o(i.led1_turn) refers to led.o(.data) for led1_status
    led.o(i.led2_off) refers to gd32f4xx_gpio.o(i.gpio_bit_reset) for gpio_bit_reset
    led.o(i.led2_on) refers to gd32f4xx_gpio.o(i.gpio_bit_set) for gpio_bit_set
    oled.o(i.I2C_Start) refers to gd32f4xx_gpio.o(i.gpio_mode_set) for gpio_mode_set
    oled.o(i.I2C_Start) refers to gd32f4xx_gpio.o(i.gpio_output_options_set) for gpio_output_options_set
    oled.o(i.I2C_Start) refers to gd32f4xx_gpio.o(i.gpio_bit_set) for gpio_bit_set
    oled.o(i.I2C_Start) refers to oled.o(i.IIC_delay) for IIC_delay
    oled.o(i.I2C_Start) refers to gd32f4xx_gpio.o(i.gpio_bit_reset) for gpio_bit_reset
    oled.o(i.I2C_Stop) refers to gd32f4xx_gpio.o(i.gpio_mode_set) for gpio_mode_set
    oled.o(i.I2C_Stop) refers to gd32f4xx_gpio.o(i.gpio_output_options_set) for gpio_output_options_set
    oled.o(i.I2C_Stop) refers to gd32f4xx_gpio.o(i.gpio_bit_reset) for gpio_bit_reset
    oled.o(i.I2C_Stop) refers to gd32f4xx_gpio.o(i.gpio_bit_set) for gpio_bit_set
    oled.o(i.I2C_Stop) refers to oled.o(i.IIC_delay) for IIC_delay
    oled.o(i.I2C_WaitAck) refers to gd32f4xx_gpio.o(i.gpio_bit_set) for gpio_bit_set
    oled.o(i.I2C_WaitAck) refers to oled.o(i.IIC_delay) for IIC_delay
    oled.o(i.I2C_WaitAck) refers to gd32f4xx_gpio.o(i.gpio_mode_set) for gpio_mode_set
    oled.o(i.I2C_WaitAck) refers to oled.o(i.I2C_Stop) for I2C_Stop
    oled.o(i.I2C_WaitAck) refers to gd32f4xx_gpio.o(i.gpio_input_bit_get) for gpio_input_bit_get
    oled.o(i.I2C_WaitAck) refers to gd32f4xx_gpio.o(i.gpio_bit_reset) for gpio_bit_reset
    oled.o(i.I2C_WaitAck) refers to gd32f4xx_gpio.o(i.gpio_output_options_set) for gpio_output_options_set
    oled.o(i.OLED_Clear) refers to oled.o(i.OLED_Refresh) for OLED_Refresh
    oled.o(i.OLED_Clear) refers to oled.o(.bss) for OLED_GRAM
    oled.o(i.OLED_ClearPoint) refers to oled.o(.bss) for OLED_GRAM
    oled.o(i.OLED_ColorTurn) refers to oled.o(i.OLED_WR_Byte) for OLED_WR_Byte
    oled.o(i.OLED_DisPlay_Off) refers to oled.o(i.OLED_WR_Byte) for OLED_WR_Byte
    oled.o(i.OLED_DisPlay_On) refers to oled.o(i.OLED_WR_Byte) for OLED_WR_Byte
    oled.o(i.OLED_DisplayTurn) refers to oled.o(i.OLED_WR_Byte) for OLED_WR_Byte
    oled.o(i.OLED_DrawCircle) refers to oled.o(i.OLED_DrawPoint) for OLED_DrawPoint
    oled.o(i.OLED_DrawLine) refers to oled.o(i.OLED_DrawPoint) for OLED_DrawPoint
    oled.o(i.OLED_DrawPoint) refers to oled.o(.bss) for OLED_GRAM
[...]
    OLED_DrawPoint                           0x080019ad   Thumb Code    54  oled.o(i.OLED_DrawPoint)
    OLED_Init                                0x080019e9   Thumb Code   328  oled.o(i.OLED_Init)
    OLED_Printf                              0x08001b35   Thumb Code    50  oled.o(i.OLED_Printf)
    OLED_Refresh                             0x08001b69   Thumb Code    70  oled.o(i.OLED_Refresh)
    OLED_ShowChar                            0x08001bb5   Thumb Code   240  oled.o(i.OLED_ShowChar)
    OLED_ShowString                          0x08001cb1   Thumb Code    66  oled.o(i.OLED_ShowString)
    OLED_WR_Byte                             0x08001cf3   Thumb Code    56  oled.o(i.OLED_WR_Byte)
    PendSV_Handler                           0x08001d2b   Thumb Code     2  gd32f4xx_it.o(i.PendSV_Handler)
    RTC_Init                                 0x08001d2d   Thumb Code   144  rtc.o(i.RTC_Init)
    RTC_SetWakeup                            0x08001dc5   Thumb Code   138  sleep_wake.o(i.RTC_SetWakeup)
    RTC_WKUP_IRQHandler                      0x08001e6d   Thumb Code    42  sleep_wake.o(i.RTC_WKUP_IRQHandler)
    SDIO_IRQHandler                          0x08001e9d   Thumb Code     8  gd32f4xx_it.o(i.SDIO_IRQHandler)
    SVC_Handler                              0x08001ea5   Thumb Code     2  gd32f4xx_it.o(i.SVC_Handler)
    Send_Byte                                0x08001ea9   Thumb Code    88  oled.o(i.Send_Byte)
    SysTick_Handler                          0x08001f05   Thumb Code     8  gd32f4xx_it.o(i.SysTick_Handler)
    SystemInit                               0x08001f0d   Thumb Code   194  system_gd32f4xx.o(i.SystemInit)
    TIMER6_IRQHandler                        0x08001fe1   Thumb Code   150  tim6_functimer.o(i.TIMER6_IRQHandler)
    USART1_ClearRxBuf                        0x08002099   Thumb Code    24  usart.o(i.USART1_ClearRxBuf)
    USART1_DMA_All_Init                      0x080020bd   Thumb Code    24  mydma.o(i.USART1_DMA_All_Init)
    USART1_IRQHandler                        0x080020e1   Thumb Code   124  usart.o(i.USART1_IRQHandler)
    USART1_Init                              0x08002175   Thumb Code   222  usart.o(i.USART1_Init)
    UsageFault_Handler                       0x08002265   Thumb Code     4  gd32f4xx_it.o(i.UsageFault_Handler)
    __0snprintf                              0x08002269   Thumb Code    44  printfa.o(i.__0snprintf)
    __1snprintf                              0x08002269   Thumb Code     0  printfa.o(i.__0snprintf)
    __2snprintf                              0x08002269   Thumb Code     0  printfa.o(i.__0snprintf)
    __c89snprintf                            0x08002269   Thumb Code     0  printfa.o(i.__0snprintf)
    snprintf                                 0x08002269   Thumb Code     0  printfa.o(i.__0snprintf)
    __0vsnprintf                             0x08002299   Thumb Code    40  printfa.o(i.__0vsnprintf)
    __1vsnprintf                             0x08002299   Thumb Code     0  printfa.o(i.__0vsnprintf)
    __2vsnprintf                             0x08002299   Thumb Code     0  printfa.o(i.__0vsnprintf)
    __c89vsnprintf                           0x08002299   Thumb Code     0  printfa.o(i.__0vsnprintf)
    vsnprintf                                0x08002299   Thumb Code     0  printfa.o(i.__0vsnprintf)
    __0vsprintf                              0x080022c5   Thumb Code    30  printfa.o(i.__0vsprintf)
    __1vsprintf                              0x080022c5   Thumb Code     0  printfa.o(i.__0vsprintf)
    __2vsprintf                              0x080022c5   Thumb Code     0  printfa.o(i.__0vsprintf)
    __c89vsprintf                            0x080022c5   Thumb Code     0  printfa.o(i.__0vsprintf)
    vsprintf                                 0x080022c5   Thumb Code     0  printfa.o(i.__0vsprintf)
    __hardfp_lroundf                         0x080022e9   Thumb Code   194  lroundf.o(i.__hardfp_lroundf)
    __hardfp_round                           0x080023b1   Thumb Code   194  round.o(i.__hardfp_round)
    __scatterload_copy                       0x08002491   Thumb Code    14  handlers.o(i.__scatterload_copy)
    __scatterload_null                       0x0800249f   Thumb Code     2  handlers.o(i.__scatterload_null)
    __scatterload_zeroinit                   0x080024a1   Thumb Code    14  handlers.o(i.__scatterload_zeroinit)
    __set_errno                              0x080024b1   Thumb Code     6  errno.o(i.__set_errno)
    _fdb_continue_ff_addr                    0x080024bd   Thumb Code   100  fdb_utils.o(i._fdb_continue_ff_addr)
    _fdb_db_path                             0x08002521   Thumb Code    16  fdb.o(i._fdb_db_path)
    _fdb_flash_erase                         0x08002531   Thumb Code    42  fdb_utils.o(i._fdb_flash_erase)
    _fdb_flash_read                          0x0800255b   Thumb Code    50  fdb_utils.o(i._fdb_flash_read)
    _fdb_flash_write                         0x0800258d   Thumb Code    54  fdb_utils.o(i._fdb_flash_write)
    _fdb_flash_write_align                   0x080025c3   Thumb Code    94  fdb_utils.o(i._fdb_flash_write_align)
    _fdb_get_status                          0x08002621   Thumb Code    42  fdb_utils.o(i._fdb_get_status)
    _fdb_init_ex                             0x0800264d   Thumb Code   352  fdb.o(i._fdb_init_ex)
    _fdb_init_finish                         0x080028c9   Thumb Code    78  fdb.o(i._fdb_init_finish)
    _fdb_read_status                         0x08002a6d   Thumb Code    72  fdb_utils.o(i._fdb_read_status)
    _fdb_set_status                          0x08002b01   Thumb Code    46  fdb_utils.o(i._fdb_set_status)
    _fdb_write_status                        0x08002b31   Thumb Code   122  fdb_utils.o(i._fdb_write_status)
    _is_digit                                0x08002d99   Thumb Code    14  scanf_fp.o(i._is_digit)
    adc_calibration_enable                   0x080034f7   Thumb Code    42  gd32f4xx_adc.o(i.adc_calibration_enable)
    adc_channel_length_config                0x08003521   Thumb Code    82  gd32f4xx_adc.o(i.adc_channel_length_config)
    adc_clock_config                         0x08003575   Thumb Code    28  gd32f4xx_adc.o(i.adc_clock_config)
    adc_data_alignment_config                0x08003599   Thumb Code    22  gd32f4xx_adc.o(i.adc_data_alignment_config)
    adc_deinit                               0x080035af   Thumb Code    20  gd32f4xx_adc.o(i.adc_deinit)
    adc_dma_mode_enable                      0x080035c3   Thumb Code    10  gd32f4xx_adc.o(i.adc_dma_mode_enable)
    adc_dma_request_after_last_enable        0x080035cd   Thumb Code    10  gd32f4xx_adc.o(i.adc_dma_request_after_last_enable)
    adc_enable                               0x080035d7   Thumb Code    18  gd32f4xx_adc.o(i.adc_enable)
    adc_external_trigger_config              0x080035e9   Thumb Code    52  gd32f4xx_adc.o(i.adc_external_trigger_config)
    adc_oversample_mode_config               0x0800361d   Thumb Code    58  gd32f4xx_adc.o(i.adc_oversample_mode_config)
    adc_oversample_mode_enable               0x08003657   Thumb Code    14  gd32f4xx_adc.o(i.adc_oversample_mode_enable)
    adc_routine_channel_config               0x08003665   Thumb Code   172  gd32f4xx_adc.o(i.adc_routine_channel_config)
    adc_software_trigger_enable              0x08003711   Thumb Code    36  gd32f4xx_adc.o(i.adc_software_trigger_enable)
    adc_special_function_config              0x08003735   Thumb Code    90  gd32f4xx_adc.o(i.adc_special_function_config)
    append_hide_log                          0x08003861   Thumb Code    60  myflashdb_log.o(i.append_hide_log)
    append_normal_log                        0x080038a1   Thumb Code    70  myflashdb_log.o(i.append_normal_log)
    append_over_log                          0x080038f1   Thumb Code    50  myflashdb_log.o(i.append_over_log)
    append_sample_log                        0x08003929   Thumb Code    56  myflashdb_log.o(i.append_sample_log)
    cmd_parse                                0x08003c15   Thumb Code   528  cmd_parse.o(i.cmd_parse)
    cmd_parse_RTC_Config                     0x08003fa5   Thumb Code   414  cmd_parse.o(i.cmd_parse_RTC_Config)
    cmd_parse_RTC_now                        0x08004229   Thumb Code    24  cmd_parse.o(i.cmd_parse_RTC_now)
    cmd_parse_conf                           0x08004245   Thumb Code   108  cmd_parse.o(i.cmd_parse_conf)
    cmd_parse_config_read                    0x08004315   Thumb Code   160  cmd_parse.o(i.cmd_parse_config_read)
    cmd_parse_config_save                    0x08004439   Thumb Code   172  cmd_parse.o(i.cmd_parse_config_save)
    cmd_parse_dac                            0x08004555   Thumb Code   226  cmd_parse.o(i.cmd_parse_dac)
    cmd_parse_dac_test                       0x080046b1   Thumb Code    22  cmd_parse.o(i.cmd_parse_dac_test)
    cmd_parse_hide                           0x080046d1   Thumb Code    14  cmd_parse.o(i.cmd_parse_hide)
    cmd_parse_hide_read                      0x080046e5   Thumb Code    14  cmd_parse.o(i.cmd_parse_hide_read)
    cmd_parse_init                           0x080046f3   Thumb Code     8  cmd_parse.o(i.cmd_parse_init)
    cmd_parse_limit                          0x080046fd   Thumb Code   202  cmd_parse.o(i.cmd_parse_limit)
    cmd_parse_log_read                       0x08004859   Thumb Code    14  cmd_parse.o(i.cmd_parse_log_read)
    cmd_parse_over_read                      0x08004867   Thumb Code    14  cmd_parse.o(i.cmd_parse_over_read)
    cmd_parse_ratio                          0x08004875   Thumb Code   202  cmd_parse.o(i.cmd_parse_ratio)
    cmd_parse_sample_read                    0x080049e1   Thumb Code    14  cmd_parse.o(i.cmd_parse_sample_read)
    cmd_parse_start                          0x080049f1   Thumb Code    56  cmd_parse.o(i.cmd_parse_start)
    cmd_parse_stop                           0x08004a65   Thumb Code    36  cmd_parse.o(i.cmd_parse_stop)
    cmd_parse_test                           0x08004ab5   Thumb Code   144  cmd_parse.o(i.cmd_parse_test)
    cmd_parse_unhide                         0x08004bcd   Thumb Code    14  cmd_parse.o(i.cmd_parse_unhide)
    dac_data_set                             0x08004e35   Thumb Code    64  gd32f4xx_dac.o(i.dac_data_set)
    dac_deinit                               0x08004e75   Thumb Code    34  gd32f4xx_dac.o(i.dac_deinit)
    dac_enable                               0x08004e9d   Thumb Code    26  gd32f4xx_dac.o(i.dac_enable)
    dac_output_buffer_enable                 0x08004eb7   Thumb Code    26  gd32f4xx_dac.o(i.dac_output_buffer_enable)
    dac_output_value_get                     0x08004ed1   Thumb Code    22  gd32f4xx_dac.o(i.dac_output_value_get)
    dac_test_tick                            0x08004ee9   Thumb Code   272  cmd_parse.o(i.dac_test_tick)
    data_calc_eng_volt                       0x080050d1   Thumb Code   208  data_process.o(i.data_calc_eng_volt)
    data_check_overlimit                     0x080051c9   Thumb Code    40  data_process.o(i.data_check_overlimit)
    data_encrypt                             0x080051fd   Thumb Code   150  data_process.o(i.data_encrypt)
    delay_1ms                                0x080053b9   Thumb Code    16  systick.o(i.delay_1ms)
    delay_decrement                          0x080053cd   Thumb Code    18  systick.o(i.delay_decrement)
    dma_channel_disable                      0x080053e5   Thumb Code    32  gd32f4xx_dma.o(i.dma_channel_disable)
    dma_channel_enable                       0x08005405   Thumb Code    32  gd32f4xx_dma.o(i.dma_channel_enable)
    dma_channel_subperipheral_select         0x08005425   Thumb Code    38  gd32f4xx_dma.o(i.dma_channel_subperipheral_select)
    dma_deinit                               0x0800544b   Thumb Code   166  gd32f4xx_dma.o(i.dma_deinit)
    dma_enable                               0x080054f1   Thumb Code    46  mydma.o(i.dma_enable)
    dma_flag_clear                           0x0800551f   Thumb Code    62  gd32f4xx_dma.o(i.dma_flag_clear)
    dma_flag_get                             0x0800555d   Thumb Code    76  gd32f4xx_dma.o(i.dma_flag_get)
    dma_single_data_mode_init                0x080055a9   Thumb Code   340  gd32f4xx_dma.o(i.dma_single_data_mode_init)
    dma_transfer_number_config               0x08005701   Thumb Code    16  gd32f4xx_dma.o(i.dma_transfer_number_config)
    dma_transfer_number_get                  0x08005711   Thumb Code    16  gd32f4xx_dma.o(i.dma_transfer_number_get)
    dma_usart1_rx_config                     0x08005721   Thumb Code    84  mydma.o(i.dma_usart1_rx_config)
    dma_usart_tx_config                      0x08005781   Thumb Code    92  mydma.o(i.dma_usart_tx_config)
    exti_init                                0x08005921   Thumb Code   184  gd32f4xx_exti.o(i.exti_init)
    exti_interrupt_enable                    0x080059dd   Thumb Code    12  gd32f4xx_exti.o(i.exti_interrupt_enable)
    exti_interrupt_flag_clear                0x080059ed   Thumb Code     6  gd32f4xx_exti.o(i.exti_interrupt_flag_clear)
    fal_flash_device_find                    0x080059f9   Thumb Code    42  fal_flash.o(i.fal_flash_device_find)
    fal_flash_init                           0x08005a29   Thumb Code    52  fal_flash.o(i.fal_flash_init)
    fal_init                                 0x08005a65   Thumb Code    26  fal.o(i.fal_init)
    fal_partition_erase                      0x08005a81   Thumb Code   152  fal_partition.o(i.fal_partition_erase)
    fal_partition_find                       0x08005ba9   Thumb Code    50  fal_partition.o(i.fal_partition_find)
    fal_partition_init                       0x08005be5   Thumb Code    56  fal_partition.o(i.fal_partition_init)
    fal_partition_read                       0x08005c2d   Thumb Code   162  fal_partition.o(i.fal_partition_read)
    fal_partition_write                      0x08005d5d   Thumb Code   162  fal_partition.o(i.fal_partition_write)
    fdb_blob_make                            0x08005e91   Thumb Code     6  fdb_utils.o(i.fdb_blob_make)
    fdb_blob_read                            0x08005e97   Thumb Code    36  fdb_utils.o(i.fdb_blob_read)
    fdb_calc_crc32                           0x08005ebd   Thumb Code    40  fdb_utils.o(i.fdb_calc_crc32)
    fdb_kv_del                               0x08005f09   Thumb Code    98  fdb_kvdb.o(i.fdb_kv_del)
    fdb_kv_get                               0x08005fb1   Thumb Code   136  fdb_kvdb.o(i.fdb_kv_get)
    fdb_kv_get_blob                          0x08006099   Thumb Code   106  fdb_kvdb.o(i.fdb_kv_get_blob)
    fdb_kv_set                               0x08006149   Thumb Code    60  fdb_kvdb.o(i.fdb_kv_set)
    fdb_kv_set_blob                          0x08006185   Thumb Code   100  fdb_kvdb.o(i.fdb_kv_set_blob)
    fdb_kv_set_default                       0x0800622d   Thumb Code   212  fdb_kvdb.o(i.fdb_kv_set_default)
    fdb_kvdb_init                            0x08006301   Thumb Code   312  fdb_kvdb.o(i.fdb_kvdb_init)
    fdb_tsdb_init                            0x08006481   Thumb Code   388  fdb_tsdb.o(i.fdb_tsdb_init)
    fdb_tsl_append                           0x08006671   Thumb Code    96  fdb_tsdb.o(i.fdb_tsl_append)
    fdb_tsl_iter_reverse                     0x08006715   Thumb Code   232  fdb_tsdb.o(i.fdb_tsl_iter_reverse)
    fdb_tsl_to_blob                          0x08006841   Thumb Code    18  fdb_tsdb.o(i.fdb_tsl_to_blob)
    flash_log_init                           0x080069d9   Thumb Code   110  myflashdb_log.o(i.flash_log_init)
    flashdata_init                           0x08006acd   Thumb Code    40  myflashdb_data.o(i.flashdata_init)
    free                                     0x08006d89   Thumb Code    76  malloc.o(i.free)
    get_data_config                          0x08006e81   Thumb Code    66  myflashdb_data.o(i.get_data_config)
    get_power_count                          0x08007125   Thumb Code    30  myflashdb_data.o(i.get_power_count)
    get_team_number                          0x08007189   Thumb Code    40  myflashdb_data.o(i.get_team_number)
    get_unix_time                            0x080071d1   Thumb Code   184  data_process.o(i.get_unix_time)
    get_usart1_rx_len                        0x08007289   Thumb Code    18  mydma.o(i.get_usart1_rx_len)
    gpio_af_set                              0x080072a1   Thumb Code    94  gd32f4xx_gpio.o(i.gpio_af_set)
    gpio_bit_reset                           0x080072ff   Thumb Code     4  gd32f4xx_gpio.o(i.gpio_bit_reset)
    gpio_bit_set                             0x08007303   Thumb Code     4  gd32f4xx_gpio.o(i.gpio_bit_set)
    gpio_input_bit_get                       0x08007307   Thumb Code    16  gd32f4xx_gpio.o(i.gpio_input_bit_get)
    gpio_mode_set                            0x08007317   Thumb Code    78  gd32f4xx_gpio.o(i.gpio_mode_set)
    gpio_output_options_set                  0x08007365   Thumb Code    66  gd32f4xx_gpio.o(i.gpio_output_options_set)
    is_power_on_reset                        0x080073b1   Thumb Code    28  function.o(i.is_power_on_reset)
    key_Check_Tick                           0x080073cd   Thumb Code   664  key.o(i.key_Check_Tick)
    key_update                               0x08007685   Thumb Code   114  function.o(i.key_update)
    led1_off                                 0x08007815   Thumb Code    14  led.o(i.led1_off)
    led1_turn                                0x08007829   Thumb Code    48  led.o(i.led1_turn)
    led2_off                                 0x08007861   Thumb Code    14  led.o(i.led2_off)
    led2_on                                  0x08007875   Thumb Code    14  led.o(i.led2_on)
    main                                     0x08007889   Thumb Code    14  main.o(i.main)
    malloc                                   0x08007899   Thumb Code    92  malloc.o(i.malloc)
    nvic_config                              0x08007b15   Thumb Code    22  function.o(i.nvic_config)
    nvic_irq_enable                          0x08007b2d   Thumb Code   186  gd32f4xx_misc.o(i.nvic_irq_enable)
    nvic_priority_group_set                  0x08007bf1   Thumb Code    10  gd32f4xx_misc.o(i.nvic_priority_group_set)
    oled_idle_refresh                        0x08007c05   Thumb Code    46  function.o(i.oled_idle_refresh)
    pmu_backup_write_enable                  0x08007c55   Thumb Code    14  gd32f4xx_pmu.o(i.pmu_backup_write_enable)
    pmu_flag_clear                           0x08007c69   Thumb Code    42  gd32f4xx_pmu.o(i.pmu_flag_clear)
    pmu_to_deepsleepmode                     0x08007c99   Thumb Code   204  gd32f4xx_pmu.o(i.pmu_to_deepsleepmode)
    print_latest_hide_logs                   0x08007d8d   Thumb Code   166  myflashdb_log.o(i.print_latest_hide_logs)
    print_latest_normal_logs                 0x08007e61   Thumb Code   120  myflashdb_log.o(i.print_latest_normal_logs)
    print_latest_over_logs                   0x08007ef1   Thumb Code   190  myflashdb_log.o(i.print_latest_over_logs)
    print_latest_sample_logs                 0x08007fdd   Thumb Code   190  myflashdb_log.o(i.print_latest_sample_logs)
    rcu_all_reset_flag_clear                 0x08008399   Thumb Code    14  gd32f4xx_rcu.o(i.rcu_all_reset_flag_clear)
    rcu_clock_freq_get                       0x080083ad   Thumb Code   264  gd32f4xx_rcu.o(i.rcu_clock_freq_get)
    rcu_flag_get                             0x080084d1   Thumb Code    32  gd32f4xx_rcu.o(i.rcu_flag_get)
    rcu_osci_on                              0x080084f5   Thumb Code    32  gd32f4xx_rcu.o(i.rcu_osci_on)
    rcu_osci_stab_wait                       0x08008519   Thumb Code   342  gd32f4xx_rcu.o(i.rcu_osci_stab_wait)
    rcu_periph_clock_enable                  0x08008675   Thumb Code    32  gd32f4xx_rcu.o(i.rcu_periph_clock_enable)
    rcu_periph_reset_disable                 0x08008699   Thumb Code    32  gd32f4xx_rcu.o(i.rcu_periph_reset_disable)
    rcu_periph_reset_enable                  0x080086bd   Thumb Code    32  gd32f4xx_rcu.o(i.rcu_periph_reset_enable)
    rcu_rtc_clock_config                     0x080086e1   Thumb Code    18  gd32f4xx_rcu.o(i.rcu_rtc_clock_config)
    reset_usart1_rx_dma                      0x08008db9   Thumb Code    42  mydma.o(i.reset_usart1_rx_dma)
    rs485_printf                             0x08008de9   Thumb Code   174  usart.o(i.rs485_printf)
    rtc_current_time_get                     0x08008ead   Thumb Code    96  gd32f4xx_rtc.o(i.rtc_current_time_get)
    rtc_flag_clear                           0x08008f2d   Thumb Code    12  gd32f4xx_rtc.o(i.rtc_flag_clear)
    rtc_flag_get                             0x08008f3d   Thumb Code    16  gd32f4xx_rtc.o(i.rtc_flag_get)
    rtc_init                                 0x08008f51   Thumb Code   216  gd32f4xx_rtc.o(i.rtc_init)
    rtc_init_mode_enter                      0x0800902d   Thumb Code    66  gd32f4xx_rtc.o(i.rtc_init_mode_enter)
    rtc_init_mode_exit                       0x08009075   Thumb Code    14  gd32f4xx_rtc.o(i.rtc_init_mode_exit)
    rtc_interrupt_enable                     0x08009089   Thumb Code    54  gd32f4xx_rtc.o(i.rtc_interrupt_enable)
    rtc_register_sync_wait                   0x080090c5   Thumb Code    92  gd32f4xx_rtc.o(i.rtc_register_sync_wait)
    rtc_setup                                0x08009125   Thumb Code   144  rtc.o(i.rtc_setup)
    rtc_show_time                            0x080091c9   Thumb Code   154  rtc.o(i.rtc_show_time)
    rtc_wakeup_clock_set                     0x0800928d   Thumb Code    88  gd32f4xx_rtc.o(i.rtc_wakeup_clock_set)
    rtc_wakeup_disable                       0x080092e9   Thumb Code    78  gd32f4xx_rtc.o(i.rtc_wakeup_disable)
    rtc_wakeup_enable                        0x0800933d   Thumb Code    34  gd32f4xx_rtc.o(i.rtc_wakeup_enable)
    rtc_wakeup_timer_set                     0x08009365   Thumb Code    70  gd32f4xx_rtc.o(i.rtc_wakeup_timer_set)
    sample_led_update                        0x080093b1   Thumb Code   232  function.o(i.sample_led_update)
    sample_result_show                       0x080094f9   Thumb Code   214  cmd_parse.o(i.sample_result_show)
    sd_interrupts_process                    0x08009629   Thumb Code   286  sdcard.o(i.sd_interrupts_process)
    sd_transfer_stop                         0x08009759   Thumb Code    36  sdcard.o(i.sd_transfer_stop)
    sdio_command_index_get                   0x0800977d   Thumb Code     8  gd32f4xx_sdio.o(i.sdio_command_index_get)
    sdio_command_response_config             0x08009789   Thumb Code    52  gd32f4xx_sdio.o(i.sdio_command_response_config)
    sdio_csm_enable                          0x080097c1   Thumb Code    14  gd32f4xx_sdio.o(i.sdio_csm_enable)
    sdio_flag_clear                          0x080097d5   Thumb Code     6  gd32f4xx_sdio.o(i.sdio_flag_clear)
    sdio_interrupt_disable                   0x080097e1   Thumb Code    12  gd32f4xx_sdio.o(i.sdio_interrupt_disable)
    sdio_interrupt_flag_clear                0x080097f1   Thumb Code     6  gd32f4xx_sdio.o(i.sdio_interrupt_flag_clear)
    sdio_interrupt_flag_get                  0x080097fd   Thumb Code    16  gd32f4xx_sdio.o(i.sdio_interrupt_flag_get)
    sdio_response_get                        0x08009811   Thumb Code    56  gd32f4xx_sdio.o(i.sdio_response_get)
    sdio_wait_type_set                       0x0800984d   Thumb Code    22  gd32f4xx_sdio.o(i.sdio_wait_type_set)
    set_data_config                          0x08009a99   Thumb Code    36  myflashdb_data.o(i.set_data_config)
    set_power_count                          0x08009b99   Thumb Code    52  myflashdb_data.o(i.set_power_count)
    set_team_number                          0x08009bdd   Thumb Code    22  myflashdb_data.o(i.set_team_number)
    spi_enable                               0x08009c05   Thumb Code    10  gd32f4xx_spi.o(i.spi_enable)
    spi_flash_buffer_erase                   0x08009c11   Thumb Code   262  spi_flash.o(i.spi_flash_buffer_erase)
    spi_flash_buffer_read                    0x08009d21   Thumb Code    80  spi_flash.o(i.spi_flash_buffer_read)
    spi_flash_buffer_write                   0x08009d75   Thumb Code   196  spi_flash.o(i.spi_flash_buffer_write)
    spi_flash_init                           0x08009e39   Thumb Code   148  spi_flash.o(i.spi_flash_init)
    spi_flash_page_write                     0x08009ed9   Thumb Code    86  spi_flash.o(i.spi_flash_page_write)
    spi_flash_sector_erase                   0x08009f35   Thumb Code    62  spi_flash.o(i.spi_flash_sector_erase)
    spi_flash_send_byte                      0x08009f79   Thumb Code    82  spi_flash.o(i.spi_flash_send_byte)
    spi_flash_wait_for_write_end             0x08009fd1   Thumb Code    64  spi_flash.o(i.spi_flash_wait_for_write_end)
    spi_flash_write_enable                   0x0800a015   Thumb Code    30  spi_flash.o(i.spi_flash_write_enable)
    spi_i2s_data_receive                     0x0800a039   Thumb Code     8  gd32f4xx_spi.o(i.spi_i2s_data_receive)
    spi_i2s_data_transmit                    0x0800a041   Thumb Code     4  gd32f4xx_spi.o(i.spi_i2s_data_transmit)
    spi_i2s_flag_get                         0x0800a045   Thumb Code    16  gd32f4xx_spi.o(i.spi_i2s_flag_get)
    spi_init                                 0x0800a055   Thumb Code    50  gd32f4xx_spi.o(i.spi_init)
    sysFunction_Init                         0x0800a089   Thumb Code   222  function.o(i.sysFunction_Init)
    sysFunction_loop                         0x0800a1e5   Thumb Code    24  function.o(i.sysFunction_loop)
    systick_config                           0x0800a30d   Thumb Code    74  systick.o(i.systick_config)
    tim6_functimer_init                      0x0800a35d   Thumb Code    94  tim6_functimer.o(i.tim6_functimer_init)
    tim6_timeoutcheck                        0x0800a3c1   Thumb Code    40  tim6_functimer.o(i.tim6_timeoutcheck)
    timer_deinit                             0x0800a3e9   Thumb Code   374  gd32f4xx_timer.o(i.timer_deinit)
    timer_enable                             0x0800a56d   Thumb Code    10  gd32f4xx_timer.o(i.timer_enable)
    timer_init                               0x0800a579   Thumb Code   122  gd32f4xx_timer.o(i.timer_init)
    timer_interrupt_enable                   0x0800a611   Thumb Code     8  gd32f4xx_timer.o(i.timer_interrupt_enable)
    timer_interrupt_flag_clear               0x0800a619   Thumb Code     6  gd32f4xx_timer.o(i.timer_interrupt_flag_clear)
    timer_interrupt_flag_get                 0x0800a61f   Thumb Code    24  gd32f4xx_timer.o(i.timer_interrupt_flag_get)
    timer_struct_para_init                   0x0800a637   Thumb Code    22  gd32f4xx_timer.o(i.timer_struct_para_init)
    unix_to_str                              0x0800a815   Thumb Code   558  data_process.o(i.unix_to_str)
    update_sample_cycle                      0x0800ab75   Thumb Code    50  function.o(i.update_sample_cycle)
    usart_baudrate_set                       0x0800af6d   Thumb Code   224  gd32f4xx_usart.o(i.usart_baudrate_set)
    usart_data_receive                       0x0800b055   Thumb Code    10  gd32f4xx_usart.o(i.usart_data_receive)
    usart_deinit                             0x0800b061   Thumb Code   210  gd32f4xx_usart.o(i.usart_deinit)
    usart_dma_receive_config                 0x0800b13d   Thumb Code    20  gd32f4xx_usart.o(i.usart_dma_receive_config)
    usart_dma_transmit_config                0x0800b151   Thumb Code    20  gd32f4xx_usart.o(i.usart_dma_transmit_config)
    usart_enable                             0x0800b165   Thumb Code    10  gd32f4xx_usart.o(i.usart_enable)
    usart_flag_get                           0x0800b16f   Thumb Code    30  gd32f4xx_usart.o(i.usart_flag_get)
    usart_interrupt_enable                   0x0800b18d   Thumb Code    26  gd32f4xx_usart.o(i.usart_interrupt_enable)
    usart_interrupt_flag_get                 0x0800b1a7   Thumb Code    56  gd32f4xx_usart.o(i.usart_interrupt_flag_get)
    usart_parity_config                      0x0800b1df   Thumb Code    16  gd32f4xx_usart.o(i.usart_parity_config)
    usart_receive_config                     0x0800b1ef   Thumb Code    16  gd32f4xx_usart.o(i.usart_receive_config)
    usart_stop_bit_set                       0x0800b1ff   Thumb Code    16  gd32f4xx_usart.o(i.usart_stop_bit_set)
    usart_transmit_config                    0x0800b20f   Thumb Code    16  gd32f4xx_usart.o(i.usart_transmit_config)
    usart_word_length_set                    0x0800b21f   Thumb Code    16  gd32f4xx_usart.o(i.usart_word_length_set)
    F6x8                                     0x0800b42c   Data         552  oled.o(.constdata)
    F8X16                                    0x0800b654   Data        1520  oled.o(.constdata)
    asc2_1206                                0x0800bc44   Data        1140  oled.o(.constdata)
    asc2_1608                                0x0800c0b8   Data        1520  oled.o(.constdata)
    asc2_2412                                0x0800c6a8   Data        3420  oled.o(.constdata)
    nor_flash0                               0x0800d408   Data          56  fal_flash_port.o(.constdata)
    __ctype_table                            0x0800d969   Data         129  ctype_o.o(.constdata)
    Region$$Table$$Base                      0x0800dee0   Number         0  anon$$obj.o(Region$$Table)
    Region$$Table$$Limit                     0x0800df00   Number         0  anon$$obj.o(Region$$Table)
    g_key_stable_level                       0x20000004   Data           4  key.o(.data)
    Key_flag                                 0x20000008   Data           4  key.o(.data)
    CalcCount                                0x2000000c   Data           2  key.o(.data)
    CalcMode                                 0x2000000e   Data           2  key.o(.data)
    LED_Mode                                 0x20000010   Data           1  key.o(.data)
    Count                                    0x20000012   Data           8  key.o(.data)
    prev_real_level                          0x2000001a   Data           4  key.o(.data)
    sd_scr                                   0x20000040   Data           8  sdcard.o(.data)
    data_recv                                0x20000064   Data           1  usart.o(.data)
    usart1_rx_len                            0x20000066   Data           2  usart.o(.data)
    usart1_rx_flag                           0x20000068   Data           1  usart.o(.data)
    msTicks                                  0x2000007c   Data           4  tim6_functimer.o(.data)
    led1_turn_time                           0x20000080   Data           4  tim6_functimer.o(.data)
    adc_sample_cycle                         0x20000084   Data           4  tim6_functimer.o(.data)
    adc_sample_start                         0x20000088   Data           4  tim6_functimer.o(.data)
    adc_value                                0x2000008c   Data           4  mydma.o(.data)
    SystemCoreClock                          0x20000090   Data           4  system_gd32f4xx.o(.data)
    oled_idle_refresh_flag                   0x20000094   Data           1  function.o(.data)
    oled_idle_time                           0x20000096   Data           2  function.o(.data)
    flash_id                                 0x20000098   Data           4  function.o(.data)
    i                                        0x2000009c   Data           2  function.o(.data)
    count                                    0x2000009e   Data           2  function.o(.data)
    result                                   0x200000a0   Data           2  function.o(.data)
    is_successful                            0x200000a2   Data           1  function.o(.data)
    DEVICE_ID                                0x200000a4   Data           4  function.o(.data)
    sampling_flag                            0x200000a8   Data           1  function.o(.data)
    overlimit_flag                           0x200000a9   Data           1  function.o(.data)
    hide_flag                                0x200000aa   Data           1  function.o(.data)
    ratio_ch0                                0x200000b8   Data           4  cmd_parse.o(.data)
    limit_ch0                                0x200000bc   Data           4  cmd_parse.o(.data)
    dac_test_flag                            0x200000c0   Data           1  cmd_parse.o(.data)
    dac_test_count                           0x200000c2   Data           2  cmd_parse.o(.data)
    dac_test_flag6                           0x200000c4   Data           1  cmd_parse.o(.data)
    dac_test_flag3                           0x200000c5   Data           1  cmd_parse.o(.data)
    dac_test_flag0                           0x200000c6   Data           1  cmd_parse.o(.data)
    adc_volt                                 0x200000c8   Data           4  data_process.o(.data)
    dac_volt                                 0x200000cc   Data           4  data_process.o(.data)
    eng_volt                                 0x200000d0   Data           4  data_process.o(.data)
    __microlib_freelist                      0x200000d8   Data           4  mvars.o(.data)
    __microlib_freelist_initialised          0x200000dc   Data           4  mvars.o(.data)
    OLED_GRAM                                0x200000e4   Data         576  oled.o(.bss)
    rtc_initpara                             0x20000324   Data          20  rtc.o(.bss)
    rtc_alarm                                0x20000338   Data          16  rtc.o(.bss)
    usart1_rx_buffer                         0x200023dd   Data         256  mydma.o(.bss)
    usart1_tx_buffer                         0x200024dd   Data         256  mydma.o(.bss)
    encrypt_buf                              0x200025f0   Data          24  data_process.o(.bss)
    flashdata_db                             0x2000261c   Data         876  myflashdb_data.o(.bss)
    sample_db                                0x20002988   Data         100  myflashdb_log.o(.bss)
    over_db                                  0x200029ec   Data         100  myflashdb_log.o(.bss)
    hide_db                                  0x20002a50   Data         100  myflashdb_log.o(.bss)
    normal_db                                0x20002ab4   Data         100  myflashdb_log.o(.bss)
    __heap_base                              0x20002b18   Data           0  startup_gd32f450_470.o(HEAP)
    __heap_limit                             0x20003b18   Data           0  startup_gd32f450_470.o(HEAP)
    __initial_sp                             0x20004b18   Data           0  startup_gd32f450_470.o(STACK)



==============================================================================

Memory Map of the image

  Image Entry point : 0x080001ad

  Load Region LR_IROM1 (Base: 0x08000000, Size: 0x0000dfe4, Max: 0x00800000, ABSOLUTE)

    Execution Region ER_IROM1 (Exec base: 0x08000000, Load base: 0x08000000, Size: 0x0000df00, Max: 0x00800000, ABSOLUTE)

    Exec Addr    Load Addr    Size         Type   Attr      Idx    E Section Name        Object

    0x08000000   0x08000000   0x000001ac   Data   RO         2413    RESET               startup_gd32f450_470.o
    0x080001ac   0x080001ac   0x00000000   Code   RO         8640  * .ARM.Collect$$$$00000000  mc_w.l(entry.o)
    0x080001ac   0x080001ac   0x00000004   Code   RO         9007    .ARM.Collect$$$$00000001  mc_w.l(entry2.o)
    0x080001b0   0x080001b0   0x00000004   Code   RO         9010    .ARM.Collect$$$$00000004  mc_w.l(entry5.o)
    0x080001b4   0x080001b4   0x00000000   Code   RO         9012    .ARM.Collect$$$$00000008  mc_w.l(entry7b.o)
    0x080001b4   0x080001b4   0x00000000   Code   RO         9014    .ARM.Collect$$$$0000000A  mc_w.l(entry8b.o)
    0x080001b4   0x080001b4   0x00000008   Code   RO         9015    .ARM.Collect$$$$0000000B  mc_w.l(entry9a.o)
    0x080001bc   0x080001bc   0x00000000   Code   RO         9017    .ARM.Collect$$$$0000000D  mc_w.l(entry10a.o)
    0x080001bc   0x080001bc   0x00000000   Code   RO         9019    .ARM.Collect$$$$0000000F  mc_w.l(entry11a.o)
    0x080001bc   0x080001bc   0x00000004   Code   RO         9008    .ARM.Collect$$$$00002712  mc_w.l(entry2.o)
    0x080001c0   0x080001c0   0x00000024   Code   RO         2414    .text               startup_gd32f450_470.o
    0x080001e4   0x080001e4   0x00000008   Code   RO         8643    .text               mc_w.l(ctype_o.o)
    0x080001ec   0x080001ec   0x00000012   Code   RO         8665    .text               mc_w.l(isspace_o.o)
    0x080001fe   0x080001fe   0x00000002   PAD
    0x08000200   0x08000200   0x000000a8   Code   RO         8671    .text               mc_w.l(mktime.o)
    0x080002a8   0x080002a8   0x00000024   Code   RO         8674    .text               mc_w.l(memcpya.o)
    0x080002cc   0x080002cc   0x00000024   Code   RO         8676    .text               mc_w.l(memseta.o)
    0x080002f0   0x080002f0   0x00000024   Code   RO         8680    .text               mc_w.l(strstr.o)
    0x08000314   0x08000314   0x00000018   Code   RO         8682    .text               mc_w.l(strncpy.o)
    0x0800032c   0x0800032c   0x0000000e   Code   RO         8684    .text               mc_w.l(strlen.o)
    0x0800033a   0x0800033a   0x0000001c   Code   RO         8686    .text               mc_w.l(strcmp.o)
    0x08000356   0x08000356   0x0000001e   Code   RO         8688    .text               mc_w.l(strncmp.o)
    0x08000374   0x08000374   0x00000038   Code   RO         8981    .text               mc_w.l(__0sscanf.o)
    0x080003ac   0x080003ac   0x0000014c   Code   RO         8983    .text               mc_w.l(_scanf_int.o)
    0x080004f8   0x080004f8   0x00000360   Code   RO         8985    .text               mc_w.l(scanf_fp.o)
    0x08000858   0x08000858   0x0000014e   Code   RO         8989    .text               mf_w.l(dadd.o)
    0x080009a6   0x080009a6   0x000000e4   Code   RO         8991    .text               mf_w.l(dmul.o)
    0x08000a8a   0x08000a8a   0x000000de   Code   RO         8993    .text               mf_w.l(ddiv.o)
    0x08000b68   0x08000b68   0x0000001a   Code   RO         8997    .text               mf_w.l(dfltui.o)
    0x08000b82   0x08000b82   0x00000026   Code   RO         9001    .text               mf_w.l(f2d.o)
    0x08000ba8   0x08000ba8   0x00000030   Code   RO         9003    .text               mf_w.l(cdcmple.o)
    0x08000bd8   0x08000bd8   0x00000038   Code   RO         9005    .text               mf_w.l(d2f.o)
    0x08000c10   0x08000c10   0x0000002c   Code   RO         9024    .text               mc_w.l(uidiv.o)
    0x08000c3c   0x08000c3c   0x00000062   Code   RO         9026    .text               mc_w.l(uldiv.o)
    0x08000c9e   0x08000c9e   0x0000001e   Code   RO         9028    .text               mc_w.l(llshl.o)
    0x08000cbc   0x08000cbc   0x00000020   Code   RO         9030    .text               mc_w.l(llushr.o)
    0x08000cdc   0x08000cdc   0x00000024   Code   RO         9032    .text               mc_w.l(llsshr.o)
    0x08000d00   0x08000d00   0x0000008c   Code   RO         9037    .text               mc_w.l(localtime_i.o)
    0x08000d8c   0x08000d8c   0x0000001c   Code   RO         9049    .text               mc_w.l(_chval.o)
    0x08000da8   0x08000da8   0x00000028   Code   RO         9051    .text               mc_w.l(scanf_char.o)
    0x08000dd0   0x08000dd0   0x00000040   Code   RO         9053    .text               mc_w.l(_sgetc.o)
    0x08000e10   0x08000e10   0x00000000   Code   RO         9055    .text               mc_w.l(iusefp.o)
    0x08000e10   0x08000e10   0x0000006e   Code   RO         9056    .text               mf_w.l(fepilogue.o)
    0x08000e7e   0x08000e7e   0x0000003c   Code   RO         9058    .text               mf_w.l(frnd.o)
    0x08000eba   0x08000eba   0x000000ba   Code   RO         9060    .text               mf_w.l(depilogue.o)
    0x08000f74   0x08000f74   0x00000088   Code   RO         9062    .text               mf_w.l(drnd.o)
    0x08000ffc   0x08000ffc   0x00000018   Code   RO         9064    .text               mf_w.l(dfltul.o)
    0x08001014   0x08001014   0x00000030   Code   RO         9066    .text               mf_w.l(dfixul.o)
    0x08001044   0x08001044   0x0000004c   Code   RO         9068    .text               mf_w.l(ffixir.o)
    0x08001090   0x08001090   0x00000030   Code   RO         9070    .text               mf_w.l(cdrcmple.o)
    0x080010c0   0x080010c0   0x00000024   Code   RO         9072    .text               mc_w.l(init.o)
    0x080010e4   0x080010e4   0x0000032c   Code   RO         9077    .text               mc_w.l(_scanf.o)
    0x08001410   0x08001410   0x0000007c   Code   RO         2420    i.ADC_Init          adc.o
    0x0800148c   0x0800148c   0x00000016   Code   RO         2421    i.ADC_get           adc.o
    0x080014a2   0x080014a2   0x00000002   PAD
    0x080014a4   0x080014a4   0x0000001c   Code   RO         2423    i.ADC_get_pair      adc.o
    0x080014c0   0x080014c0   0x00000040   Code   RO         2424    i.ADC_port_init     adc.o
    0x08001500   0x08001500   0x00000004   Code   RO            3    i.BusFault_Handler  gd32f4xx_it.o
    0x08001504   0x08001504   0x00000014   Code   RO         2145    i.DAC_Get           dac.o
    0x08001518   0x08001518   0x00000068   Code   RO         2146    i.DAC_Init          dac.o
    0x08001580   0x08001580   0x00000024   Code   RO         2149    i.DAC_Set           dac.o
    0x080015a4   0x080015a4   0x00000024   Code   RO         2150    i.DAC_SetVoltage    dac.o
    0x080015c8   0x080015c8   0x0000004c   Code   RO         2151    i.DAC_VoltageToData  dac.o
    0x08001614   0x08001614   0x00000064   Code   RO         2508    i.DMA_ADC_Init      mydma.o
    0x08001678   0x08001678   0x00000002   Code   RO            4    i.DebugMon_Handler  gd32f4xx_it.o
    0x0800167a   0x0800167a   0x00000002   PAD
    0x0800167c   0x0800167c   0x0000000c   Code   RO         2464    i.Gettim6Time       tim6_functimer.o
    0x08001688   0x08001688   0x00000004   Code   RO            5    i.HardFault_Handler  gd32f4xx_it.o
    0x0800168c   0x0800168c   0x00000058   Code   RO          505    i.I2C_Start         oled.o
    0x080016e4   0x080016e4   0x00000048   Code   RO          506    i.I2C_Stop          oled.o
    0x0800172c   0x0800172c   0x00000080   Code   RO          507    i.I2C_WaitAck       oled.o
    0x080017ac   0x080017ac   0x00000018   Code   RO          508    i.IIC_delay         oled.o
    0x080017c4   0x080017c4   0x00000024   Code   RO          397    i.Key_Check         key.o
    0x080017e8   0x080017e8   0x00000094   Code   RO          398    i.Key_Debounce_Tick  key.o
    0x0800187c   0x0800187c   0x0000000c   Code   RO          399    i.Key_GetState      key.o
    0x08001888   0x08001888   0x00000020   Code   RO          400    i.Key_Init          key.o
    0x080018a8   0x080018a8   0x0000000c   Code   RO          401    i.Key_Tick          key.o
    0x080018b4   0x080018b4   0x00000038   Code   RO          454    i.LED_Init          led.o
    0x080018ec   0x080018ec   0x00000004   Code   RO            6    i.MemManage_Handler  gd32f4xx_it.o
    0x080018f0   0x080018f0   0x00000002   Code   RO            7    i.NMI_Handler       gd32f4xx_it.o
    0x080018f2   0x080018f2   0x00000002   PAD
    0x080018f4   0x080018f4   0x00000028   Code   RO          354    i.NVIC_SetPriority  systick.o
    0x0800191c   0x0800191c   0x00000030   Code   RO          509    i.OLED_Clear        oled.o
    0x0800194c   0x0800194c   0x00000060   Code   RO          510    i.OLED_ClearPoint   oled.o
    0x080019ac   0x080019ac   0x0000003c   Code   RO          517    i.OLED_DrawPoint    oled.o
    0x080019e8   0x080019e8   0x0000014c   Code   RO          518    i.OLED_Init         oled.o
    0x08001b34   0x08001b34   0x00000032   Code   RO          520    i.OLED_Printf       oled.o
    0x08001b66   0x08001b66   0x00000002   PAD
    0x08001b68   0x08001b68   0x0000004c   Code   RO          521    i.OLED_Refresh      oled.o
    0x08001bb4   0x08001bb4   0x000000fc   Code   RO          523    i.OLED_ShowChar     oled.o
    0x08001cb0   0x08001cb0   0x00000042   Code   RO          528    i.OLED_ShowString   oled.o
    0x08001cf2   0x08001cf2   0x00000038   Code   RO          530    i.OLED_WR_Byte      oled.o
    0x08001d2a   0x08001d2a   0x00000002   Code   RO            8    i.PendSV_Handler    gd32f4xx_it.o
    0x08001d2c   0x08001d2c   0x00000098   Code   RO          699    i.RTC_Init          rtc.o
    0x08001dc4   0x08001dc4   0x000000a8   Code   RO         2583    i.RTC_SetWakeup     sleep_wake.o
    0x08001e6c   0x08001e6c   0x00000030   Code   RO         2584    i.RTC_WKUP_IRQHandler  sleep_wake.o
    0x08001e9c   0x08001e9c   0x00000008   Code   RO            9    i.SDIO_IRQHandler   gd32f4xx_it.o
    0x08001ea4   0x08001ea4   0x00000002   Code   RO           10    i.SVC_Handler       gd32f4xx_it.o
    0x08001ea6   0x08001ea6   0x00000002   PAD
    0x08001ea8   0x08001ea8   0x0000005c   Code   RO          531    i.Send_Byte         oled.o
    0x08001f04   0x08001f04   0x00000008   Code   RO           11    i.SysTick_Handler   gd32f4xx_it.o
    0x08001f0c   0x08001f0c   0x000000d4   Code   RO         8090    i.SystemInit        system_gd32f4xx.o
    0x08001fe0   0x08001fe0   0x000000b8   Code   RO         2465    i.TIMER6_IRQHandler  tim6_functimer.o
    0x08002098   0x08002098   0x00000024   Code   RO         1088    i.USART1_ClearRxBuf  usart.o
    0x080020bc   0x080020bc   0x00000024   Code   RO         2510    i.USART1_DMA_All_Init  mydma.o
    0x080020e0   0x080020e0   0x00000094   Code   RO         1089    i.USART1_IRQHandler  usart.o
    0x08002174   0x08002174   0x000000f0   Code   RO         1090    i.USART1_Init       usart.o
    0x08002264   0x08002264   0x00000004   Code   RO           12    i.UsageFault_Handler  gd32f4xx_it.o
    0x08002268   0x08002268   0x00000030   Code   RO         8926    i.__0snprintf       mc_w.l(printfa.o)
    0x08002298   0x08002298   0x0000002c   Code   RO         8930    i.__0vsnprintf      mc_w.l(printfa.o)
    0x080022c4   0x080022c4   0x00000024   Code   RO         8931    i.__0vsprintf       mc_w.l(printfa.o)
    0x080022e8   0x080022e8   0x000000c2   Code   RO         8632    i.__hardfp_lroundf  m_wm.l(lroundf.o)
    0x080023aa   0x080023aa   0x00000006   PAD
    0x080023b0   0x080023b0   0x000000e0   Code   RO         8628    i.__hardfp_round    m_wm.l(round.o)
    0x08002490   0x08002490   0x0000000e   Code   RO         9085    i.__scatterload_copy  mc_w.l(handlers.o)
    0x0800249e   0x0800249e   0x00000002   Code   RO         9086    i.__scatterload_null  mc_w.l(handlers.o)
    0x080024a0   0x080024a0   0x0000000e   Code   RO         9087    i.__scatterload_zeroinit  mc_w.l(handlers.o)
    0x080024ae   0x080024ae   0x00000002   PAD
    0x080024b0   0x080024b0   0x0000000c   Code   RO         9044    i.__set_errno       mc_w.l(errno.o)
    0x080024bc   0x080024bc   0x00000064   Code   RO         2054    i._fdb_continue_ff_addr  fdb_utils.o
    0x08002520   0x08002520   0x00000010   Code   RO         1673    i._fdb_db_path      fdb.o
    0x08002530   0x08002530   0x0000002a   Code   RO         2055    i._fdb_flash_erase  fdb_utils.o
    0x0800255a   0x0800255a   0x00000032   Code   RO         2056    i._fdb_flash_read   fdb_utils.o
    0x0800258c   0x0800258c   0x00000036   Code   RO         2057    i._fdb_flash_write  fdb_utils.o
    0x080025c2   0x080025c2   0x0000005e   Code   RO         2058    i._fdb_flash_write_align  fdb_utils.o
    0x08002620   0x08002620   0x0000002a   Code   RO         2059    i._fdb_get_status   fdb_utils.o
    0x0800264a   0x0800264a   0x00000002   PAD
    0x0800264c   0x0800264c   0x0000027c   Code   RO         1675    i._fdb_init_ex      fdb.o
    0x080028c8   0x080028c8   0x000000a0   Code   RO         1676    i._fdb_init_finish  fdb.o
    0x08002968   0x08002968   0x00000104   Code   RO         1729    i._fdb_kv_load      fdb_kvdb.o
    0x08002a6c   0x08002a6c   0x00000094   Code   RO         2060    i._fdb_read_status  fdb_utils.o
    0x08002b00   0x08002b00   0x0000002e   Code   RO         2061    i._fdb_set_status   fdb_utils.o
    0x08002b2e   0x08002b2e   0x00000002   PAD
    0x08002b30   0x08002b30   0x000000e4   Code   RO         2062    i._fdb_write_status  fdb_utils.o
    0x08002c14   0x08002c14   0x00000184   Code   RO         8932    i._fp_digits        mc_w.l(printfa.o)
    0x08002d98   0x08002d98   0x0000000e   Code   RO         8987    i._is_digit         mc_w.l(scanf_fp.o)
    0x08002da6   0x08002da6   0x00000002   PAD
    0x08002da8   0x08002da8   0x000006dc   Code   RO         8933    i._printf_core      mc_w.l(printfa.o)
    0x08003484   0x08003484   0x00000024   Code   RO         8934    i._printf_post_padding  mc_w.l(printfa.o)
    0x080034a8   0x080034a8   0x0000002e   Code   RO         8935    i._printf_pre_padding  mc_w.l(printfa.o)
    0x080034d6   0x080034d6   0x00000016   Code   RO         8936    i._snputc           mc_w.l(printfa.o)
    0x080034ec   0x080034ec   0x0000000a   Code   RO         8937    i._sputc            mc_w.l(printfa.o)
    0x080034f6   0x080034f6   0x0000002a   Code   RO         2609    i.adc_calibration_enable  gd32f4xx_adc.o
    0x08003520   0x08003520   0x00000052   Code   RO         2611    i.adc_channel_length_config  gd32f4xx_adc.o
    0x08003572   0x08003572   0x00000002   PAD
    0x08003574   0x08003574   0x00000024   Code   RO         2612    i.adc_clock_config  gd32f4xx_adc.o
    0x08003598   0x08003598   0x00000016   Code   RO         2613    i.adc_data_alignment_config  gd32f4xx_adc.o
    0x080035ae   0x080035ae   0x00000014   Code   RO         2614    i.adc_deinit        gd32f4xx_adc.o
    0x080035c2   0x080035c2   0x0000000a   Code   RO         2618    i.adc_dma_mode_enable  gd32f4xx_adc.o
    0x080035cc   0x080035cc   0x0000000a   Code   RO         2620    i.adc_dma_request_after_last_enable  gd32f4xx_adc.o
    0x080035d6   0x080035d6   0x00000012   Code   RO         2621    i.adc_enable        gd32f4xx_adc.o
    0x080035e8   0x080035e8   0x00000034   Code   RO         2623    i.adc_external_trigger_config  gd32f4xx_adc.o
    0x0800361c   0x0800361c   0x0000003a   Code   RO         2635    i.adc_oversample_mode_config  gd32f4xx_adc.o
    0x08003656   0x08003656   0x0000000e   Code   RO         2637    i.adc_oversample_mode_enable  gd32f4xx_adc.o
    0x08003664   0x08003664   0x000000ac   Code   RO         2639    i.adc_routine_channel_config  gd32f4xx_adc.o
    0x08003710   0x08003710   0x00000024   Code   RO         2642    i.adc_software_trigger_enable  gd32f4xx_adc.o
    0x08003734   0x08003734   0x0000005a   Code   RO         2643    i.adc_special_function_config  gd32f4xx_adc.o
    0x0800378e   0x0800378e   0x00000002   PAD
    0x08003790   0x08003790   0x00000098   Code   RO         1730    i.alloc_kv          fdb_kvdb.o
    0x08003828   0x08003828   0x00000038   Code   RO         1731    i.alloc_kv_cb       fdb_kvdb.o
    0x08003860   0x08003860   0x00000040   Code   RO         8500    i.append_hide_log   myflashdb_log.o
    0x080038a0   0x080038a0   0x00000050   Code   RO         8501    i.append_normal_log  myflashdb_log.o
    0x080038f0   0x080038f0   0x00000038   Code   RO         8502    i.append_over_log   myflashdb_log.o
    0x08003928   0x08003928   0x0000003c   Code   RO         8503    i.append_sample_log  myflashdb_log.o
    0x08003964   0x08003964   0x00000028   Code   RO         1732    i.check_and_recovery_gc_cb  fdb_kvdb.o
    0x0800398c   0x0800398c   0x000000a4   Code   RO         1733    i.check_and_recovery_kv_cb  fdb_kvdb.o
    0x08003a30   0x08003a30   0x00000098   Code   RO         1597    i.check_and_update_part_cache  fal_partition.o
    0x08003ac8   0x08003ac8   0x00000026   Code   RO         1734    i.check_oldest_addr_cb  fdb_kvdb.o
    0x08003aee   0x08003aee   0x00000036   Code   RO         1735    i.check_sec_hdr_cb  fdb_kvdb.o
    0x08003b24   0x08003b24   0x000000f0   Code   RO         2248    i.check_sec_hdr_cb  fdb_tsdb.o
    0x08003c14   0x08003c14   0x00000390   Code   RO         8201    i.cmd_parse         cmd_parse.o
    0x08003fa4   0x08003fa4   0x00000284   Code   RO         8202    i.cmd_parse_RTC_Config  cmd_parse.o
    0x08004228   0x08004228   0x0000001c   Code   RO         8203    i.cmd_parse_RTC_now  cmd_parse.o
    0x08004244   0x08004244   0x000000d0   Code   RO         8204    i.cmd_parse_conf    cmd_parse.o
    0x08004314   0x08004314   0x00000124   Code   RO         8205    i.cmd_parse_config_read  cmd_parse.o
    0x08004438   0x08004438   0x0000011c   Code   RO         8206    i.cmd_parse_config_save  cmd_parse.o
    0x08004554   0x08004554   0x0000015c   Code   RO         8207    i.cmd_parse_dac     cmd_parse.o
    0x080046b0   0x080046b0   0x00000020   Code   RO         8208    i.cmd_parse_dac_test  cmd_parse.o
    0x080046d0   0x080046d0   0x00000014   Code   RO         8209    i.cmd_parse_hide    cmd_parse.o
    0x080046e4   0x080046e4   0x0000000e   Code   RO         8210    i.cmd_parse_hide_read  cmd_parse.o
    0x080046f2   0x080046f2   0x00000008   Code   RO         8211    i.cmd_parse_init    cmd_parse.o
    0x080046fa   0x080046fa   0x00000002   PAD
    0x080046fc   0x080046fc   0x0000015c   Code   RO         8212    i.cmd_parse_limit   cmd_parse.o
    0x08004858   0x08004858   0x0000000e   Code   RO         8213    i.cmd_parse_log_read  cmd_parse.o
    0x08004866   0x08004866   0x0000000e   Code   RO         8214    i.cmd_parse_over_read  cmd_parse.o
    0x08004874   0x08004874   0x0000016c   Code   RO         8215    i.cmd_parse_ratio   cmd_parse.o
    0x080049e0   0x080049e0   0x0000000e   Code   RO         8216    i.cmd_parse_sample_read  cmd_parse.o
    0x080049ee   0x080049ee   0x00000002   PAD
    0x080049f0   0x080049f0   0x00000074   Code   RO         8217    i.cmd_parse_start   cmd_parse.o
    0x08004a64   0x08004a64   0x00000050   Code   RO         8218    i.cmd_parse_stop    cmd_parse.o
    0x08004ab4   0x08004ab4   0x00000118   Code   RO         8219    i.cmd_parse_test    cmd_parse.o
    0x08004bcc   0x08004bcc   0x00000014   Code   RO         8220    i.cmd_parse_unhide  cmd_parse.o
    0x08004be0   0x08004be0   0x00000254   Code   RO         1736    i.create_kv_blob    fdb_kvdb.o
    0x08004e34   0x08004e34   0x00000040   Code   RO         3271    i.dac_data_set      gd32f4xx_dac.o
    0x08004e74   0x08004e74   0x00000028   Code   RO         3272    i.dac_deinit        gd32f4xx_dac.o
    0x08004e9c   0x08004e9c   0x0000001a   Code   RO         3276    i.dac_enable        gd32f4xx_dac.o
    0x08004eb6   0x08004eb6   0x0000001a   Code   RO         3285    i.dac_output_buffer_enable  gd32f4xx_dac.o
    0x08004ed0   0x08004ed0   0x00000016   Code   RO         3286    i.dac_output_value_get  gd32f4xx_dac.o
    0x08004ee6   0x08004ee6   0x00000002   PAD
    0x08004ee8   0x08004ee8   0x000001e8   Code   RO         8221    i.dac_test_tick     cmd_parse.o
    0x080050d0   0x080050d0   0x000000f8   Code   RO         8384    i.data_calc_eng_volt  data_process.o
    0x080051c8   0x080051c8   0x00000034   Code   RO         8385    i.data_check_overlimit  data_process.o
    0x080051fc   0x080051fc   0x000000b8   Code   RO         8386    i.data_encrypt      data_process.o
    0x080052b4   0x080052b4   0x00000102   Code   RO         1737    i.del_kv            fdb_kvdb.o
    0x080053b6   0x080053b6   0x00000002   PAD
    0x080053b8   0x080053b8   0x00000014   Code   RO          355    i.delay_1ms         systick.o
    0x080053cc   0x080053cc   0x00000018   Code   RO          356    i.delay_decrement   systick.o
    0x080053e4   0x080053e4   0x00000020   Code   RO         3649    i.dma_channel_disable  gd32f4xx_dma.o
    0x08005404   0x08005404   0x00000020   Code   RO         3650    i.dma_channel_enable  gd32f4xx_dma.o
    0x08005424   0x08005424   0x00000026   Code   RO         3651    i.dma_channel_subperipheral_select  gd32f4xx_dma.o
    0x0800544a   0x0800544a   0x000000a6   Code   RO         3654    i.dma_deinit        gd32f4xx_dma.o
    0x080054f0   0x080054f0   0x0000002e   Code   RO         2511    i.dma_enable        mydma.o
    0x0800551e   0x0800551e   0x0000003e   Code   RO         3656    i.dma_flag_clear    gd32f4xx_dma.o
    0x0800555c   0x0800555c   0x0000004c   Code   RO         3657    i.dma_flag_get      gd32f4xx_dma.o
    0x080055a8   0x080055a8   0x00000158   Code   RO         3674    i.dma_single_data_mode_init  gd32f4xx_dma.o
    0x08005700   0x08005700   0x00000010   Code   RO         3679    i.dma_transfer_number_config  gd32f4xx_dma.o
    0x08005710   0x08005710   0x00000010   Code   RO         3680    i.dma_transfer_number_get  gd32f4xx_dma.o
    0x08005720   0x08005720   0x00000060   Code   RO         2512    i.dma_usart1_rx_config  mydma.o
    0x08005780   0x08005780   0x0000005c   Code   RO         2513    i.dma_usart_tx_config  mydma.o
    0x080057dc   0x080057dc   0x00000130   Code   RO         1738    i.do_gc             fdb_kvdb.o
    0x0800590c   0x0800590c   0x00000012   Code   RO         1531    i.erase             fal_flash_port.o
    0x0800591e   0x0800591e   0x00000002   PAD
    0x08005920   0x08005920   0x000000bc   Code   RO         4677    i.exti_init         gd32f4xx_exti.o
    0x080059dc   0x080059dc   0x00000010   Code   RO         4679    i.exti_interrupt_enable  gd32f4xx_exti.o
    0x080059ec   0x080059ec   0x0000000c   Code   RO         4680    i.exti_interrupt_flag_clear  gd32f4xx_exti.o
    0x080059f8   0x080059f8   0x00000030   Code   RO         1508    i.fal_flash_device_find  fal_flash.o
    0x08005a28   0x08005a28   0x0000003c   Code   RO         1509    i.fal_flash_init    fal_flash.o
    0x08005a64   0x08005a64   0x0000001a   Code   RO         1474    i.fal_init          fal.o
    0x08005a7e   0x08005a7e   0x00000002   PAD
    0x08005a80   0x08005a80   0x00000128   Code   RO         1599    i.fal_partition_erase  fal_partition.o
    0x08005ba8   0x08005ba8   0x0000003c   Code   RO         1601    i.fal_partition_find  fal_partition.o
    0x08005be4   0x08005be4   0x00000048   Code   RO         1602    i.fal_partition_init  fal_partition.o
    0x08005c2c   0x08005c2c   0x00000130   Code   RO         1603    i.fal_partition_read  fal_partition.o
    0x08005d5c   0x08005d5c   0x00000134   Code   RO         1604    i.fal_partition_write  fal_partition.o
    0x08005e90   0x08005e90   0x00000006   Code   RO         2063    i.fdb_blob_make     fdb_utils.o
    0x08005e96   0x08005e96   0x00000024   Code   RO         2064    i.fdb_blob_read     fdb_utils.o
    0x08005eba   0x08005eba   0x00000002   PAD
    0x08005ebc   0x08005ebc   0x0000002c   Code   RO         2065    i.fdb_calc_crc32    fdb_utils.o
    0x08005ee8   0x08005ee8   0x0000001e   Code   RO         1739    i.fdb_is_str        fdb_kvdb.o
    0x08005f06   0x08005f06   0x00000002   PAD
    0x08005f08   0x08005f08   0x000000a8   Code   RO         1740    i.fdb_kv_del        fdb_kvdb.o
    0x08005fb0   0x08005fb0   0x000000e8   Code   RO         1741    i.fdb_kv_get        fdb_kvdb.o
    0x08006098   0x08006098   0x000000b0   Code   RO         1742    i.fdb_kv_get_blob   fdb_kvdb.o
    0x08006148   0x08006148   0x0000003c   Code   RO         1747    i.fdb_kv_set        fdb_kvdb.o
    0x08006184   0x08006184   0x000000a8   Code   RO         1748    i.fdb_kv_set_blob   fdb_kvdb.o
    0x0800622c   0x0800622c   0x000000d4   Code   RO         1749    i.fdb_kv_set_default  fdb_kvdb.o
    0x08006300   0x08006300   0x00000180   Code   RO         1754    i.fdb_kvdb_init     fdb_kvdb.o
    0x08006480   0x08006480   0x000001f0   Code   RO         2251    i.fdb_tsdb_init     fdb_tsdb.o
    0x08006670   0x08006670   0x000000a4   Code   RO         2252    i.fdb_tsl_append    fdb_tsdb.o
    0x08006714   0x08006714   0x0000012c   Code   RO         2257    i.fdb_tsl_iter_reverse  fdb_tsdb.o
    0x08006840   0x08006840   0x00000012   Code   RO         2260    i.fdb_tsl_to_blob   fdb_tsdb.o
    0x08006852   0x08006852   0x00000050   Code   RO         1755    i.find_kv           fdb_kvdb.o
    0x080068a2   0x080068a2   0x00000046   Code   RO         1756    i.find_kv_cb        fdb_kvdb.o
    0x080068e8   0x080068e8   0x00000028   Code   RO         1757    i.find_kv_no_cache  fdb_kvdb.o
    0x08006910   0x08006910   0x000000ac   Code   RO         1758    i.find_next_kv_addr  fdb_kvdb.o
    0x080069bc   0x080069bc   0x0000001c   Code   RO         1607    i.flash_device_find_by_part  fal_partition.o
    0x080069d8   0x080069d8   0x000000f4   Code   RO         8509    i.flash_log_init    myflashdb_log.o
    0x08006acc   0x08006acc   0x00000070   Code   RO         8436    i.flashdata_init    myflashdb_data.o
    0x08006b3c   0x08006b3c   0x0000001a   Code   RO         2261    i.format_all_cb     fdb_tsdb.o
    0x08006b56   0x08006b56   0x00000002   PAD
    0x08006b58   0x08006b58   0x0000012c   Code   RO         1759    i.format_sector     fdb_kvdb.o
    0x08006c84   0x08006c84   0x00000104   Code   RO         2262    i.format_sector     fdb_tsdb.o
    0x08006d88   0x08006d88   0x00000050   Code   RO         8953    i.free              mc_w.l(malloc.o)
    0x08006dd8   0x08006dd8   0x0000001a   Code   RO         1760    i.gc_check_cb       fdb_kvdb.o
    0x08006df2   0x08006df2   0x0000000e   Code   RO         1761    i.gc_collect        fdb_kvdb.o
    0x08006e00   0x08006e00   0x0000005c   Code   RO         1762    i.gc_collect_by_free_size  fdb_kvdb.o
    0x08006e5c   0x08006e5c   0x00000024   Code   RO         8510    i.get_current_time  myflashdb_log.o
    0x08006e80   0x08006e80   0x00000058   Code   RO         8437    i.get_data_config   myflashdb_data.o
    0x08006ed8   0x08006ed8   0x0000004e   Code   RO         1763    i.get_kv            fdb_kvdb.o
    0x08006f26   0x08006f26   0x000000c2   Code   RO         1764    i.get_kv_from_cache  fdb_kvdb.o
    0x08006fe8   0x08006fe8   0x0000002c   Code   RO         2263    i.get_last_sector_addr  fdb_tsdb.o
    0x08007014   0x08007014   0x0000002e   Code   RO         2264    i.get_last_tsl_addr  fdb_tsdb.o
    0x08007042   0x08007042   0x0000007a   Code   RO         1765    i.get_next_kv_addr  fdb_kvdb.o
    0x080070bc   0x080070bc   0x0000003a   Code   RO         1766    i.get_next_sector_addr  fdb_kvdb.o
    0x080070f6   0x080070f6   0x0000002c   Code   RO         2265    i.get_next_sector_addr  fdb_tsdb.o
    0x08007122   0x08007122   0x00000002   PAD
    0x08007124   0x08007124   0x00000030   Code   RO         8438    i.get_power_count   myflashdb_data.o
    0x08007154   0x08007154   0x00000034   Code   RO         1767    i.get_sector_from_cache  fdb_kvdb.o
    0x08007188   0x08007188   0x00000048   Code   RO         8439    i.get_team_number   myflashdb_data.o
    0x080071d0   0x080071d0   0x000000b8   Code   RO         8387    i.get_unix_time     data_process.o
    0x08007288   0x08007288   0x00000018   Code   RO         2514    i.get_usart1_rx_len  mydma.o
    0x080072a0   0x080072a0   0x0000005e   Code   RO         5068    i.gpio_af_set       gd32f4xx_gpio.o
    0x080072fe   0x080072fe   0x00000004   Code   RO         5069    i.gpio_bit_reset    gd32f4xx_gpio.o
    0x08007302   0x08007302   0x00000004   Code   RO         5070    i.gpio_bit_set      gd32f4xx_gpio.o
    0x08007306   0x08007306   0x00000010   Code   RO         5074    i.gpio_input_bit_get  gd32f4xx_gpio.o
    0x08007316   0x08007316   0x0000004e   Code   RO         5076    i.gpio_mode_set     gd32f4xx_gpio.o
    0x08007364   0x08007364   0x00000042   Code   RO         5078    i.gpio_output_options_set  gd32f4xx_gpio.o
    0x080073a6   0x080073a6   0x0000000a   Code   RO         1532    i.init              fal_flash_port.o
    0x080073b0   0x080073b0   0x0000001c   Code   RO         8131    i.is_power_on_reset  function.o
    0x080073cc   0x080073cc   0x000002b8   Code   RO          402    i.key_Check_Tick    key.o
    0x08007684   0x08007684   0x000000fc   Code   RO         8132    i.key_update        function.o
    0x08007780   0x08007780   0x00000092   Code   RO         1768    i.kv_iterator       fdb_kvdb.o
    0x08007812   0x08007812   0x00000002   PAD
    0x08007814   0x08007814   0x00000014   Code   RO          455    i.led1_off          led.o
    0x08007828   0x08007828   0x00000038   Code   RO          457    i.led1_turn         led.o
    0x08007860   0x08007860   0x00000014   Code   RO          458    i.led2_off          led.o
    0x08007874   0x08007874   0x00000014   Code   RO          459    i.led2_on           led.o
    0x08007888   0x08007888   0x0000000e   Code   RO          207    i.main              main.o
    0x08007896   0x08007896   0x00000002   PAD
    0x08007898   0x08007898   0x0000006c   Code   RO         8954    i.malloc            mc_w.l(malloc.o)
    0x08007904   0x08007904   0x0000012e   Code   RO         1769    i.move_kv           fdb_kvdb.o
    0x08007a32   0x08007a32   0x00000002   PAD
    0x08007a34   0x08007a34   0x000000bc   Code   RO         1770    i.new_kv            fdb_kvdb.o
    0x08007af0   0x08007af0   0x00000024   Code   RO         1771    i.new_kv_ex         fdb_kvdb.o
    0x08007b14   0x08007b14   0x00000016   Code   RO         8133    i.nvic_config       function.o
    0x08007b2a   0x08007b2a   0x00000002   PAD
    0x08007b2c   0x08007b2c   0x000000c4   Code   RO         5641    i.nvic_irq_enable   gd32f4xx_misc.o
    0x08007bf0   0x08007bf0   0x00000014   Code   RO         5642    i.nvic_priority_group_set  gd32f4xx_misc.o
    0x08007c04   0x08007c04   0x00000050   Code   RO         8134    i.oled_idle_refresh  function.o
    0x08007c54   0x08007c54   0x00000014   Code   RO         5698    i.pmu_backup_write_enable  gd32f4xx_pmu.o
    0x08007c68   0x08007c68   0x00000030   Code   RO         5700    i.pmu_flag_clear    gd32f4xx_pmu.o
    0x08007c98   0x08007c98   0x000000f4   Code   RO         5712    i.pmu_to_deepsleepmode  gd32f4xx_pmu.o
    0x08007d8c   0x08007d8c   0x000000d4   Code   RO         8511    i.print_latest_hide_logs  myflashdb_log.o
    0x08007e60   0x08007e60   0x00000090   Code   RO         8512    i.print_latest_normal_logs  myflashdb_log.o
    0x08007ef0   0x08007ef0   0x000000ec   Code   RO         8513    i.print_latest_over_logs  myflashdb_log.o
    0x08007fdc   0x08007fdc   0x000000f0   Code   RO         8514    i.print_latest_sample_logs  myflashdb_log.o
    0x080080cc   0x080080cc   0x00000064   Code   RO         8515    i.query_latest_hide_cb  myflashdb_log.o
    0x08008130   0x08008130   0x00000074   Code   RO         8516    i.query_latest_op_cb  myflashdb_log.o
    0x080081a4   0x080081a4   0x00000064   Code   RO         8517    i.query_latest_over_cb  myflashdb_log.o
    0x08008208   0x08008208   0x0000005c   Code   RO         8518    i.query_latest_sample_cb  myflashdb_log.o
    0x08008264   0x08008264   0x00000084   Code   RO          777    i.r1_error_check    sdcard.o
    0x080082e8   0x080082e8   0x000000ae   Code   RO          778    i.r1_error_type_check  sdcard.o
    0x08008396   0x08008396   0x00000002   PAD
    0x08008398   0x08008398   0x00000014   Code   RO         5838    i.rcu_all_reset_flag_clear  gd32f4xx_rcu.o
    0x080083ac   0x080083ac   0x00000124   Code   RO         5846    i.rcu_clock_freq_get  gd32f4xx_rcu.o
    0x080084d0   0x080084d0   0x00000024   Code   RO         5849    i.rcu_flag_get      gd32f4xx_rcu.o
    0x080084f4   0x080084f4   0x00000024   Code   RO         5862    i.rcu_osci_on       gd32f4xx_rcu.o
    0x08008518   0x08008518   0x0000015c   Code   RO         5863    i.rcu_osci_stab_wait  gd32f4xx_rcu.o
    0x08008674   0x08008674   0x00000024   Code   RO         5865    i.rcu_periph_clock_enable  gd32f4xx_rcu.o
    0x08008698   0x08008698   0x00000024   Code   RO         5868    i.rcu_periph_reset_disable  gd32f4xx_rcu.o
    0x080086bc   0x080086bc   0x00000024   Code   RO         5869    i.rcu_periph_reset_enable  gd32f4xx_rcu.o
    0x080086e0   0x080086e0   0x00000018   Code   RO         5874    i.rcu_rtc_clock_config  gd32f4xx_rcu.o
    0x080086f8   0x080086f8   0x00000016   Code   RO         1533    i.read              fal_flash_port.o
    0x0800870e   0x0800870e   0x00000002   PAD
    0x08008710   0x08008710   0x00000214   Code   RO         1773    i.read_kv           fdb_kvdb.o
    0x08008924   0x08008924   0x00000234   Code   RO         1774    i.read_sector_info  fdb_kvdb.o
    0x08008b58   0x08008b58   0x00000214   Code   RO         2268    i.read_sector_info  fdb_tsdb.o
    0x08008d6c   0x08008d6c   0x0000004a   Code   RO         2269    i.read_tsl          fdb_tsdb.o
    0x08008db6   0x08008db6   0x00000002   PAD
    0x08008db8   0x08008db8   0x00000030   Code   RO         2516    i.reset_usart1_rx_dma  mydma.o
    0x08008de8   0x08008de8   0x000000c4   Code   RO         1092    i.rs485_printf      usart.o
    0x08008eac   0x08008eac   0x00000064   Code   RO         6146    i.rtc_current_time_get  gd32f4xx_rtc.o
    0x08008f10   0x08008f10   0x0000001c   Code   RO          700    i.rtc_dec2bcd       rtc.o
    0x08008f2c   0x08008f2c   0x00000010   Code   RO         6148    i.rtc_flag_clear    gd32f4xx_rtc.o
    0x08008f3c   0x08008f3c   0x00000014   Code   RO         6149    i.rtc_flag_get      gd32f4xx_rtc.o
    0x08008f50   0x08008f50   0x000000dc   Code   RO         6151    i.rtc_init          gd32f4xx_rtc.o
    0x0800902c   0x0800902c   0x00000048   Code   RO         6152    i.rtc_init_mode_enter  gd32f4xx_rtc.o
    0x08009074   0x08009074   0x00000014   Code   RO         6153    i.rtc_init_mode_exit  gd32f4xx_rtc.o
    0x08009088   0x08009088   0x0000003c   Code   RO         6155    i.rtc_interrupt_enable  gd32f4xx_rtc.o
    0x080090c4   0x080090c4   0x00000060   Code   RO         6158    i.rtc_register_sync_wait  gd32f4xx_rtc.o
    0x08009124   0x08009124   0x000000a4   Code   RO          703    i.rtc_setup         rtc.o
    0x080091c8   0x080091c8   0x000000c4   Code   RO          705    i.rtc_show_time     rtc.o
    0x0800928c   0x0800928c   0x0000005c   Code   RO         6170    i.rtc_wakeup_clock_set  gd32f4xx_rtc.o
    0x080092e8   0x080092e8   0x00000054   Code   RO         6171    i.rtc_wakeup_disable  gd32f4xx_rtc.o
    0x0800933c   0x0800933c   0x00000028   Code   RO         6172    i.rtc_wakeup_enable  gd32f4xx_rtc.o
    0x08009364   0x08009364   0x0000004c   Code   RO         6174    i.rtc_wakeup_timer_set  gd32f4xx_rtc.o
    0x080093b0   0x080093b0   0x00000148   Code   RO         8135    i.sample_led_update  function.o
    0x080094f8   0x080094f8   0x00000130   Code   RO         8223    i.sample_result_show  cmd_parse.o
    0x08009628   0x08009628   0x00000130   Code   RO          797    i.sd_interrupts_process  sdcard.o
    0x08009758   0x08009758   0x00000024   Code   RO          807    i.sd_transfer_stop  sdcard.o
    0x0800977c   0x0800977c   0x0000000c   Code   RO         6409    i.sdio_command_index_get  gd32f4xx_sdio.o
    0x08009788   0x08009788   0x00000038   Code   RO         6410    i.sdio_command_response_config  gd32f4xx_sdio.o
    0x080097c0   0x080097c0   0x00000014   Code   RO         6412    i.sdio_csm_enable   gd32f4xx_sdio.o
    0x080097d4   0x080097d4   0x0000000c   Code   RO         6424    i.sdio_flag_clear   gd32f4xx_sdio.o
    0x080097e0   0x080097e0   0x00000010   Code   RO         6428    i.sdio_interrupt_disable  gd32f4xx_sdio.o
    0x080097f0   0x080097f0   0x0000000c   Code   RO         6430    i.sdio_interrupt_flag_clear  gd32f4xx_sdio.o
    0x080097fc   0x080097fc   0x00000014   Code   RO         6431    i.sdio_interrupt_flag_get  gd32f4xx_sdio.o
    0x08009810   0x08009810   0x0000003c   Code   RO         6439    i.sdio_response_get  gd32f4xx_sdio.o
    0x0800984c   0x0800984c   0x0000001c   Code   RO         6444    i.sdio_wait_type_set  gd32f4xx_sdio.o
    0x08009868   0x08009868   0x00000072   Code   RO         1775    i.sector_iterator   fdb_kvdb.o
    0x080098da   0x080098da   0x00000072   Code   RO         2271    i.sector_iterator   fdb_tsdb.o
    0x0800994c   0x0800994c   0x0000002e   Code   RO         1776    i.sector_statistics_cb  fdb_kvdb.o
    0x0800997a   0x0800997a   0x00000016   Code   RO         8224    i.selftest_adc      cmd_parse.o
    0x08009990   0x08009990   0x0000003a   Code   RO         8225    i.selftest_dac      cmd_parse.o
    0x080099ca   0x080099ca   0x00000002   PAD
    0x080099cc   0x080099cc   0x00000044   Code   RO         8226    i.selftest_flash    cmd_parse.o
    0x08009a10   0x08009a10   0x0000004c   Code   RO         8227    i.selftest_oled     cmd_parse.o
    0x08009a5c   0x08009a5c   0x0000003c   Code   RO         8228    i.selftest_rtc      cmd_parse.o
    0x08009a98   0x08009a98   0x00000034   Code   RO         8440    i.set_data_config   myflashdb_data.o
    0x08009acc   0x08009acc   0x000000ca   Code   RO         1777    i.set_kv            fdb_kvdb.o
    0x08009b96   0x08009b96   0x00000002   PAD
    0x08009b98   0x08009b98   0x00000044   Code   RO         8441    i.set_power_count   myflashdb_data.o
    0x08009bdc   0x08009bdc   0x00000028   Code   RO         8442    i.set_team_number   myflashdb_data.o
    0x08009c04   0x08009c04   0x0000000a   Code   RO         6705    i.spi_enable        gd32f4xx_spi.o
    0x08009c0e   0x08009c0e   0x00000002   PAD
    0x08009c10   0x08009c10   0x00000110   Code   RO          989    i.spi_flash_buffer_erase  spi_flash.o
    0x08009d20   0x08009d20   0x00000054   Code   RO          990    i.spi_flash_buffer_read  spi_flash.o
    0x08009d74   0x08009d74   0x000000c4   Code   RO          991    i.spi_flash_buffer_write  spi_flash.o
    0x08009e38   0x08009e38   0x000000a0   Code   RO          993    i.spi_flash_init    spi_flash.o
    0x08009ed8   0x08009ed8   0x0000005c   Code   RO          994    i.spi_flash_page_write  spi_flash.o
    0x08009f34   0x08009f34   0x00000044   Code   RO          997    i.spi_flash_sector_erase  spi_flash.o
    0x08009f78   0x08009f78   0x00000058   Code   RO          998    i.spi_flash_send_byte  spi_flash.o
    0x08009fd0   0x08009fd0   0x00000044   Code   RO         1001    i.spi_flash_wait_for_write_end  spi_flash.o
    0x0800a014   0x0800a014   0x00000024   Code   RO         1002    i.spi_flash_write_enable  spi_flash.o
    0x0800a038   0x0800a038   0x00000008   Code   RO         6707    i.spi_i2s_data_receive  gd32f4xx_spi.o
    0x0800a040   0x0800a040   0x00000004   Code   RO         6708    i.spi_i2s_data_transmit  gd32f4xx_spi.o
    0x0800a044   0x0800a044   0x00000010   Code   RO         6710    i.spi_i2s_flag_get  gd32f4xx_spi.o
    0x0800a054   0x0800a054   0x00000032   Code   RO         6715    i.spi_init          gd32f4xx_spi.o
    0x0800a086   0x0800a086   0x00000002   PAD
    0x0800a088   0x0800a088   0x0000015c   Code   RO         8136    i.sysFunction_Init  function.o
    0x0800a1e4   0x0800a1e4   0x00000018   Code   RO         8137    i.sysFunction_loop  function.o
    0x0800a1fc   0x0800a1fc   0x00000108   Code   RO         8091    i.system_clock_240m_25m_hxtal  system_gd32f4xx.o
    0x0800a304   0x0800a304   0x00000008   Code   RO         8092    i.system_clock_config  system_gd32f4xx.o
    0x0800a30c   0x0800a30c   0x00000050   Code   RO          357    i.systick_config    systick.o
    0x0800a35c   0x0800a35c   0x00000064   Code   RO         2466    i.tim6_functimer_init  tim6_functimer.o
    0x0800a3c0   0x0800a3c0   0x00000028   Code   RO         2467    i.tim6_timeoutcheck  tim6_functimer.o
    0x0800a3e8   0x0800a3e8   0x00000184   Code   RO         7037    i.timer_deinit      gd32f4xx_timer.o
    0x0800a56c   0x0800a56c   0x0000000a   Code   RO         7042    i.timer_enable      gd32f4xx_timer.o
    0x0800a576   0x0800a576   0x00000002   PAD
    0x0800a578   0x0800a578   0x00000098   Code   RO         7052    i.timer_init        gd32f4xx_timer.o
    0x0800a610   0x0800a610   0x00000008   Code   RO         7059    i.timer_interrupt_enable  gd32f4xx_timer.o
    0x0800a618   0x0800a618   0x00000006   Code   RO         7060    i.timer_interrupt_flag_clear  gd32f4xx_timer.o
    0x0800a61e   0x0800a61e   0x00000018   Code   RO         7061    i.timer_interrupt_flag_get  gd32f4xx_timer.o
    0x0800a636   0x0800a636   0x00000016   Code   RO         7072    i.timer_struct_para_init  gd32f4xx_timer.o
    0x0800a64c   0x0800a64c   0x00000188   Code   RO         2272    i.tsl_append        fdb_tsdb.o
    0x0800a7d4   0x0800a7d4   0x00000040   Code   RO         2273    i.tsl_format_all    fdb_tsdb.o
    0x0800a814   0x0800a814   0x00000240   Code   RO         8388    i.unix_to_str       data_process.o
    0x0800aa54   0x0800aa54   0x00000120   Code   RO         1778    i.update_kv_cache   fdb_kvdb.o
    0x0800ab74   0x0800ab74   0x0000005c   Code   RO         8138    i.update_sample_cycle  function.o
    0x0800abd0   0x0800abd0   0x0000007e   Code   RO         1779    i.update_sec_status  fdb_kvdb.o
    0x0800ac4e   0x0800ac4e   0x0000024c   Code   RO         2274    i.update_sec_status  fdb_tsdb.o
    0x0800ae9a   0x0800ae9a   0x0000008c   Code   RO         1780    i.update_sector_cache  fdb_kvdb.o
    0x0800af26   0x0800af26   0x00000028   Code   RO         1781    i.update_sector_empty_addr_cache  fdb_kvdb.o
    0x0800af4e   0x0800af4e   0x0000001c   Code   RO         1782    i.update_sector_status_store_cache  fdb_kvdb.o
    0x0800af6a   0x0800af6a   0x00000002   PAD
    0x0800af6c   0x0800af6c   0x000000e8   Code   RO         7690    i.usart_baudrate_set  gd32f4xx_usart.o
    0x0800b054   0x0800b054   0x0000000a   Code   RO         7694    i.usart_data_receive  gd32f4xx_usart.o
    0x0800b05e   0x0800b05e   0x00000002   PAD
    0x0800b060   0x0800b060   0x000000dc   Code   RO         7696    i.usart_deinit      gd32f4xx_usart.o
    0x0800b13c   0x0800b13c   0x00000014   Code   RO         7698    i.usart_dma_receive_config  gd32f4xx_usart.o
    0x0800b150   0x0800b150   0x00000014   Code   RO         7699    i.usart_dma_transmit_config  gd32f4xx_usart.o
    0x0800b164   0x0800b164   0x0000000a   Code   RO         7700    i.usart_enable      gd32f4xx_usart.o
    0x0800b16e   0x0800b16e   0x0000001e   Code   RO         7702    i.usart_flag_get    gd32f4xx_usart.o
    0x0800b18c   0x0800b18c   0x0000001a   Code   RO         7710    i.usart_interrupt_enable  gd32f4xx_usart.o
    0x0800b1a6   0x0800b1a6   0x00000038   Code   RO         7712    i.usart_interrupt_flag_get  gd32f4xx_usart.o
    0x0800b1de   0x0800b1de   0x00000010   Code   RO         7725    i.usart_parity_config  gd32f4xx_usart.o
    0x0800b1ee   0x0800b1ee   0x00000010   Code   RO         7727    i.usart_receive_config  gd32f4xx_usart.o
    0x0800b1fe   0x0800b1fe   0x00000010   Code   RO         7738    i.usart_stop_bit_set  gd32f4xx_usart.o
    0x0800b20e   0x0800b20e   0x00000010   Code   RO         7742    i.usart_transmit_config  gd32f4xx_usart.o
    0x0800b21e   0x0800b21e   0x00000010   Code   RO         7743    i.usart_word_length_set  gd32f4xx_usart.o
    0x0800b22e   0x0800b22e   0x0000010a   Code   RO         1534    i.write             fal_flash_port.o
    0x0800b338   0x0800b338   0x00000044   Code   RO         1783    i.write_kv_hdr      fdb_kvdb.o
    0x0800b37c   0x0800b37c   0x0000009e   Code   RO         2275    i.write_tsl         fdb_tsdb.o
    0x0800b41a   0x0800b41a   0x00000002   PAD
    0x0800b41c   0x0800b41c   0x00000010   Data   RO          403    .constdata          key.o
    0x0800b42c   0x0800b42c   0x00001fd8   Data   RO          533    .constdata          oled.o
    0x0800d404   0x0800d404   0x00000004   Data   RO         1510    .constdata          fal_flash.o
    0x0800d408   0x0800d408   0x00000038   Data   RO         1535    .constdata          fal_flash_port.o
    0x0800d440   0x0800d440   0x00000057   Data   RO         1609    .constdata          fal_partition.o
    0x0800d497   0x0800d497   0x00000019   Data   RO         1677    .constdata          fdb.o
    0x0800d4b0   0x0800d4b0   0x00000057   Data   RO         1785    .constdata          fdb_kvdb.o
    0x0800d507   0x0800d507   0x00000001   PAD
    0x0800d508   0x0800d508   0x00000423   Data   RO         2066    .constdata          fdb_utils.o
    0x0800d92b   0x0800d92b   0x0000003e   Data   RO         2276    .constdata          fdb_tsdb.o
    0x0800d969   0x0800d969   0x00000081   Data   RO         8644    .constdata          mc_w.l(ctype_o.o)
    0x0800d9ea   0x0800d9ea   0x00000002   PAD
    0x0800d9ec   0x0800d9ec   0x00000004   Data   RO         8645    .constdata          mc_w.l(ctype_o.o)
    0x0800d9f0   0x0800d9f0   0x0000000c   Data   RO         8672    .constdata          mc_w.l(mktime.o)
    0x0800d9fc   0x0800d9fc   0x0000000c   Data   RO         9038    .constdata          mc_w.l(localtime_i.o)
    0x0800da08   0x0800da08   0x00000132   Data   RO         1610    .conststring        fal_partition.o
    0x0800db3a   0x0800db3a   0x00000002   PAD
    0x0800db3c   0x0800db3c   0x0000004b   Data   RO         1678    .conststring        fdb.o
    0x0800db87   0x0800db87   0x00000001   PAD
    0x0800db88   0x0800db88   0x000000e4   Data   RO         1786    .conststring        fdb_kvdb.o
    0x0800dc6c   0x0800dc6c   0x00000115   Data   RO         2277    .conststring        fdb_tsdb.o
    0x0800dd81   0x0800dd81   0x00000003   PAD
    0x0800dd84   0x0800dd84   0x0000001a   Data   RO         8140    .conststrlit        function.o
    0x0800dd9e   0x0800dd9e   0x00000002   PAD
    0x0800dda0   0x0800dda0   0x00000140   Data   RO         1612    FalPartTable        fal_partition.o
    0x0800dee0   0x0800dee0   0x00000020   Data   RO         9083    Region$$Table       anon$$obj.o


    Execution Region RW_IRAM1 (Exec base: 0x20000000, Load base: 0x0800df00, Size: 0x00004b18, Max: 0x00030000, ABSOLUTE)

    Exec Addr    Load Addr    Size         Type   Attr      Idx    E Section Name        Object

    0x20000000   0x0800df00   0x00000004   Data   RW          358    .data               systick.o
    0x20000004   0x0800df04   0x00000038   Data   RW          404    .data               key.o
    0x2000003c   0x0800df3c   0x00000001   Data   RW          460    .data               led.o
    0x2000003d   0x0800df3d   0x00000003   PAD
    0x20000040   0x0800df40   0x00000024   Data   RW          809    .data               sdcard.o
    0x20000064   0x0800df64   0x00000005   Data   RW         1093    .data               usart.o
    0x20000069   0x0800df69   0x00000001   Data   RW         1511    .data               fal_flash.o
    0x2000006a   0x0800df6a   0x00000002   PAD
    0x2000006c   0x0800df6c   0x0000000c   Data   RW         1611    .data               fal_partition.o
    0x20000078   0x0800df78   0x00000001   Data   RW         1679    .data               fdb.o
    0x20000079   0x0800df79   0x00000003   PAD
    0x2000007c   0x0800df7c   0x00000010   Data   RW         2468    .data               tim6_functimer.o
    0x2000008c   0x0800df8c   0x00000004   Data   RW         2518    .data               mydma.o
    0x20000090   0x0800df90   0x00000004   Data   RW         8093    .data               system_gd32f4xx.o
    0x20000094   0x0800df94   0x00000021   Data   RW         8141    .data               function.o
    0x200000b5   0x0800dfb5   0x00000003   PAD
    0x200000b8   0x0800dfb8   0x0000000f   Data   RW         8229    .data               cmd_parse.o
    0x200000c7   0x0800dfc7   0x00000001   PAD
    0x200000c8   0x0800dfc8   0x0000000c   Data   RW         8390    .data               data_process.o
    0x200000d4   0x0800dfd4   0x00000004   Data   RW         8520    .data               myflashdb_log.o
    0x200000d8   0x0800dfd8   0x00000004   Data   RW         9040    .data               mc_w.l(mvars.o)
    0x200000dc   0x0800dfdc   0x00000004   Data   RW         9041    .data               mc_w.l(mvars.o)
    0x200000e0   0x0800dfe0   0x00000004   Data   RW         9045    .data               mc_w.l(errno.o)
    0x200000e4        -       0x00000240   Zero   RW          532    .bss                oled.o
    0x20000324        -       0x00000024   Zero   RW          708    .bss                rtc.o
    0x20000348        -       0x00002000   Zero   RW         1003    .bss                spi_flash.o
    0x20002348        -       0x00000014   Zero   RW         1608    .bss                fal_partition.o
    0x2000235c        -       0x00000081   Zero   RW         1784    .bss                fdb_kvdb.o
    0x200023dd        -       0x00000200   Zero   RW         2517    .bss                mydma.o
    0x200025dd   0x0800dfe4   0x00000003   PAD
    0x200025e0        -       0x00000010   Zero   RW         5717    .bss                gd32f4xx_pmu.o
    0x200025f0        -       0x0000002c   Zero   RW         8389    .bss                data_process.o
    0x2000261c        -       0x0000036c   Zero   RW         8443    .bss                myflashdb_data.o
    0x20002988        -       0x00000190   Zero   RW         8519    .bss                myflashdb_log.o
    0x20002b18        -       0x00001000   Zero   RW         2412    HEAP                startup_gd32f450_470.o
    0x20003b18        -       0x00001000   Zero   RW         2411    STACK               startup_gd32f450_470.o


==============================================================================

Image component sizes


      Code (inc. data)   RO Data    RW Data    ZI Data      Debug   Object Name

       238         20          0          0          0       2396   adc.o
      5116       2012          0         15          0      16744   cmd_parse.o
       272         32          0          0          0       2856   dac.o
      1244        104          0         12         44       4226   data_process.o
        26          0          0          0          0       3071   fal.o
       108         14          4          1          0       1953   fal_flash.o
       316          0         56          0          0       5873   fal_flash_port.o
      1220        510        713         12         20       6487   fal_partition.o
       812        366        100          1          0       8515   fdb.o
      7470       1134        315          0        129      48399   fdb_kvdb.o
      3560        672        339          0          0      22849   fdb_tsdb.o
       890        186       1059          0          0      14753   fdb_utils.o
         0          0          0          0          0        572   ff.o
      1174        436         26         33          0       5754   function.o
       662          8          0          0          0       9453   gd32f4xx_adc.o
       178          6          0          0          0       3363   gd32f4xx_dac.o
       782          4          0          0          0       6894   gd32f4xx_dma.o
       216         14          0          0          0       1948   gd32f4xx_exti.o
       262          0          0          0          0       4441   gd32f4xx_gpio.o
        40          0          0          0          0      96632   gd32f4xx_it.o
       216         20          0          0          0       1516   gd32f4xx_misc.o
       312         52          0          0         16       1978   gd32f4xx_pmu.o
       864         66          0          0          0       7040   gd32f4xx_rcu.o
       896         60          0          0          0       8932   gd32f4xx_rtc.o
       236         44          0          0          0       5660   gd32f4xx_sdio.o
        88          0          0          0          0       3814   gd32f4xx_spi.o
       610         44          0          0          0       5169   gd32f4xx_timer.o
       704         18          0          0          0       9666   gd32f4xx_usart.o
       936         72         16         56          0       4630   key.o
       172         32          0          1          0       2427   led.o
        14          0          0          0          0       8283   main.o
       442         48          0          4        512       4811   mydma.o
       480        194          0          0        876       4784   myflashdb_data.o
      1780        350          0          4        400      12255   myflashdb_log.o
      1440         60       8152          0        576      11108   oled.o
       540         70          0          0         36       3312   rtc.o
       646         30          0         36          0       9704   sdcard.o
       216         36          0          0          0       1242   sleep_wake.o
      1064         54          0          0       8192       7077   spi_flash.o
        36          8        428          0       8192        892   startup_gd32f450_470.o
       484         32          0          4          0       2827   system_gd32f4xx.o
       164         24          0          4          0      28914   systick.o
       336         46          0         16          0       3163   tim6_functimer.o
       620         76          0          5          0       3006   usart.o

    ----------------------------------------------------------------------
     37950       6954      11249        216      18996     419389   Object Totals
         0          0         32          0          0          0   (incl. Generated)
        68          0          9         12          3          0   (incl. Padding)

    ----------------------------------------------------------------------

      Code (inc. data)   RO Data    RW Data    ZI Data      Debug   Library Member Name

       194          0          0          0          0        144   lroundf.o
       224         30          0          0          0        172   round.o
        56          8          0          0          0         84   __0sscanf.o
        28          0          0          0          0         68   _chval.o
       812          4          0          0          0        112   _scanf.o
       332          0          0          0          0         96   _scanf_int.o
        64          0          0          0          0         84   _sgetc.o
         8          4        133          0          0         68   ctype_o.o
         0          0          0          0          0          0   entry.o
         0          0          0          0          0          0   entry10a.o
         0          0          0          0          0          0   entry11a.o
         8          4          0          0          0          0   entry2.o
         4          0          0          0          0          0   entry5.o
         0          0          0          0          0          0   entry7b.o
         0          0          0          0          0          0   entry8b.o
         8          4          0          0          0          0   entry9a.o
        12          6          0          4          0         68   errno.o
        30          0          0          0          0          0   handlers.o
        36          8          0          0          0         68   init.o
        18          0          0          0          0         76   isspace_o.o
         0          0          0          0          0          0   iusefp.o
        30          0          0          0          0         68   llshl.o
        36          0          0          0          0         68   llsshr.o
        32          0          0          0          0         68   llushr.o
       140          6         12          0          0         76   localtime_i.o
       188         20          0          0          0        160   malloc.o
        36          0          0          0          0         68   memcpya.o
        36          0          0          0          0        108   memseta.o
       168         18         12          0          0         80   mktime.o
         0          0          0          8          0          0   mvars.o
      2386         94          0          0          0        748   printfa.o
        40          8          0          0          0         84   scanf_char.o
       878         12          0          0          0        216   scanf_fp.o
        28          0          0          0          0         76   strcmp.o
        14          0          0          0          0         68   strlen.o
        30          0          0          0          0         80   strncmp.o
        24          0          0          0          0         76   strncpy.o
        36          0          0          0          0         80   strstr.o
        44          0          0          0          0         80   uidiv.o
        98          0          0          0          0         92   uldiv.o
        48          0          0          0          0         68   cdcmple.o
        48          0          0          0          0         68   cdrcmple.o
        56          0          0          0          0         88   d2f.o
       334          0          0          0          0        148   dadd.o
       222          0          0          0          0        100   ddiv.o
       186          0          0          0          0        176   depilogue.o
        48          0          0          0          0         68   dfixul.o
        26          0          0          0          0         76   dfltui.o
        24          0          0          0          0         76   dfltul.o
       228          0          0          0          0         96   dmul.o
       136          4          0          0          0         92   drnd.o
        38          0          0          0          0         68   f2d.o
       110          0          0          0          0        168   fepilogue.o
        76          0          0          0          0         76   ffixir.o
        60          0          0          0          0         76   frnd.o

    ----------------------------------------------------------------------
      7730        230        159         12          0       4780   Library Totals
        12          0          2          0          0          0   (incl. Padding)

    ----------------------------------------------------------------------

      Code (inc. data)   RO Data    RW Data    ZI Data      Debug   Library Name

       418         30          0          0          0        316   m_wm.l
      5660        196        157         12          0       3020   mc_w.l
      1640          4          0          0          0       1444   mf_w.l

    ----------------------------------------------------------------------
      7730        230        159         12          0       4780   Library Totals

    ----------------------------------------------------------------------

==============================================================================


      Code (inc. data)   RO Data    RW Data    ZI Data      Debug   

     45680       7184      11408        228      18996     388877   Grand Totals
     45680       7184      11408        228      18996     388877   ELF Image Totals
     45680       7184      11408        228          0          0   ROM Totals

==============================================================================

    Total RO  Size (Code + RO Data)                57088 (  55.75kB)
    Total RW  Size (RW Data + ZI Data)             19224 (  18.77kB)
    Total ROM Size (Code + RO Data + RW Data)      57316 (  55.97kB)

==============================================================================

