<html>
<body>
<pre>
<h1>µVision Build Log</h1>
<h2>Tool Versions:</h2>
IDE-Version: ¦ÌVision V5.24.2.0
Copyright (C) 2017 ARM Ltd and ARM Germany GmbH. All rights reserved.
License Information: Ershuai Wang, whut, LIC=76F5U-SRH94-30VNC-7382W-RS74Q-RKY0T
 
Tool Versions:
Toolchain:       MDK-ARM Plus  Version: 5.24.1
Toolchain Path:  D:\AsusMCenterDownload\keil5 MDK\core\ARM\ARMCC\Bin
C Compiler:      Armcc.exe V5.06 update 5 (build 528)
Assembler:       Armasm.exe V5.06 update 5 (build 528)
Linker/Locator:  ArmLink.exe V5.06 update 5 (build 528)
Library Manager: ArmAr.exe V5.06 update 5 (build 528)
Hex Converter:   FromElf.exe V5.06 update 5 (build 528)
CPU DLL:         SARMCM3.DLL V5.24.1
Dialog DLL:      DCM.DLL V1.16.0.0
Target DLL:      STLink\ST-LINKIII-KEIL_SWO.dll V3.0.1.0
Dialog DLL:      TCM.DLL V1.32.0.0
 
<h2>Project:</h2>
D:\desktop\APP\project\TASK.uvprojx
Project File Date:  06/08/2026

<h2>Output:</h2>
*** Using Compiler 'V5.06 update 5 (build 528)', folder: 'D:\AsusMCenterDownload\keil5 MDK\core\ARM\ARMCC\Bin'
Rebuild target 'TASK '
compiling fdb_utils.c...
compiling fal_partition.c...
compiling main.c...
compiling DAC.c...
compiling fdb.c...
compiling fal_flash.c...
compiling fdb_port.c...
assembling startup_gd32f450_470.s...
compiling fdb_kvdb.c...
compiling Key.c...
compiling ff.c...
compiling fdb_tsdb.c...
compiling gd32f4xx_it.c...
compiling fal_flash_port.c...
compiling sdcard.c...
compiling systick.c...
compiling diskio.c...
compiling RTC.c...
compiling OLED.c...
compiling SPI_FLASH.c...
compiling fal.c...
compiling LED.c...
compiling USART.c...
compiling ADC.c...
compiling tim6_functimer.c...
compiling AD3344.c...
compiling myDMA.c...
compiling gd32f4xx_crc.c...
compiling sleep_wake.c...
compiling gd32f4xx_adc.c...
compiling gd32f4xx_ctc.c...
compiling gd32f4xx_can.c...
compiling gd32f4xx_dac.c...
compiling gd32f4xx_dbg.c...
compiling gd32f4xx_dci.c...
compiling gd32f4xx_dma.c...
compiling gd32f4xx_exmc.c...
compiling gd32f4xx_exti.c...
compiling gd32f4xx_fmc.c...
compiling gd32f4xx_enet.c...
compiling gd32f4xx_gpio.c...
compiling gd32f4xx_fwdgt.c...
compiling gd32f4xx_i2c.c...
compiling gd32f4xx_ipa.c...
compiling gd32f4xx_iref.c...
compiling gd32f4xx_misc.c...
compiling gd32f4xx_pmu.c...
compiling gd32f4xx_rcu.c...
compiling gd32f4xx_rtc.c...
compiling gd32f4xx_syscfg.c...
compiling gd32f4xx_spi.c...
compiling gd32f4xx_sdio.c...
compiling gd32f4xx_tli.c...
compiling gd32f4xx_timer.c...
compiling gd32f4xx_wwdgt.c...
compiling gd32f4xx_trng.c...
compiling gd32f4xx_usart.c...
compiling system_gd32f4xx.c...
compiling Function.c...
compiling app_param.c...
compiling myflashdb_data.c...
compiling pt100.c...
compiling data_process.c...
compiling myflashdb_log.c...
compiling msg_app.c...
compiling msg.c...
linking...
Program Size: Code=39556 RO-data=11032 RW-data=268 ZI-data=19356  
FromELF: creating hex file...
After Build - User command #1: fromelf --bin -o "D:\desktop\APP\project\Objects\TASK.bin" "D:\desktop\APP\project\Objects\TASK.axf"
".\Objects\TASK.axf" - 0 Error(s), 0 Warning(s).

<h2>Software Packages used:</h2>

Package Vendor: GigaDevice
                https://gd32mcu.com/GigaDevice.GD32F4xx_DFP.3.4.0.pack
                GigaDevice.GD32F4xx_DFP.3.4.0
                GigaDevice GD32F4xx Series Device Support and Examples

<h2>Collection of Component include folders:</h2>
  .\RTE\_TASK_
  D:\AsusMCenterDownload\keil5 MDK\pack\GigaDevice\GD32F4xx_DFP\3.4.0\Device\F4XX\Include

<h2>Collection of Component Files used:</h2>
Build Time Elapsed:  00:00:06
</pre>
</body>
</html>
