<!doctype html public "-//w3c//dtd html 4.0 transitional//en">
<html><head>
<title>Static Call Graph - [.\Objects\TASK.axf]</title></head>
<body><HR>
<H1>Static Call Graph for image .\Objects\TASK.axf</H1><HR>
<BR><P>#&#060CALLGRAPH&#062# ARM Linker, 5060528: Last Updated: Mon Jun 08 16:55:17 2026
<BR><P>
<H3>Maximum Stack Usage =       1552 bytes + Unknown(Cycles, Untraceable Function Pointers)</H3><H3>
Call chain for Maximum Stack Depth:</H3>
do_gc &rArr; move_kv &rArr; del_kv &rArr; find_kv &rArr; find_kv_no_cache &rArr; kv_iterator &rArr; read_sector_info &rArr; read_kv &rArr; _fdb_write_status &rArr; _fdb_flash_write &rArr; fal_partition_write &rArr; rs485_printf &rArr; dma_enable &rArr; dma_flag_clear
<P>
<H3>
Mutually Recursive functions
</H3> <LI><a href="#[1d]">ADC_IRQHandler</a>&nbsp;&nbsp;&nbsp;&rArr;&nbsp;&nbsp;&nbsp;<a href="#[1d]">ADC_IRQHandler</a><BR>
</UL>
<P>
<H3>
Function Pointers
</H3><UL>
 <LI><a href="#[1d]">ADC_IRQHandler</a> from startup_gd32f450_470.o(.text) referenced from startup_gd32f450_470.o(RESET)
 <LI><a href="#[5]">BusFault_Handler</a> from gd32f4xx_it.o(i.BusFault_Handler) referenced from startup_gd32f450_470.o(RESET)
 <LI><a href="#[21]">CAN0_EWMC_IRQHandler</a> from startup_gd32f450_470.o(.text) referenced from startup_gd32f450_470.o(RESET)
 <LI><a href="#[1f]">CAN0_RX0_IRQHandler</a> from startup_gd32f450_470.o(.text) referenced from startup_gd32f450_470.o(RESET)
 <LI><a href="#[20]">CAN0_RX1_IRQHandler</a> from startup_gd32f450_470.o(.text) referenced from startup_gd32f450_470.o(RESET)
 <LI><a href="#[1e]">CAN0_TX_IRQHandler</a> from startup_gd32f450_470.o(.text) referenced from startup_gd32f450_470.o(RESET)
 <LI><a href="#[4d]">CAN1_EWMC_IRQHandler</a> from startup_gd32f450_470.o(.text) referenced from startup_gd32f450_470.o(RESET)
 <LI><a href="#[4b]">CAN1_RX0_IRQHandler</a> from startup_gd32f450_470.o(.text) referenced from startup_gd32f450_470.o(RESET)
 <LI><a href="#[4c]">CAN1_RX1_IRQHandler</a> from startup_gd32f450_470.o(.text) referenced from startup_gd32f450_470.o(RESET)
 <LI><a href="#[4a]">CAN1_TX_IRQHandler</a> from startup_gd32f450_470.o(.text) referenced from startup_gd32f450_470.o(RESET)
 <LI><a href="#[59]">DCI_IRQHandler</a> from startup_gd32f450_470.o(.text) referenced from startup_gd32f450_470.o(RESET)
 <LI><a href="#[16]">DMA0_Channel0_IRQHandler</a> from startup_gd32f450_470.o(.text) referenced from startup_gd32f450_470.o(RESET)
 <LI><a href="#[17]">DMA0_Channel1_IRQHandler</a> from startup_gd32f450_470.o(.text) referenced from startup_gd32f450_470.o(RESET)
 <LI><a href="#[18]">DMA0_Channel2_IRQHandler</a> from startup_gd32f450_470.o(.text) referenced from startup_gd32f450_470.o(RESET)
 <LI><a href="#[19]">DMA0_Channel3_IRQHandler</a> from startup_gd32f450_470.o(.text) referenced from startup_gd32f450_470.o(RESET)
 <LI><a href="#[1a]">DMA0_Channel4_IRQHandler</a> from startup_gd32f450_470.o(.text) referenced from startup_gd32f450_470.o(RESET)
 <LI><a href="#[1b]">DMA0_Channel5_IRQHandler</a> from startup_gd32f450_470.o(.text) referenced from startup_gd32f450_470.o(RESET)
 <LI><a href="#[1c]">DMA0_Channel6_IRQHandler</a> from startup_gd32f450_470.o(.text) referenced from startup_gd32f450_470.o(RESET)
 <LI><a href="#[3a]">DMA0_Channel7_IRQHandler</a> from startup_gd32f450_470.o(.text) referenced from startup_gd32f450_470.o(RESET)
 <LI><a href="#[43]">DMA1_Channel0_IRQHandler</a> from startup_gd32f450_470.o(.text) referenced from startup_gd32f450_470.o(RESET)
 <LI><a href="#[44]">DMA1_Channel1_IRQHandler</a> from startup_gd32f450_470.o(.text) referenced from startup_gd32f450_470.o(RESET)
 <LI><a href="#[45]">DMA1_Channel2_IRQHandler</a> from startup_gd32f450_470.o(.text) referenced from startup_gd32f450_470.o(RESET)
 <LI><a href="#[46]">DMA1_Channel3_IRQHandler</a> from startup_gd32f450_470.o(.text) referenced from startup_gd32f450_470.o(RESET)
 <LI><a href="#[47]">DMA1_Channel4_IRQHandler</a> from startup_gd32f450_470.o(.text) referenced from startup_gd32f450_470.o(RESET)
 <LI><a href="#[4f]">DMA1_Channel5_IRQHandler</a> from startup_gd32f450_470.o(.text) referenced from startup_gd32f450_470.o(RESET)
 <LI><a href="#[50]">DMA1_Channel6_IRQHandler</a> from startup_gd32f450_470.o(.text) referenced from startup_gd32f450_470.o(RESET)
 <LI><a href="#[51]">DMA1_Channel7_IRQHandler</a> from startup_gd32f450_470.o(.text) referenced from startup_gd32f450_470.o(RESET)
 <LI><a href="#[8]">DebugMon_Handler</a> from gd32f4xx_it.o(i.DebugMon_Handler) referenced from startup_gd32f450_470.o(RESET)
 <LI><a href="#[48]">ENET_IRQHandler</a> from startup_gd32f450_470.o(.text) referenced from startup_gd32f450_470.o(RESET)
 <LI><a href="#[49]">ENET_WKUP_IRQHandler</a> from startup_gd32f450_470.o(.text) referenced from startup_gd32f450_470.o(RESET)
 <LI><a href="#[3b]">EXMC_IRQHandler</a> from startup_gd32f450_470.o(.text) referenced from startup_gd32f450_470.o(RESET)
 <LI><a href="#[11]">EXTI0_IRQHandler</a> from sleep_wake.o(i.EXTI0_IRQHandler) referenced from startup_gd32f450_470.o(RESET)
 <LI><a href="#[33]">EXTI10_15_IRQHandler</a> from startup_gd32f450_470.o(.text) referenced from startup_gd32f450_470.o(RESET)
 <LI><a href="#[12]">EXTI1_IRQHandler</a> from startup_gd32f450_470.o(.text) referenced from startup_gd32f450_470.o(RESET)
 <LI><a href="#[13]">EXTI2_IRQHandler</a> from startup_gd32f450_470.o(.text) referenced from startup_gd32f450_470.o(RESET)
 <LI><a href="#[14]">EXTI3_IRQHandler</a> from startup_gd32f450_470.o(.text) referenced from startup_gd32f450_470.o(RESET)
 <LI><a href="#[15]">EXTI4_IRQHandler</a> from startup_gd32f450_470.o(.text) referenced from startup_gd32f450_470.o(RESET)
 <LI><a href="#[22]">EXTI5_9_IRQHandler</a> from startup_gd32f450_470.o(.text) referenced from startup_gd32f450_470.o(RESET)
 <LI><a href="#[f]">FMC_IRQHandler</a> from startup_gd32f450_470.o(.text) referenced from startup_gd32f450_470.o(RESET)
 <LI><a href="#[5b]">FPU_IRQHandler</a> from startup_gd32f450_470.o(.text) referenced from startup_gd32f450_470.o(RESET)
 <LI><a href="#[3]">HardFault_Handler</a> from gd32f4xx_it.o(i.HardFault_Handler) referenced from startup_gd32f450_470.o(RESET)
 <LI><a href="#[2b]">I2C0_ER_IRQHandler</a> from startup_gd32f450_470.o(.text) referenced from startup_gd32f450_470.o(RESET)
 <LI><a href="#[2a]">I2C0_EV_IRQHandler</a> from startup_gd32f450_470.o(.text) referenced from startup_gd32f450_470.o(RESET)
 <LI><a href="#[2d]">I2C1_ER_IRQHandler</a> from startup_gd32f450_470.o(.text) referenced from startup_gd32f450_470.o(RESET)
 <LI><a href="#[2c]">I2C1_EV_IRQHandler</a> from startup_gd32f450_470.o(.text) referenced from startup_gd32f450_470.o(RESET)
 <LI><a href="#[54]">I2C2_ER_IRQHandler</a> from startup_gd32f450_470.o(.text) referenced from startup_gd32f450_470.o(RESET)
 <LI><a href="#[53]">I2C2_EV_IRQHandler</a> from startup_gd32f450_470.o(.text) referenced from startup_gd32f450_470.o(RESET)
 <LI><a href="#[63]">IPA_IRQHandler</a> from startup_gd32f450_470.o(.text) referenced from startup_gd32f450_470.o(RESET)
 <LI><a href="#[c]">LVD_IRQHandler</a> from startup_gd32f450_470.o(.text) referenced from startup_gd32f450_470.o(RESET)
 <LI><a href="#[4]">MemManage_Handler</a> from gd32f4xx_it.o(i.MemManage_Handler) referenced from startup_gd32f450_470.o(RESET)
 <LI><a href="#[2]">NMI_Handler</a> from gd32f4xx_it.o(i.NMI_Handler) referenced from startup_gd32f450_470.o(RESET)
 <LI><a href="#[9]">PendSV_Handler</a> from gd32f4xx_it.o(i.PendSV_Handler) referenced from startup_gd32f450_470.o(RESET)
 <LI><a href="#[10]">RCU_CTC_IRQHandler</a> from startup_gd32f450_470.o(.text) referenced from startup_gd32f450_470.o(RESET)
 <LI><a href="#[34]">RTC_Alarm_IRQHandler</a> from startup_gd32f450_470.o(.text) referenced from startup_gd32f450_470.o(RESET)
 <LI><a href="#[e]">RTC_WKUP_IRQHandler</a> from sleep_wake.o(i.RTC_WKUP_IRQHandler) referenced from startup_gd32f450_470.o(RESET)
 <LI><a href="#[1]">Reset_Handler</a> from startup_gd32f450_470.o(.text) referenced from startup_gd32f450_470.o(RESET)
 <LI><a href="#[3c]">SDIO_IRQHandler</a> from gd32f4xx_it.o(i.SDIO_IRQHandler) referenced from startup_gd32f450_470.o(RESET)
 <LI><a href="#[2e]">SPI0_IRQHandler</a> from startup_gd32f450_470.o(.text) referenced from startup_gd32f450_470.o(RESET)
 <LI><a href="#[2f]">SPI1_IRQHandler</a> from startup_gd32f450_470.o(.text) referenced from startup_gd32f450_470.o(RESET)
 <LI><a href="#[3e]">SPI2_IRQHandler</a> from startup_gd32f450_470.o(.text) referenced from startup_gd32f450_470.o(RESET)
 <LI><a href="#[5e]">SPI3_IRQHandler</a> from startup_gd32f450_470.o(.text) referenced from startup_gd32f450_470.o(RESET)
 <LI><a href="#[5f]">SPI4_IRQHandler</a> from startup_gd32f450_470.o(.text) referenced from startup_gd32f450_470.o(RESET)
 <LI><a href="#[60]">SPI5_IRQHandler</a> from startup_gd32f450_470.o(.text) referenced from startup_gd32f450_470.o(RESET)
 <LI><a href="#[7]">SVC_Handler</a> from gd32f4xx_it.o(i.SVC_Handler) referenced from startup_gd32f450_470.o(RESET)
 <LI><a href="#[a]">SysTick_Handler</a> from gd32f4xx_it.o(i.SysTick_Handler) referenced from startup_gd32f450_470.o(RESET)
 <LI><a href="#[65]">SystemInit</a> from system_gd32f4xx.o(i.SystemInit) referenced from startup_gd32f450_470.o(.text)
 <LI><a href="#[d]">TAMPER_STAMP_IRQHandler</a> from startup_gd32f450_470.o(.text) referenced from startup_gd32f450_470.o(RESET)
 <LI><a href="#[23]">TIMER0_BRK_TIMER8_IRQHandler</a> from startup_gd32f450_470.o(.text) referenced from startup_gd32f450_470.o(RESET)
 <LI><a href="#[26]">TIMER0_Channel_IRQHandler</a> from startup_gd32f450_470.o(.text) referenced from startup_gd32f450_470.o(RESET)
 <LI><a href="#[25]">TIMER0_TRG_CMT_TIMER10_IRQHandler</a> from startup_gd32f450_470.o(.text) referenced from startup_gd32f450_470.o(RESET)
 <LI><a href="#[24]">TIMER0_UP_TIMER9_IRQHandler</a> from startup_gd32f450_470.o(.text) referenced from startup_gd32f450_470.o(RESET)
 <LI><a href="#[27]">TIMER1_IRQHandler</a> from startup_gd32f450_470.o(.text) referenced from startup_gd32f450_470.o(RESET)
 <LI><a href="#[28]">TIMER2_IRQHandler</a> from startup_gd32f450_470.o(.text) referenced from startup_gd32f450_470.o(RESET)
 <LI><a href="#[29]">TIMER3_IRQHandler</a> from startup_gd32f450_470.o(.text) referenced from startup_gd32f450_470.o(RESET)
 <LI><a href="#[3d]">TIMER4_IRQHandler</a> from startup_gd32f450_470.o(.text) referenced from startup_gd32f450_470.o(RESET)
 <LI><a href="#[41]">TIMER5_DAC_IRQHandler</a> from startup_gd32f450_470.o(.text) referenced from startup_gd32f450_470.o(RESET)
 <LI><a href="#[42]">TIMER6_IRQHandler</a> from tim6_functimer.o(i.TIMER6_IRQHandler) referenced from startup_gd32f450_470.o(RESET)
 <LI><a href="#[36]">TIMER7_BRK_TIMER11_IRQHandler</a> from startup_gd32f450_470.o(.text) referenced from startup_gd32f450_470.o(RESET)
 <LI><a href="#[39]">TIMER7_Channel_IRQHandler</a> from startup_gd32f450_470.o(.text) referenced from startup_gd32f450_470.o(RESET)
 <LI><a href="#[38]">TIMER7_TRG_CMT_TIMER13_IRQHandler</a> from startup_gd32f450_470.o(.text) referenced from startup_gd32f450_470.o(RESET)
 <LI><a href="#[37]">TIMER7_UP_TIMER12_IRQHandler</a> from startup_gd32f450_470.o(.text) referenced from startup_gd32f450_470.o(RESET)
 <LI><a href="#[62]">TLI_ER_IRQHandler</a> from startup_gd32f450_470.o(.text) referenced from startup_gd32f450_470.o(RESET)
 <LI><a href="#[61]">TLI_IRQHandler</a> from startup_gd32f450_470.o(.text) referenced from startup_gd32f450_470.o(RESET)
 <LI><a href="#[5a]">TRNG_IRQHandler</a> from startup_gd32f450_470.o(.text) referenced from startup_gd32f450_470.o(RESET)
 <LI><a href="#[3f]">UART3_IRQHandler</a> from startup_gd32f450_470.o(.text) referenced from startup_gd32f450_470.o(RESET)
 <LI><a href="#[40]">UART4_IRQHandler</a> from startup_gd32f450_470.o(.text) referenced from startup_gd32f450_470.o(RESET)
 <LI><a href="#[5c]">UART6_IRQHandler</a> from startup_gd32f450_470.o(.text) referenced from startup_gd32f450_470.o(RESET)
 <LI><a href="#[5d]">UART7_IRQHandler</a> from startup_gd32f450_470.o(.text) referenced from startup_gd32f450_470.o(RESET)
 <LI><a href="#[30]">USART0_IRQHandler</a> from startup_gd32f450_470.o(.text) referenced from startup_gd32f450_470.o(RESET)
 <LI><a href="#[31]">USART1_IRQHandler</a> from usart.o(i.USART1_IRQHandler) referenced from startup_gd32f450_470.o(RESET)
 <LI><a href="#[32]">USART2_IRQHandler</a> from startup_gd32f450_470.o(.text) referenced from startup_gd32f450_470.o(RESET)
 <LI><a href="#[52]">USART5_IRQHandler</a> from startup_gd32f450_470.o(.text) referenced from startup_gd32f450_470.o(RESET)
 <LI><a href="#[4e]">USBFS_IRQHandler</a> from startup_gd32f450_470.o(.text) referenced from startup_gd32f450_470.o(RESET)
 <LI><a href="#[35]">USBFS_WKUP_IRQHandler</a> from startup_gd32f450_470.o(.text) referenced from startup_gd32f450_470.o(RESET)
 <LI><a href="#[56]">USBHS_EP1_In_IRQHandler</a> from startup_gd32f450_470.o(.text) referenced from startup_gd32f450_470.o(RESET)
 <LI><a href="#[55]">USBHS_EP1_Out_IRQHandler</a> from startup_gd32f450_470.o(.text) referenced from startup_gd32f450_470.o(RESET)
 <LI><a href="#[58]">USBHS_IRQHandler</a> from startup_gd32f450_470.o(.text) referenced from startup_gd32f450_470.o(RESET)
 <LI><a href="#[57]">USBHS_WKUP_IRQHandler</a> from startup_gd32f450_470.o(.text) referenced from startup_gd32f450_470.o(RESET)
 <LI><a href="#[6]">UsageFault_Handler</a> from gd32f4xx_it.o(i.UsageFault_Handler) referenced from startup_gd32f450_470.o(RESET)
 <LI><a href="#[b]">WWDGT_IRQHandler</a> from startup_gd32f450_470.o(.text) referenced from startup_gd32f450_470.o(RESET)
 <LI><a href="#[66]">__main</a> from entry.o(.ARM.Collect$$$$00000000) referenced from startup_gd32f450_470.o(.text)
 <LI><a href="#[67]">_snputc</a> from printfa.o(i._snputc) referenced from printfa.o(i.__0vsnprintf)
 <LI><a href="#[6c]">alloc_kv_cb</a> from fdb_kvdb.o(i.alloc_kv_cb) referenced from fdb_kvdb.o(i.alloc_kv)
 <LI><a href="#[69]">check_and_recovery_gc_cb</a> from fdb_kvdb.o(i.check_and_recovery_gc_cb) referenced from fdb_kvdb.o(i._fdb_kv_load)
 <LI><a href="#[6a]">check_and_recovery_kv_cb</a> from fdb_kvdb.o(i.check_and_recovery_kv_cb) referenced from fdb_kvdb.o(i._fdb_kv_load)
 <LI><a href="#[6d]">check_oldest_addr_cb</a> from fdb_kvdb.o(i.check_oldest_addr_cb) referenced from fdb_kvdb.o(i.fdb_kvdb_init)
 <LI><a href="#[68]">check_sec_hdr_cb</a> from fdb_kvdb.o(i.check_sec_hdr_cb) referenced from fdb_kvdb.o(i._fdb_kv_load)
 <LI><a href="#[6e]">check_sec_hdr_cb</a> from fdb_tsdb.o(i.check_sec_hdr_cb) referenced from fdb_tsdb.o(i.fdb_tsdb_init)
 <LI><a href="#[72]">do_gc</a> from fdb_kvdb.o(i.do_gc) referenced from fdb_kvdb.o(i.gc_collect_by_free_size)
 <LI><a href="#[78]">erase</a> from fal_flash_port.o(i.erase) referenced from fal_flash_port.o(.constdata)
 <LI><a href="#[6f]">find_kv_cb</a> from fdb_kvdb.o(i.find_kv_cb) referenced from fdb_kvdb.o(i.find_kv_no_cache)
 <LI><a href="#[74]">format_all_cb</a> from fdb_tsdb.o(i.format_all_cb) referenced from fdb_tsdb.o(i.tsl_format_all)
 <LI><a href="#[71]">gc_check_cb</a> from fdb_kvdb.o(i.gc_check_cb) referenced from fdb_kvdb.o(i.gc_collect_by_free_size)
 <LI><a href="#[70]">get_current_time</a> from myflashdb_log.o(i.get_current_time) referenced from myflashdb_log.o(i.flash_log_init)
 <LI><a href="#[75]">init</a> from fal_flash_port.o(i.init) referenced from fal_flash_port.o(.constdata)
 <LI><a href="#[64]">main</a> from main.o(i.main) referenced from entry9a.o(.ARM.Collect$$$$0000000B)
 <LI><a href="#[88]">msg_cmd_auto_start</a> from msg_app.o(i.msg_cmd_auto_start) referenced from msg_app.o(.constdata)
 <LI><a href="#[89]">msg_cmd_auto_stop</a> from msg_app.o(i.msg_cmd_auto_stop) referenced from msg_app.o(.constdata)
 <LI><a href="#[93]">msg_cmd_clear_alarm_logs</a> from msg_app.o(i.msg_cmd_clear_alarm_logs) referenced from msg_app.o(.constdata)
 <LI><a href="#[90]">msg_cmd_enter_upgrade</a> from msg_app.o(i.msg_cmd_enter_upgrade) referenced from msg_app.o(.constdata)
 <LI><a href="#[92]">msg_cmd_get_alarm_logs</a> from msg_app.o(i.msg_cmd_get_alarm_logs) referenced from msg_app.o(.constdata)
 <LI><a href="#[80]">msg_cmd_get_baud</a> from msg_app.o(i.msg_cmd_get_baud) referenced from msg_app.o(.constdata)
 <LI><a href="#[81]">msg_cmd_get_ch0</a> from msg_app.o(i.msg_cmd_get_ch0) referenced from msg_app.o(.constdata)
 <LI><a href="#[82]">msg_cmd_get_ch1</a> from msg_app.o(i.msg_cmd_get_ch1) referenced from msg_app.o(.constdata)
 <LI><a href="#[83]">msg_cmd_get_ch2</a> from msg_app.o(i.msg_cmd_get_ch2) referenced from msg_app.o(.constdata)
 <LI><a href="#[7f]">msg_cmd_get_id</a> from msg_app.o(i.msg_cmd_get_id) referenced from msg_app.o(.constdata)
 <LI><a href="#[8c]">msg_cmd_get_limit0</a> from msg_app.o(i.msg_cmd_get_limit0) referenced from msg_app.o(.constdata)
 <LI><a href="#[8d]">msg_cmd_get_limit1</a> from msg_app.o(i.msg_cmd_get_limit1) referenced from msg_app.o(.constdata)
 <LI><a href="#[8b]">msg_cmd_get_limits</a> from msg_app.o(i.msg_cmd_get_limits) referenced from msg_app.o(.constdata)
 <LI><a href="#[7c]">msg_cmd_get_time</a> from msg_app.o(i.msg_cmd_get_time) referenced from msg_app.o(.constdata)
 <LI><a href="#[79]">msg_cmd_reboot</a> from msg_app.o(i.msg_cmd_reboot) referenced from msg_app.o(.constdata)
 <LI><a href="#[91]">msg_cmd_set_alarm_report</a> from msg_app.o(i.msg_cmd_set_alarm_report) referenced from msg_app.o(.constdata)
 <LI><a href="#[7e]">msg_cmd_set_baud</a> from msg_app.o(i.msg_cmd_set_baud) referenced from msg_app.o(.constdata)
 <LI><a href="#[87]">msg_cmd_set_dac</a> from msg_app.o(i.msg_cmd_set_dac) referenced from msg_app.o(.constdata)
 <LI><a href="#[7d]">msg_cmd_set_id</a> from msg_app.o(i.msg_cmd_set_id) referenced from msg_app.o(.constdata)
 <LI><a href="#[8e]">msg_cmd_set_limit0</a> from msg_app.o(i.msg_cmd_set_limit0) referenced from msg_app.o(.constdata)
 <LI><a href="#[8f]">msg_cmd_set_limit1</a> from msg_app.o(i.msg_cmd_set_limit1) referenced from msg_app.o(.constdata)
 <LI><a href="#[84]">msg_cmd_set_ratio_ch0</a> from msg_app.o(i.msg_cmd_set_ratio_ch0) referenced from msg_app.o(.constdata)
 <LI><a href="#[85]">msg_cmd_set_ratio_ch1</a> from msg_app.o(i.msg_cmd_set_ratio_ch1) referenced from msg_app.o(.constdata)
 <LI><a href="#[86]">msg_cmd_set_sample_cycle</a> from msg_app.o(i.msg_cmd_set_sample_cycle) referenced from msg_app.o(.constdata)
 <LI><a href="#[7b]">msg_cmd_set_time</a> from msg_app.o(i.msg_cmd_set_time) referenced from msg_app.o(.constdata)
 <LI><a href="#[8a]">msg_cmd_sleep</a> from msg_app.o(i.msg_cmd_sleep) referenced from msg_app.o(.constdata)
 <LI><a href="#[7a]">msg_cmd_version</a> from msg_app.o(i.msg_cmd_version) referenced from msg_app.o(.constdata)
 <LI><a href="#[73]">query_latest_over_cb</a> from myflashdb_log.o(i.query_latest_over_cb) referenced from myflashdb_log.o(i.print_latest_over_logs)
 <LI><a href="#[76]">read</a> from fal_flash_port.o(i.read) referenced from fal_flash_port.o(.constdata)
 <LI><a href="#[6b]">sector_statistics_cb</a> from fdb_kvdb.o(i.sector_statistics_cb) referenced from fdb_kvdb.o(i.alloc_kv)
 <LI><a href="#[77]">write</a> from fal_flash_port.o(i.write) referenced from fal_flash_port.o(.constdata)
</UL>
<P>
<H3>
Global Symbols
</H3>
<P><STRONG><a name="[66]"></a>__main</STRONG> (Thumb, 0 bytes, Stack size unknown bytes, entry.o(.ARM.Collect$$$$00000000))
<BR>[Address Reference Count : 1]<UL><LI> startup_gd32f450_470.o(.text)
</UL>
<P><STRONG><a name="[212]"></a>_main_stk</STRONG> (Thumb, 0 bytes, Stack size unknown bytes, entry2.o(.ARM.Collect$$$$00000001))

<P><STRONG><a name="[94]"></a>_main_scatterload</STRONG> (Thumb, 0 bytes, Stack size unknown bytes, entry5.o(.ARM.Collect$$$$00000004))
<BR><BR>[Calls]<UL><LI><a href="#[95]">&gt;&gt;</a>&nbsp;&nbsp;&nbsp;__scatterload
</UL>

<P><STRONG><a name="[a7]"></a>__main_after_scatterload</STRONG> (Thumb, 0 bytes, Stack size unknown bytes, entry5.o(.ARM.Collect$$$$00000004))
<BR><BR>[Called By]<UL><LI><a href="#[95]">&gt;&gt;</a>&nbsp;&nbsp;&nbsp;__scatterload
</UL>

<P><STRONG><a name="[213]"></a>_main_clock</STRONG> (Thumb, 0 bytes, Stack size unknown bytes, entry7b.o(.ARM.Collect$$$$00000008))

<P><STRONG><a name="[214]"></a>_main_cpp_init</STRONG> (Thumb, 0 bytes, Stack size unknown bytes, entry8b.o(.ARM.Collect$$$$0000000A))

<P><STRONG><a name="[215]"></a>_main_init</STRONG> (Thumb, 0 bytes, Stack size unknown bytes, entry9a.o(.ARM.Collect$$$$0000000B))

<P><STRONG><a name="[216]"></a>__rt_final_cpp</STRONG> (Thumb, 0 bytes, Stack size unknown bytes, entry10a.o(.ARM.Collect$$$$0000000D))

<P><STRONG><a name="[217]"></a>__rt_final_exit</STRONG> (Thumb, 0 bytes, Stack size unknown bytes, entry11a.o(.ARM.Collect$$$$0000000F))

<P><STRONG><a name="[1]"></a>Reset_Handler</STRONG> (Thumb, 8 bytes, Stack size 0 bytes, startup_gd32f450_470.o(.text))
<BR>[Address Reference Count : 1]<UL><LI> startup_gd32f450_470.o(RESET)
</UL>
<P><STRONG><a name="[1d]"></a>ADC_IRQHandler</STRONG> (Thumb, 0 bytes, Stack size 0 bytes, startup_gd32f450_470.o(.text))
<BR><BR>[Calls]<UL><LI><a href="#[1d]">&gt;&gt;</a>&nbsp;&nbsp;&nbsp;ADC_IRQHandler
</UL>
<BR>[Called By]<UL><LI><a href="#[1d]">&gt;&gt;</a>&nbsp;&nbsp;&nbsp;ADC_IRQHandler
</UL>
<BR>[Address Reference Count : 1]<UL><LI> startup_gd32f450_470.o(RESET)
</UL>
<P><STRONG><a name="[21]"></a>CAN0_EWMC_IRQHandler</STRONG> (Thumb, 0 bytes, Stack size 0 bytes, startup_gd32f450_470.o(.text))
<BR>[Address Reference Count : 1]<UL><LI> startup_gd32f450_470.o(RESET)
</UL>
<P><STRONG><a name="[1f]"></a>CAN0_RX0_IRQHandler</STRONG> (Thumb, 0 bytes, Stack size 0 bytes, startup_gd32f450_470.o(.text))
<BR>[Address Reference Count : 1]<UL><LI> startup_gd32f450_470.o(RESET)
</UL>
<P><STRONG><a name="[20]"></a>CAN0_RX1_IRQHandler</STRONG> (Thumb, 0 bytes, Stack size 0 bytes, startup_gd32f450_470.o(.text))
<BR>[Address Reference Count : 1]<UL><LI> startup_gd32f450_470.o(RESET)
</UL>
<P><STRONG><a name="[1e]"></a>CAN0_TX_IRQHandler</STRONG> (Thumb, 0 bytes, Stack size 0 bytes, startup_gd32f450_470.o(.text))
<BR>[Address Reference Count : 1]<UL><LI> startup_gd32f450_470.o(RESET)
</UL>
<P><STRONG><a name="[4d]"></a>CAN1_EWMC_IRQHandler</STRONG> (Thumb, 0 bytes, Stack size 0 bytes, startup_gd32f450_470.o(.text))
<BR>[Address Reference Count : 1]<UL><LI> startup_gd32f450_470.o(RESET)
</UL>
<P><STRONG><a name="[4b]"></a>CAN1_RX0_IRQHandler</STRONG> (Thumb, 0 bytes, Stack size 0 bytes, startup_gd32f450_470.o(.text))
<BR>[Address Reference Count : 1]<UL><LI> startup_gd32f450_470.o(RESET)
</UL>
<P><STRONG><a name="[4c]"></a>CAN1_RX1_IRQHandler</STRONG> (Thumb, 0 bytes, Stack size 0 bytes, startup_gd32f450_470.o(.text))
<BR>[Address Reference Count : 1]<UL><LI> startup_gd32f450_470.o(RESET)
</UL>
<P><STRONG><a name="[4a]"></a>CAN1_TX_IRQHandler</STRONG> (Thumb, 0 bytes, Stack size 0 bytes, startup_gd32f450_470.o(.text))
<BR>[Address Reference Count : 1]<UL><LI> startup_gd32f450_470.o(RESET)
</UL>
<P><STRONG><a name="[59]"></a>DCI_IRQHandler</STRONG> (Thumb, 0 bytes, Stack size 0 bytes, startup_gd32f450_470.o(.text))
<BR>[Address Reference Count : 1]<UL><LI> startup_gd32f450_470.o(RESET)
</UL>
<P><STRONG><a name="[16]"></a>DMA0_Channel0_IRQHandler</STRONG> (Thumb, 0 bytes, Stack size 0 bytes, startup_gd32f450_470.o(.text))
<BR>[Address Reference Count : 1]<UL><LI> startup_gd32f450_470.o(RESET)
</UL>
<P><STRONG><a name="[17]"></a>DMA0_Channel1_IRQHandler</STRONG> (Thumb, 0 bytes, Stack size 0 bytes, startup_gd32f450_470.o(.text))
<BR>[Address Reference Count : 1]<UL><LI> startup_gd32f450_470.o(RESET)
</UL>
<P><STRONG><a name="[18]"></a>DMA0_Channel2_IRQHandler</STRONG> (Thumb, 0 bytes, Stack size 0 bytes, startup_gd32f450_470.o(.text))
<BR>[Address Reference Count : 1]<UL><LI> startup_gd32f450_470.o(RESET)
</UL>
<P><STRONG><a name="[19]"></a>DMA0_Channel3_IRQHandler</STRONG> (Thumb, 0 bytes, Stack size 0 bytes, startup_gd32f450_470.o(.text))
<BR>[Address Reference Count : 1]<UL><LI> startup_gd32f450_470.o(RESET)
</UL>
<P><STRONG><a name="[1a]"></a>DMA0_Channel4_IRQHandler</STRONG> (Thumb, 0 bytes, Stack size 0 bytes, startup_gd32f450_470.o(.text))
<BR>[Address Reference Count : 1]<UL><LI> startup_gd32f450_470.o(RESET)
</UL>
<P><STRONG><a name="[1b]"></a>DMA0_Channel5_IRQHandler</STRONG> (Thumb, 0 bytes, Stack size 0 bytes, startup_gd32f450_470.o(.text))
<BR>[Address Reference Count : 1]<UL><LI> startup_gd32f450_470.o(RESET)
</UL>
<P><STRONG><a name="[1c]"></a>DMA0_Channel6_IRQHandler</STRONG> (Thumb, 0 bytes, Stack size 0 bytes, startup_gd32f450_470.o(.text))
<BR>[Address Reference Count : 1]<UL><LI> startup_gd32f450_470.o(RESET)
</UL>
<P><STRONG><a name="[3a]"></a>DMA0_Channel7_IRQHandler</STRONG> (Thumb, 0 bytes, Stack size 0 bytes, startup_gd32f450_470.o(.text))
<BR>[Address Reference Count : 1]<UL><LI> startup_gd32f450_470.o(RESET)
</UL>
<P><STRONG><a name="[43]"></a>DMA1_Channel0_IRQHandler</STRONG> (Thumb, 0 bytes, Stack size 0 bytes, startup_gd32f450_470.o(.text))
<BR>[Address Reference Count : 1]<UL><LI> startup_gd32f450_470.o(RESET)
</UL>
<P><STRONG><a name="[44]"></a>DMA1_Channel1_IRQHandler</STRONG> (Thumb, 0 bytes, Stack size 0 bytes, startup_gd32f450_470.o(.text))
<BR>[Address Reference Count : 1]<UL><LI> startup_gd32f450_470.o(RESET)
</UL>
<P><STRONG><a name="[45]"></a>DMA1_Channel2_IRQHandler</STRONG> (Thumb, 0 bytes, Stack size 0 bytes, startup_gd32f450_470.o(.text))
<BR>[Address Reference Count : 1]<UL><LI> startup_gd32f450_470.o(RESET)
</UL>
<P><STRONG><a name="[46]"></a>DMA1_Channel3_IRQHandler</STRONG> (Thumb, 0 bytes, Stack size 0 bytes, startup_gd32f450_470.o(.text))
<BR>[Address Reference Count : 1]<UL><LI> startup_gd32f450_470.o(RESET)
</UL>
<P><STRONG><a name="[47]"></a>DMA1_Channel4_IRQHandler</STRONG> (Thumb, 0 bytes, Stack size 0 bytes, startup_gd32f450_470.o(.text))
<BR>[Address Reference Count : 1]<UL><LI> startup_gd32f450_470.o(RESET)
</UL>
<P><STRONG><a name="[4f]"></a>DMA1_Channel5_IRQHandler</STRONG> (Thumb, 0 bytes, Stack size 0 bytes, startup_gd32f450_470.o(.text))
<BR>[Address Reference Count : 1]<UL><LI> startup_gd32f450_470.o(RESET)
</UL>
<P><STRONG><a name="[50]"></a>DMA1_Channel6_IRQHandler</STRONG> (Thumb, 0 bytes, Stack size 0 bytes, startup_gd32f450_470.o(.text))
<BR>[Address Reference Count : 1]<UL><LI> startup_gd32f450_470.o(RESET)
</UL>
<P><STRONG><a name="[51]"></a>DMA1_Channel7_IRQHandler</STRONG> (Thumb, 0 bytes, Stack size 0 bytes, startup_gd32f450_470.o(.text))
<BR>[Address Reference Count : 1]<UL><LI> startup_gd32f450_470.o(RESET)
</UL>
<P><STRONG><a name="[48]"></a>ENET_IRQHandler</STRONG> (Thumb, 0 bytes, Stack size 0 bytes, startup_gd32f450_470.o(.text))
<BR>[Address Reference Count : 1]<UL><LI> startup_gd32f450_470.o(RESET)
</UL>
<P><STRONG><a name="[49]"></a>ENET_WKUP_IRQHandler</STRONG> (Thumb, 0 bytes, Stack size 0 bytes, startup_gd32f450_470.o(.text))
<BR>[Address Reference Count : 1]<UL><LI> startup_gd32f450_470.o(RESET)
</UL>
<P><STRONG><a name="[3b]"></a>EXMC_IRQHandler</STRONG> (Thumb, 0 bytes, Stack size 0 bytes, startup_gd32f450_470.o(.text))
<BR>[Address Reference Count : 1]<UL><LI> startup_gd32f450_470.o(RESET)
</UL>
<P><STRONG><a name="[33]"></a>EXTI10_15_IRQHandler</STRONG> (Thumb, 0 bytes, Stack size 0 bytes, startup_gd32f450_470.o(.text))
<BR>[Address Reference Count : 1]<UL><LI> startup_gd32f450_470.o(RESET)
</UL>
<P><STRONG><a name="[12]"></a>EXTI1_IRQHandler</STRONG> (Thumb, 0 bytes, Stack size 0 bytes, startup_gd32f450_470.o(.text))
<BR>[Address Reference Count : 1]<UL><LI> startup_gd32f450_470.o(RESET)
</UL>
<P><STRONG><a name="[13]"></a>EXTI2_IRQHandler</STRONG> (Thumb, 0 bytes, Stack size 0 bytes, startup_gd32f450_470.o(.text))
<BR>[Address Reference Count : 1]<UL><LI> startup_gd32f450_470.o(RESET)
</UL>
<P><STRONG><a name="[14]"></a>EXTI3_IRQHandler</STRONG> (Thumb, 0 bytes, Stack size 0 bytes, startup_gd32f450_470.o(.text))
<BR>[Address Reference Count : 1]<UL><LI> startup_gd32f450_470.o(RESET)
</UL>
<P><STRONG><a name="[15]"></a>EXTI4_IRQHandler</STRONG> (Thumb, 0 bytes, Stack size 0 bytes, startup_gd32f450_470.o(.text))
<BR>[Address Reference Count : 1]<UL><LI> startup_gd32f450_470.o(RESET)
</UL>
<P><STRONG><a name="[22]"></a>EXTI5_9_IRQHandler</STRONG> (Thumb, 0 bytes, Stack size 0 bytes, startup_gd32f450_470.o(.text))
<BR>[Address Reference Count : 1]<UL><LI> startup_gd32f450_470.o(RESET)
</UL>
<P><STRONG><a name="[f]"></a>FMC_IRQHandler</STRONG> (Thumb, 0 bytes, Stack size 0 bytes, startup_gd32f450_470.o(.text))
<BR>[Address Reference Count : 1]<UL><LI> startup_gd32f450_470.o(RESET)
</UL>
<P><STRONG><a name="[5b]"></a>FPU_IRQHandler</STRONG> (Thumb, 0 bytes, Stack size 0 bytes, startup_gd32f450_470.o(.text))
<BR>[Address Reference Count : 1]<UL><LI> startup_gd32f450_470.o(RESET)
</UL>
<P><STRONG><a name="[2b]"></a>I2C0_ER_IRQHandler</STRONG> (Thumb, 0 bytes, Stack size 0 bytes, startup_gd32f450_470.o(.text))
<BR>[Address Reference Count : 1]<UL><LI> startup_gd32f450_470.o(RESET)
</UL>
<P><STRONG><a name="[2a]"></a>I2C0_EV_IRQHandler</STRONG> (Thumb, 0 bytes, Stack size 0 bytes, startup_gd32f450_470.o(.text))
<BR>[Address Reference Count : 1]<UL><LI> startup_gd32f450_470.o(RESET)
</UL>
<P><STRONG><a name="[2d]"></a>I2C1_ER_IRQHandler</STRONG> (Thumb, 0 bytes, Stack size 0 bytes, startup_gd32f450_470.o(.text))
<BR>[Address Reference Count : 1]<UL><LI> startup_gd32f450_470.o(RESET)
</UL>
<P><STRONG><a name="[2c]"></a>I2C1_EV_IRQHandler</STRONG> (Thumb, 0 bytes, Stack size 0 bytes, startup_gd32f450_470.o(.text))
<BR>[Address Reference Count : 1]<UL><LI> startup_gd32f450_470.o(RESET)
</UL>
<P><STRONG><a name="[54]"></a>I2C2_ER_IRQHandler</STRONG> (Thumb, 0 bytes, Stack size 0 bytes, startup_gd32f450_470.o(.text))
<BR>[Address Reference Count : 1]<UL><LI> startup_gd32f450_470.o(RESET)
</UL>
<P><STRONG><a name="[53]"></a>I2C2_EV_IRQHandler</STRONG> (Thumb, 0 bytes, Stack size 0 bytes, startup_gd32f450_470.o(.text))
<BR>[Address Reference Count : 1]<UL><LI> startup_gd32f450_470.o(RESET)
</UL>
<P><STRONG><a name="[63]"></a>IPA_IRQHandler</STRONG> (Thumb, 0 bytes, Stack size 0 bytes, startup_gd32f450_470.o(.text))
<BR>[Address Reference Count : 1]<UL><LI> startup_gd32f450_470.o(RESET)
</UL>
<P><STRONG><a name="[c]"></a>LVD_IRQHandler</STRONG> (Thumb, 0 bytes, Stack size 0 bytes, startup_gd32f450_470.o(.text))
<BR>[Address Reference Count : 1]<UL><LI> startup_gd32f450_470.o(RESET)
</UL>
<P><STRONG><a name="[10]"></a>RCU_CTC_IRQHandler</STRONG> (Thumb, 0 bytes, Stack size 0 bytes, startup_gd32f450_470.o(.text))
<BR>[Address Reference Count : 1]<UL><LI> startup_gd32f450_470.o(RESET)
</UL>
<P><STRONG><a name="[34]"></a>RTC_Alarm_IRQHandler</STRONG> (Thumb, 0 bytes, Stack size 0 bytes, startup_gd32f450_470.o(.text))
<BR>[Address Reference Count : 1]<UL><LI> startup_gd32f450_470.o(RESET)
</UL>
<P><STRONG><a name="[2e]"></a>SPI0_IRQHandler</STRONG> (Thumb, 0 bytes, Stack size 0 bytes, startup_gd32f450_470.o(.text))
<BR>[Address Reference Count : 1]<UL><LI> startup_gd32f450_470.o(RESET)
</UL>
<P><STRONG><a name="[2f]"></a>SPI1_IRQHandler</STRONG> (Thumb, 0 bytes, Stack size 0 bytes, startup_gd32f450_470.o(.text))
<BR>[Address Reference Count : 1]<UL><LI> startup_gd32f450_470.o(RESET)
</UL>
<P><STRONG><a name="[3e]"></a>SPI2_IRQHandler</STRONG> (Thumb, 0 bytes, Stack size 0 bytes, startup_gd32f450_470.o(.text))
<BR>[Address Reference Count : 1]<UL><LI> startup_gd32f450_470.o(RESET)
</UL>
<P><STRONG><a name="[5e]"></a>SPI3_IRQHandler</STRONG> (Thumb, 0 bytes, Stack size 0 bytes, startup_gd32f450_470.o(.text))
<BR>[Address Reference Count : 1]<UL><LI> startup_gd32f450_470.o(RESET)
</UL>
<P><STRONG><a name="[5f]"></a>SPI4_IRQHandler</STRONG> (Thumb, 0 bytes, Stack size 0 bytes, startup_gd32f450_470.o(.text))
<BR>[Address Reference Count : 1]<UL><LI> startup_gd32f450_470.o(RESET)
</UL>
<P><STRONG><a name="[60]"></a>SPI5_IRQHandler</STRONG> (Thumb, 0 bytes, Stack size 0 bytes, startup_gd32f450_470.o(.text))
<BR>[Address Reference Count : 1]<UL><LI> startup_gd32f450_470.o(RESET)
</UL>
<P><STRONG><a name="[d]"></a>TAMPER_STAMP_IRQHandler</STRONG> (Thumb, 0 bytes, Stack size 0 bytes, startup_gd32f450_470.o(.text))
<BR>[Address Reference Count : 1]<UL><LI> startup_gd32f450_470.o(RESET)
</UL>
<P><STRONG><a name="[23]"></a>TIMER0_BRK_TIMER8_IRQHandler</STRONG> (Thumb, 0 bytes, Stack size 0 bytes, startup_gd32f450_470.o(.text))
<BR>[Address Reference Count : 1]<UL><LI> startup_gd32f450_470.o(RESET)
</UL>
<P><STRONG><a name="[26]"></a>TIMER0_Channel_IRQHandler</STRONG> (Thumb, 0 bytes, Stack size 0 bytes, startup_gd32f450_470.o(.text))
<BR>[Address Reference Count : 1]<UL><LI> startup_gd32f450_470.o(RESET)
</UL>
<P><STRONG><a name="[25]"></a>TIMER0_TRG_CMT_TIMER10_IRQHandler</STRONG> (Thumb, 0 bytes, Stack size 0 bytes, startup_gd32f450_470.o(.text))
<BR>[Address Reference Count : 1]<UL><LI> startup_gd32f450_470.o(RESET)
</UL>
<P><STRONG><a name="[24]"></a>TIMER0_UP_TIMER9_IRQHandler</STRONG> (Thumb, 0 bytes, Stack size 0 bytes, startup_gd32f450_470.o(.text))
<BR>[Address Reference Count : 1]<UL><LI> startup_gd32f450_470.o(RESET)
</UL>
<P><STRONG><a name="[27]"></a>TIMER1_IRQHandler</STRONG> (Thumb, 0 bytes, Stack size 0 bytes, startup_gd32f450_470.o(.text))
<BR>[Address Reference Count : 1]<UL><LI> startup_gd32f450_470.o(RESET)
</UL>
<P><STRONG><a name="[28]"></a>TIMER2_IRQHandler</STRONG> (Thumb, 0 bytes, Stack size 0 bytes, startup_gd32f450_470.o(.text))
<BR>[Address Reference Count : 1]<UL><LI> startup_gd32f450_470.o(RESET)
</UL>
<P><STRONG><a name="[29]"></a>TIMER3_IRQHandler</STRONG> (Thumb, 0 bytes, Stack size 0 bytes, startup_gd32f450_470.o(.text))
<BR>[Address Reference Count : 1]<UL><LI> startup_gd32f450_470.o(RESET)
</UL>
<P><STRONG><a name="[3d]"></a>TIMER4_IRQHandler</STRONG> (Thumb, 0 bytes, Stack size 0 bytes, startup_gd32f450_470.o(.text))
<BR>[Address Reference Count : 1]<UL><LI> startup_gd32f450_470.o(RESET)
</UL>
<P><STRONG><a name="[41]"></a>TIMER5_DAC_IRQHandler</STRONG> (Thumb, 0 bytes, Stack size 0 bytes, startup_gd32f450_470.o(.text))
<BR>[Address Reference Count : 1]<UL><LI> startup_gd32f450_470.o(RESET)
</UL>
<P><STRONG><a name="[36]"></a>TIMER7_BRK_TIMER11_IRQHandler</STRONG> (Thumb, 0 bytes, Stack size 0 bytes, startup_gd32f450_470.o(.text))
<BR>[Address Reference Count : 1]<UL><LI> startup_gd32f450_470.o(RESET)
</UL>
<P><STRONG><a name="[39]"></a>TIMER7_Channel_IRQHandler</STRONG> (Thumb, 0 bytes, Stack size 0 bytes, startup_gd32f450_470.o(.text))
<BR>[Address Reference Count : 1]<UL><LI> startup_gd32f450_470.o(RESET)
</UL>
<P><STRONG><a name="[38]"></a>TIMER7_TRG_CMT_TIMER13_IRQHandler</STRONG> (Thumb, 0 bytes, Stack size 0 bytes, startup_gd32f450_470.o(.text))
<BR>[Address Reference Count : 1]<UL><LI> startup_gd32f450_470.o(RESET)
</UL>
<P><STRONG><a name="[37]"></a>TIMER7_UP_TIMER12_IRQHandler</STRONG> (Thumb, 0 bytes, Stack size 0 bytes, startup_gd32f450_470.o(.text))
<BR>[Address Reference Count : 1]<UL><LI> startup_gd32f450_470.o(RESET)
</UL>
<P><STRONG><a name="[62]"></a>TLI_ER_IRQHandler</STRONG> (Thumb, 0 bytes, Stack size 0 bytes, startup_gd32f450_470.o(.text))
<BR>[Address Reference Count : 1]<UL><LI> startup_gd32f450_470.o(RESET)
</UL>
<P><STRONG><a name="[61]"></a>TLI_IRQHandler</STRONG> (Thumb, 0 bytes, Stack size 0 bytes, startup_gd32f450_470.o(.text))
<BR>[Address Reference Count : 1]<UL><LI> startup_gd32f450_470.o(RESET)
</UL>
<P><STRONG><a name="[5a]"></a>TRNG_IRQHandler</STRONG> (Thumb, 0 bytes, Stack size 0 bytes, startup_gd32f450_470.o(.text))
<BR>[Address Reference Count : 1]<UL><LI> startup_gd32f450_470.o(RESET)
</UL>
<P><STRONG><a name="[3f]"></a>UART3_IRQHandler</STRONG> (Thumb, 0 bytes, Stack size 0 bytes, startup_gd32f450_470.o(.text))
<BR>[Address Reference Count : 1]<UL><LI> startup_gd32f450_470.o(RESET)
</UL>
<P><STRONG><a name="[40]"></a>UART4_IRQHandler</STRONG> (Thumb, 0 bytes, Stack size 0 bytes, startup_gd32f450_470.o(.text))
<BR>[Address Reference Count : 1]<UL><LI> startup_gd32f450_470.o(RESET)
</UL>
<P><STRONG><a name="[5c]"></a>UART6_IRQHandler</STRONG> (Thumb, 0 bytes, Stack size 0 bytes, startup_gd32f450_470.o(.text))
<BR>[Address Reference Count : 1]<UL><LI> startup_gd32f450_470.o(RESET)
</UL>
<P><STRONG><a name="[5d]"></a>UART7_IRQHandler</STRONG> (Thumb, 0 bytes, Stack size 0 bytes, startup_gd32f450_470.o(.text))
<BR>[Address Reference Count : 1]<UL><LI> startup_gd32f450_470.o(RESET)
</UL>
<P><STRONG><a name="[30]"></a>USART0_IRQHandler</STRONG> (Thumb, 0 bytes, Stack size 0 bytes, startup_gd32f450_470.o(.text))
<BR>[Address Reference Count : 1]<UL><LI> startup_gd32f450_470.o(RESET)
</UL>
<P><STRONG><a name="[32]"></a>USART2_IRQHandler</STRONG> (Thumb, 0 bytes, Stack size 0 bytes, startup_gd32f450_470.o(.text))
<BR>[Address Reference Count : 1]<UL><LI> startup_gd32f450_470.o(RESET)
</UL>
<P><STRONG><a name="[52]"></a>USART5_IRQHandler</STRONG> (Thumb, 0 bytes, Stack size 0 bytes, startup_gd32f450_470.o(.text))
<BR>[Address Reference Count : 1]<UL><LI> startup_gd32f450_470.o(RESET)
</UL>
<P><STRONG><a name="[4e]"></a>USBFS_IRQHandler</STRONG> (Thumb, 0 bytes, Stack size 0 bytes, startup_gd32f450_470.o(.text))
<BR>[Address Reference Count : 1]<UL><LI> startup_gd32f450_470.o(RESET)
</UL>
<P><STRONG><a name="[35]"></a>USBFS_WKUP_IRQHandler</STRONG> (Thumb, 0 bytes, Stack size 0 bytes, startup_gd32f450_470.o(.text))
<BR>[Address Reference Count : 1]<UL><LI> startup_gd32f450_470.o(RESET)
</UL>
<P><STRONG><a name="[56]"></a>USBHS_EP1_In_IRQHandler</STRONG> (Thumb, 0 bytes, Stack size 0 bytes, startup_gd32f450_470.o(.text))
<BR>[Address Reference Count : 1]<UL><LI> startup_gd32f450_470.o(RESET)
</UL>
<P><STRONG><a name="[55]"></a>USBHS_EP1_Out_IRQHandler</STRONG> (Thumb, 0 bytes, Stack size 0 bytes, startup_gd32f450_470.o(.text))
<BR>[Address Reference Count : 1]<UL><LI> startup_gd32f450_470.o(RESET)
</UL>
<P><STRONG><a name="[58]"></a>USBHS_IRQHandler</STRONG> (Thumb, 0 bytes, Stack size 0 bytes, startup_gd32f450_470.o(.text))
<BR>[Address Reference Count : 1]<UL><LI> startup_gd32f450_470.o(RESET)
</UL>
<P><STRONG><a name="[57]"></a>USBHS_WKUP_IRQHandler</STRONG> (Thumb, 0 bytes, Stack size 0 bytes, startup_gd32f450_470.o(.text))
<BR>[Address Reference Count : 1]<UL><LI> startup_gd32f450_470.o(RESET)
</UL>
<P><STRONG><a name="[b]"></a>WWDGT_IRQHandler</STRONG> (Thumb, 0 bytes, Stack size 0 bytes, startup_gd32f450_470.o(.text))
<BR>[Address Reference Count : 1]<UL><LI> startup_gd32f450_470.o(RESET)
</UL>
<P><STRONG><a name="[1cd]"></a>__rt_ctype_table</STRONG> (Thumb, 4 bytes, Stack size 0 bytes, ctype_o.o(.text))
<BR><BR>[Called By]<UL><LI><a href="#[1ce]">&gt;&gt;</a>&nbsp;&nbsp;&nbsp;msg_ascii_to_raw
<LI><a href="#[1cc]">&gt;&gt;</a>&nbsp;&nbsp;&nbsp;msg_ascii_start_is_frame
</UL>

<P><STRONG><a name="[96]"></a>mktime</STRONG> (Thumb, 150 bytes, Stack size 16 bytes, mktime.o(.text))
<BR><BR>[Stack]<UL><LI>Max Depth = 24<LI>Call Chain = mktime &rArr; _localtime
</UL>
<BR>[Calls]<UL><LI><a href="#[97]">&gt;&gt;</a>&nbsp;&nbsp;&nbsp;_localtime
</UL>
<BR>[Called By]<UL><LI><a href="#[1b2]">&gt;&gt;</a>&nbsp;&nbsp;&nbsp;get_unix_time
</UL>

<P><STRONG><a name="[12b]"></a>__aeabi_memcpy</STRONG> (Thumb, 36 bytes, Stack size 0 bytes, memcpya.o(.text))
<BR><BR>[Called By]<UL><LI><a href="#[12a]">&gt;&gt;</a>&nbsp;&nbsp;&nbsp;USART1_SendData
<LI><a href="#[109]">&gt;&gt;</a>&nbsp;&nbsp;&nbsp;rs485_printf
<LI><a href="#[139]">&gt;&gt;</a>&nbsp;&nbsp;&nbsp;_fdb_flash_write_align
<LI><a href="#[1ca]">&gt;&gt;</a>&nbsp;&nbsp;&nbsp;msg_build_frame
</UL>

<P><STRONG><a name="[166]"></a>__aeabi_memcpy4</STRONG> (Thumb, 0 bytes, Stack size 0 bytes, memcpya.o(.text))
<BR><BR>[Called By]<UL><LI><a href="#[1a2]">&gt;&gt;</a>&nbsp;&nbsp;&nbsp;update_sector_cache
<LI><a href="#[17e]">&gt;&gt;</a>&nbsp;&nbsp;&nbsp;read_sector_info
<LI><a href="#[165]">&gt;&gt;</a>&nbsp;&nbsp;&nbsp;format_sector
<LI><a href="#[196]">&gt;&gt;</a>&nbsp;&nbsp;&nbsp;fdb_tsl_iter_reverse
<LI><a href="#[6e]">&gt;&gt;</a>&nbsp;&nbsp;&nbsp;check_sec_hdr_cb
</UL>

<P><STRONG><a name="[218]"></a>__aeabi_memcpy8</STRONG> (Thumb, 0 bytes, Stack size 0 bytes, memcpya.o(.text), UNUSED)

<P><STRONG><a name="[99]"></a>__aeabi_memset</STRONG> (Thumb, 14 bytes, Stack size 0 bytes, memseta.o(.text))
<BR><BR>[Called By]<UL><LI><a href="#[145]">&gt;&gt;</a>&nbsp;&nbsp;&nbsp;_fdb_set_status
<LI><a href="#[139]">&gt;&gt;</a>&nbsp;&nbsp;&nbsp;_fdb_flash_write_align
<LI><a href="#[165]">&gt;&gt;</a>&nbsp;&nbsp;&nbsp;format_sector
<LI><a href="#[169]">&gt;&gt;</a>&nbsp;&nbsp;&nbsp;create_kv_blob
<LI><a href="#[20e]">&gt;&gt;</a>&nbsp;&nbsp;&nbsp;update_sec_status
<LI><a href="#[1a1]">&gt;&gt;</a>&nbsp;&nbsp;&nbsp;format_sector
<LI><a href="#[9a]">&gt;&gt;</a>&nbsp;&nbsp;&nbsp;_memset$wrapper
<LI><a href="#[98]">&gt;&gt;</a>&nbsp;&nbsp;&nbsp;__aeabi_memclr
</UL>

<P><STRONG><a name="[219]"></a>__aeabi_memset4</STRONG> (Thumb, 0 bytes, Stack size 0 bytes, memseta.o(.text), UNUSED)

<P><STRONG><a name="[21a]"></a>__aeabi_memset8</STRONG> (Thumb, 0 bytes, Stack size 0 bytes, memseta.o(.text), UNUSED)

<P><STRONG><a name="[98]"></a>__aeabi_memclr</STRONG> (Thumb, 4 bytes, Stack size 0 bytes, memseta.o(.text))
<BR><BR>[Calls]<UL><LI><a href="#[99]">&gt;&gt;</a>&nbsp;&nbsp;&nbsp;__aeabi_memset
</UL>
<BR>[Called By]<UL><LI><a href="#[116]">&gt;&gt;</a>&nbsp;&nbsp;&nbsp;USART1_ClearRxBuf
</UL>

<P><STRONG><a name="[104]"></a>__aeabi_memclr4</STRONG> (Thumb, 0 bytes, Stack size 0 bytes, memseta.o(.text))
<BR><BR>[Called By]<UL><LI><a href="#[1e5]">&gt;&gt;</a>&nbsp;&nbsp;&nbsp;rtc_setup
<LI><a href="#[fe]">&gt;&gt;</a>&nbsp;&nbsp;&nbsp;RTC_Init
<LI><a href="#[17e]">&gt;&gt;</a>&nbsp;&nbsp;&nbsp;read_sector_info
<LI><a href="#[162]">&gt;&gt;</a>&nbsp;&nbsp;&nbsp;move_kv
<LI><a href="#[19a]">&gt;&gt;</a>&nbsp;&nbsp;&nbsp;get_kv_from_cache
<LI><a href="#[165]">&gt;&gt;</a>&nbsp;&nbsp;&nbsp;format_sector
<LI><a href="#[175]">&gt;&gt;</a>&nbsp;&nbsp;&nbsp;del_kv
<LI><a href="#[1b2]">&gt;&gt;</a>&nbsp;&nbsp;&nbsp;get_unix_time
</UL>

<P><STRONG><a name="[21b]"></a>__aeabi_memclr8</STRONG> (Thumb, 0 bytes, Stack size 0 bytes, memseta.o(.text), UNUSED)

<P><STRONG><a name="[9a]"></a>_memset$wrapper</STRONG> (Thumb, 18 bytes, Stack size 8 bytes, memseta.o(.text), UNUSED)
<BR><BR>[Calls]<UL><LI><a href="#[99]">&gt;&gt;</a>&nbsp;&nbsp;&nbsp;__aeabi_memset
</UL>

<P><STRONG><a name="[158]"></a>strncpy</STRONG> (Thumb, 24 bytes, Stack size 8 bytes, strncpy.o(.text))
<BR><BR>[Stack]<UL><LI>Max Depth = 8<LI>Call Chain = strncpy
</UL>
<BR>[Called By]<UL><LI><a href="#[162]">&gt;&gt;</a>&nbsp;&nbsp;&nbsp;move_kv
<LI><a href="#[1bd]">&gt;&gt;</a>&nbsp;&nbsp;&nbsp;msg_alarm_check
<LI><a href="#[157]">&gt;&gt;</a>&nbsp;&nbsp;&nbsp;append_over_log_ch
<LI><a href="#[1b6]">&gt;&gt;</a>&nbsp;&nbsp;&nbsp;get_team_number
</UL>

<P><STRONG><a name="[16a]"></a>strlen</STRONG> (Thumb, 14 bytes, Stack size 0 bytes, strlen.o(.text))
<BR><BR>[Called By]<UL><LI><a href="#[109]">&gt;&gt;</a>&nbsp;&nbsp;&nbsp;rs485_printf
<LI><a href="#[140]">&gt;&gt;</a>&nbsp;&nbsp;&nbsp;fdb_kv_set_default
<LI><a href="#[18c]">&gt;&gt;</a>&nbsp;&nbsp;&nbsp;fdb_kv_set
<LI><a href="#[18e]">&gt;&gt;</a>&nbsp;&nbsp;&nbsp;set_kv
<LI><a href="#[6f]">&gt;&gt;</a>&nbsp;&nbsp;&nbsp;find_kv_cb
<LI><a href="#[176]">&gt;&gt;</a>&nbsp;&nbsp;&nbsp;find_kv
<LI><a href="#[175]">&gt;&gt;</a>&nbsp;&nbsp;&nbsp;del_kv
<LI><a href="#[169]">&gt;&gt;</a>&nbsp;&nbsp;&nbsp;create_kv_blob
</UL>

<P><STRONG><a name="[185]"></a>strcmp</STRONG> (Thumb, 28 bytes, Stack size 8 bytes, strcmp.o(.text))
<BR><BR>[Stack]<UL><LI>Max Depth = 8<LI>Call Chain = strcmp
</UL>
<BR>[Called By]<UL><LI><a href="#[1bb]">&gt;&gt;</a>&nbsp;&nbsp;&nbsp;sysFunction_Init
<LI><a href="#[13c]">&gt;&gt;</a>&nbsp;&nbsp;&nbsp;fal_partition_find
</UL>

<P><STRONG><a name="[180]"></a>strncmp</STRONG> (Thumb, 30 bytes, Stack size 12 bytes, strncmp.o(.text))
<BR><BR>[Stack]<UL><LI>Max Depth = 12<LI>Call Chain = strncmp
</UL>
<BR>[Called By]<UL><LI><a href="#[1bb]">&gt;&gt;</a>&nbsp;&nbsp;&nbsp;sysFunction_Init
<LI><a href="#[19a]">&gt;&gt;</a>&nbsp;&nbsp;&nbsp;get_kv_from_cache
<LI><a href="#[6f]">&gt;&gt;</a>&nbsp;&nbsp;&nbsp;find_kv_cb
<LI><a href="#[13d]">&gt;&gt;</a>&nbsp;&nbsp;&nbsp;fal_flash_device_find
</UL>

<P><STRONG><a name="[9b]"></a>__aeabi_dadd</STRONG> (Thumb, 322 bytes, Stack size 48 bytes, dadd.o(.text), UNUSED)
<BR><BR>[Calls]<UL><LI><a href="#[9d]">&gt;&gt;</a>&nbsp;&nbsp;&nbsp;__aeabi_lasr
<LI><a href="#[9c]">&gt;&gt;</a>&nbsp;&nbsp;&nbsp;__aeabi_llsl
<LI><a href="#[9f]">&gt;&gt;</a>&nbsp;&nbsp;&nbsp;_double_round
<LI><a href="#[9e]">&gt;&gt;</a>&nbsp;&nbsp;&nbsp;_double_epilogue
</UL>
<BR>[Called By]<UL><LI><a href="#[a1]">&gt;&gt;</a>&nbsp;&nbsp;&nbsp;__aeabi_drsub
<LI><a href="#[a0]">&gt;&gt;</a>&nbsp;&nbsp;&nbsp;__aeabi_dsub
<LI><a href="#[147]">&gt;&gt;</a>&nbsp;&nbsp;&nbsp;_fp_digits
</UL>

<P><STRONG><a name="[a0]"></a>__aeabi_dsub</STRONG> (Thumb, 6 bytes, Stack size 0 bytes, dadd.o(.text), UNUSED)
<BR><BR>[Calls]<UL><LI><a href="#[9b]">&gt;&gt;</a>&nbsp;&nbsp;&nbsp;__aeabi_dadd
</UL>

<P><STRONG><a name="[a1]"></a>__aeabi_drsub</STRONG> (Thumb, 6 bytes, Stack size 0 bytes, dadd.o(.text), UNUSED)
<BR><BR>[Calls]<UL><LI><a href="#[9b]">&gt;&gt;</a>&nbsp;&nbsp;&nbsp;__aeabi_dadd
</UL>

<P><STRONG><a name="[a2]"></a>__aeabi_dmul</STRONG> (Thumb, 228 bytes, Stack size 48 bytes, dmul.o(.text), UNUSED)
<BR><BR>[Calls]<UL><LI><a href="#[9e]">&gt;&gt;</a>&nbsp;&nbsp;&nbsp;_double_epilogue
</UL>
<BR>[Called By]<UL><LI><a href="#[147]">&gt;&gt;</a>&nbsp;&nbsp;&nbsp;_fp_digits
</UL>

<P><STRONG><a name="[1c4]"></a>__aeabi_f2d</STRONG> (Thumb, 38 bytes, Stack size 0 bytes, f2d.o(.text))
<BR><BR>[Called By]<UL><LI><a href="#[1d9]">&gt;&gt;</a>&nbsp;&nbsp;&nbsp;print_latest_over_logs
<LI><a href="#[1c3]">&gt;&gt;</a>&nbsp;&nbsp;&nbsp;msg_app_alarm_print
</UL>

<P><STRONG><a name="[21c]"></a>__aeabi_uidiv</STRONG> (Thumb, 0 bytes, Stack size 12 bytes, uidiv.o(.text), UNUSED)

<P><STRONG><a name="[14b]"></a>__aeabi_uidivmod</STRONG> (Thumb, 44 bytes, Stack size 12 bytes, uidiv.o(.text), UNUSED)
<BR><BR>[Called By]<UL><LI><a href="#[131]">&gt;&gt;</a>&nbsp;&nbsp;&nbsp;_printf_core
</UL>

<P><STRONG><a name="[a3]"></a>__aeabi_uldivmod</STRONG> (Thumb, 98 bytes, Stack size 40 bytes, uldiv.o(.text), UNUSED)
<BR><BR>[Calls]<UL><LI><a href="#[a4]">&gt;&gt;</a>&nbsp;&nbsp;&nbsp;__aeabi_llsr
<LI><a href="#[9c]">&gt;&gt;</a>&nbsp;&nbsp;&nbsp;__aeabi_llsl
</UL>
<BR>[Called By]<UL><LI><a href="#[131]">&gt;&gt;</a>&nbsp;&nbsp;&nbsp;_printf_core
<LI><a href="#[147]">&gt;&gt;</a>&nbsp;&nbsp;&nbsp;_fp_digits
</UL>

<P><STRONG><a name="[9c]"></a>__aeabi_llsl</STRONG> (Thumb, 30 bytes, Stack size 0 bytes, llshl.o(.text), UNUSED)
<BR><BR>[Called By]<UL><LI><a href="#[9b]">&gt;&gt;</a>&nbsp;&nbsp;&nbsp;__aeabi_dadd
<LI><a href="#[a3]">&gt;&gt;</a>&nbsp;&nbsp;&nbsp;__aeabi_uldivmod
<LI><a href="#[9e]">&gt;&gt;</a>&nbsp;&nbsp;&nbsp;_double_epilogue
<LI><a href="#[a6]">&gt;&gt;</a>&nbsp;&nbsp;&nbsp;__aeabi_d2ulz
</UL>

<P><STRONG><a name="[21d]"></a>_ll_shift_l</STRONG> (Thumb, 0 bytes, Stack size 0 bytes, llshl.o(.text), UNUSED)

<P><STRONG><a name="[a4]"></a>__aeabi_llsr</STRONG> (Thumb, 32 bytes, Stack size 0 bytes, llushr.o(.text), UNUSED)
<BR><BR>[Called By]<UL><LI><a href="#[a3]">&gt;&gt;</a>&nbsp;&nbsp;&nbsp;__aeabi_uldivmod
<LI><a href="#[9e]">&gt;&gt;</a>&nbsp;&nbsp;&nbsp;_double_epilogue
<LI><a href="#[a6]">&gt;&gt;</a>&nbsp;&nbsp;&nbsp;__aeabi_d2ulz
</UL>

<P><STRONG><a name="[21e]"></a>_ll_ushift_r</STRONG> (Thumb, 0 bytes, Stack size 0 bytes, llushr.o(.text), UNUSED)

<P><STRONG><a name="[9d]"></a>__aeabi_lasr</STRONG> (Thumb, 36 bytes, Stack size 0 bytes, llsshr.o(.text), UNUSED)
<BR><BR>[Called By]<UL><LI><a href="#[9b]">&gt;&gt;</a>&nbsp;&nbsp;&nbsp;__aeabi_dadd
</UL>

<P><STRONG><a name="[21f]"></a>_ll_sshift_r</STRONG> (Thumb, 0 bytes, Stack size 0 bytes, llsshr.o(.text), UNUSED)

<P><STRONG><a name="[97]"></a>_localtime</STRONG> (Thumb, 134 bytes, Stack size 8 bytes, localtime_i.o(.text))
<BR><BR>[Stack]<UL><LI>Max Depth = 8<LI>Call Chain = _localtime
</UL>
<BR>[Called By]<UL><LI><a href="#[96]">&gt;&gt;</a>&nbsp;&nbsp;&nbsp;mktime
</UL>

<P><STRONG><a name="[220]"></a>__I$use$fp</STRONG> (Thumb, 0 bytes, Stack size 8 bytes, iusefp.o(.text), UNUSED)

<P><STRONG><a name="[9f]"></a>_double_round</STRONG> (Thumb, 30 bytes, Stack size 8 bytes, depilogue.o(.text), UNUSED)
<BR><BR>[Called By]<UL><LI><a href="#[9b]">&gt;&gt;</a>&nbsp;&nbsp;&nbsp;__aeabi_dadd
<LI><a href="#[9e]">&gt;&gt;</a>&nbsp;&nbsp;&nbsp;_double_epilogue
<LI><a href="#[a5]">&gt;&gt;</a>&nbsp;&nbsp;&nbsp;__aeabi_ddiv
</UL>

<P><STRONG><a name="[9e]"></a>_double_epilogue</STRONG> (Thumb, 156 bytes, Stack size 32 bytes, depilogue.o(.text), UNUSED)
<BR><BR>[Calls]<UL><LI><a href="#[a4]">&gt;&gt;</a>&nbsp;&nbsp;&nbsp;__aeabi_llsr
<LI><a href="#[9c]">&gt;&gt;</a>&nbsp;&nbsp;&nbsp;__aeabi_llsl
<LI><a href="#[9f]">&gt;&gt;</a>&nbsp;&nbsp;&nbsp;_double_round
</UL>
<BR>[Called By]<UL><LI><a href="#[a2]">&gt;&gt;</a>&nbsp;&nbsp;&nbsp;__aeabi_dmul
<LI><a href="#[9b]">&gt;&gt;</a>&nbsp;&nbsp;&nbsp;__aeabi_dadd
</UL>

<P><STRONG><a name="[a5]"></a>__aeabi_ddiv</STRONG> (Thumb, 222 bytes, Stack size 32 bytes, ddiv.o(.text), UNUSED)
<BR><BR>[Calls]<UL><LI><a href="#[9f]">&gt;&gt;</a>&nbsp;&nbsp;&nbsp;_double_round
</UL>
<BR>[Called By]<UL><LI><a href="#[147]">&gt;&gt;</a>&nbsp;&nbsp;&nbsp;_fp_digits
</UL>

<P><STRONG><a name="[a6]"></a>__aeabi_d2ulz</STRONG> (Thumb, 48 bytes, Stack size 0 bytes, dfixul.o(.text), UNUSED)
<BR><BR>[Calls]<UL><LI><a href="#[a4]">&gt;&gt;</a>&nbsp;&nbsp;&nbsp;__aeabi_llsr
<LI><a href="#[9c]">&gt;&gt;</a>&nbsp;&nbsp;&nbsp;__aeabi_llsl
</UL>
<BR>[Called By]<UL><LI><a href="#[147]">&gt;&gt;</a>&nbsp;&nbsp;&nbsp;_fp_digits
</UL>

<P><STRONG><a name="[148]"></a>__aeabi_cdrcmple</STRONG> (Thumb, 48 bytes, Stack size 0 bytes, cdrcmple.o(.text), UNUSED)
<BR><BR>[Called By]<UL><LI><a href="#[147]">&gt;&gt;</a>&nbsp;&nbsp;&nbsp;_fp_digits
</UL>

<P><STRONG><a name="[95]"></a>__scatterload</STRONG> (Thumb, 28 bytes, Stack size 0 bytes, init.o(.text))
<BR><BR>[Calls]<UL><LI><a href="#[a7]">&gt;&gt;</a>&nbsp;&nbsp;&nbsp;__main_after_scatterload
</UL>
<BR>[Called By]<UL><LI><a href="#[94]">&gt;&gt;</a>&nbsp;&nbsp;&nbsp;_main_scatterload
</UL>

<P><STRONG><a name="[221]"></a>__scatterload_rt2</STRONG> (Thumb, 0 bytes, Stack size 0 bytes, init.o(.text), UNUSED)

<P><STRONG><a name="[a8]"></a>AD3344_Config</STRONG> (Thumb, 122 bytes, Stack size 32 bytes, ad3344.o(i.AD3344_Config))
<BR><BR>[Stack]<UL><LI>Max Depth = 80<LI>Call Chain = AD3344_Config &rArr; AD3344_ReadRaw &rArr; ad3344_write16 &rArr; ad3344_transfer16
</UL>
<BR>[Calls]<UL><LI><a href="#[ac]">&gt;&gt;</a>&nbsp;&nbsp;&nbsp;delay_1ms
<LI><a href="#[ad]">&gt;&gt;</a>&nbsp;&nbsp;&nbsp;AD3344_ReadRaw
<LI><a href="#[aa]">&gt;&gt;</a>&nbsp;&nbsp;&nbsp;ad3344_write16
<LI><a href="#[a9]">&gt;&gt;</a>&nbsp;&nbsp;&nbsp;ad3344_make_config
<LI><a href="#[ab]">&gt;&gt;</a>&nbsp;&nbsp;&nbsp;ad3344_conversion_delay_ms
</UL>
<BR>[Called By]<UL><LI><a href="#[ae]">&gt;&gt;</a>&nbsp;&nbsp;&nbsp;AD3344_Init
<LI><a href="#[f8]">&gt;&gt;</a>&nbsp;&nbsp;&nbsp;pt100_read_voltage_filtered
</UL>

<P><STRONG><a name="[ae]"></a>AD3344_Init</STRONG> (Thumb, 206 bytes, Stack size 40 bytes, ad3344.o(i.AD3344_Init))
<BR><BR>[Stack]<UL><LI>Max Depth = 120<LI>Call Chain = AD3344_Init &rArr; AD3344_Config &rArr; AD3344_ReadRaw &rArr; ad3344_write16 &rArr; ad3344_transfer16
</UL>
<BR>[Calls]<UL><LI><a href="#[b2]">&gt;&gt;</a>&nbsp;&nbsp;&nbsp;gpio_output_options_set
<LI><a href="#[b3]">&gt;&gt;</a>&nbsp;&nbsp;&nbsp;gpio_bit_set
<LI><a href="#[af]">&gt;&gt;</a>&nbsp;&nbsp;&nbsp;rcu_periph_clock_enable
<LI><a href="#[b1]">&gt;&gt;</a>&nbsp;&nbsp;&nbsp;gpio_mode_set
<LI><a href="#[b6]">&gt;&gt;</a>&nbsp;&nbsp;&nbsp;spi_init
<LI><a href="#[b7]">&gt;&gt;</a>&nbsp;&nbsp;&nbsp;spi_enable
<LI><a href="#[b0]">&gt;&gt;</a>&nbsp;&nbsp;&nbsp;gpio_af_set
<LI><a href="#[b5]">&gt;&gt;</a>&nbsp;&nbsp;&nbsp;spi_struct_para_init
<LI><a href="#[b4]">&gt;&gt;</a>&nbsp;&nbsp;&nbsp;spi_i2s_deinit
<LI><a href="#[a8]">&gt;&gt;</a>&nbsp;&nbsp;&nbsp;AD3344_Config
<LI><a href="#[b8]">&gt;&gt;</a>&nbsp;&nbsp;&nbsp;ad3344_init_private_registers
</UL>
<BR>[Called By]<UL><LI><a href="#[1bb]">&gt;&gt;</a>&nbsp;&nbsp;&nbsp;sysFunction_Init
</UL>

<P><STRONG><a name="[b9]"></a>AD3344_RawToVoltage</STRONG> (Thumb, 38 bytes, Stack size 16 bytes, ad3344.o(i.AD3344_RawToVoltage))
<BR><BR>[Stack]<UL><LI>Max Depth = 16<LI>Call Chain = AD3344_RawToVoltage
</UL>
<BR>[Calls]<UL><LI><a href="#[ba]">&gt;&gt;</a>&nbsp;&nbsp;&nbsp;ad3344_effective_full_scale
</UL>
<BR>[Called By]<UL><LI><a href="#[bc]">&gt;&gt;</a>&nbsp;&nbsp;&nbsp;AD3344_ReadVoltage
</UL>

<P><STRONG><a name="[ad]"></a>AD3344_ReadRaw</STRONG> (Thumb, 60 bytes, Stack size 16 bytes, ad3344.o(i.AD3344_ReadRaw))
<BR><BR>[Stack]<UL><LI>Max Depth = 48<LI>Call Chain = AD3344_ReadRaw &rArr; ad3344_write16 &rArr; ad3344_transfer16
</UL>
<BR>[Calls]<UL><LI><a href="#[aa]">&gt;&gt;</a>&nbsp;&nbsp;&nbsp;ad3344_write16
<LI><a href="#[bb]">&gt;&gt;</a>&nbsp;&nbsp;&nbsp;ad3344_wait_ready
<LI><a href="#[a9]">&gt;&gt;</a>&nbsp;&nbsp;&nbsp;ad3344_make_config
</UL>
<BR>[Called By]<UL><LI><a href="#[bc]">&gt;&gt;</a>&nbsp;&nbsp;&nbsp;AD3344_ReadVoltage
<LI><a href="#[a8]">&gt;&gt;</a>&nbsp;&nbsp;&nbsp;AD3344_Config
</UL>

<P><STRONG><a name="[bc]"></a>AD3344_ReadVoltage</STRONG> (Thumb, 34 bytes, Stack size 16 bytes, ad3344.o(i.AD3344_ReadVoltage))
<BR><BR>[Stack]<UL><LI>Max Depth = 64<LI>Call Chain = AD3344_ReadVoltage &rArr; AD3344_ReadRaw &rArr; ad3344_write16 &rArr; ad3344_transfer16
</UL>
<BR>[Calls]<UL><LI><a href="#[ad]">&gt;&gt;</a>&nbsp;&nbsp;&nbsp;AD3344_ReadRaw
<LI><a href="#[b9]">&gt;&gt;</a>&nbsp;&nbsp;&nbsp;AD3344_RawToVoltage
</UL>
<BR>[Called By]<UL><LI><a href="#[f8]">&gt;&gt;</a>&nbsp;&nbsp;&nbsp;pt100_read_voltage_filtered
</UL>

<P><STRONG><a name="[bd]"></a>ADC_Init</STRONG> (Thumb, 122 bytes, Stack size 8 bytes, adc.o(i.ADC_Init))
<BR><BR>[Stack]<UL><LI>Max Depth = 28<LI>Call Chain = ADC_Init &rArr; adc_routine_channel_config
</UL>
<BR>[Calls]<UL><LI><a href="#[bf]">&gt;&gt;</a>&nbsp;&nbsp;&nbsp;adc_special_function_config
<LI><a href="#[c2]">&gt;&gt;</a>&nbsp;&nbsp;&nbsp;adc_routine_channel_config
<LI><a href="#[c4]">&gt;&gt;</a>&nbsp;&nbsp;&nbsp;adc_oversample_mode_enable
<LI><a href="#[c3]">&gt;&gt;</a>&nbsp;&nbsp;&nbsp;adc_oversample_mode_config
<LI><a href="#[c7]">&gt;&gt;</a>&nbsp;&nbsp;&nbsp;adc_external_trigger_config
<LI><a href="#[c8]">&gt;&gt;</a>&nbsp;&nbsp;&nbsp;adc_enable
<LI><a href="#[c6]">&gt;&gt;</a>&nbsp;&nbsp;&nbsp;adc_dma_request_after_last_enable
<LI><a href="#[c5]">&gt;&gt;</a>&nbsp;&nbsp;&nbsp;adc_dma_mode_enable
<LI><a href="#[be]">&gt;&gt;</a>&nbsp;&nbsp;&nbsp;adc_deinit
<LI><a href="#[c0]">&gt;&gt;</a>&nbsp;&nbsp;&nbsp;adc_data_alignment_config
<LI><a href="#[c1]">&gt;&gt;</a>&nbsp;&nbsp;&nbsp;adc_channel_length_config
<LI><a href="#[c9]">&gt;&gt;</a>&nbsp;&nbsp;&nbsp;adc_calibration_enable
</UL>
<BR>[Called By]<UL><LI><a href="#[cd]">&gt;&gt;</a>&nbsp;&nbsp;&nbsp;ADC_port_init
</UL>

<P><STRONG><a name="[ca]"></a>ADC_get</STRONG> (Thumb, 22 bytes, Stack size 12 bytes, adc.o(i.ADC_get))
<BR><BR>[Stack]<UL><LI>Max Depth = 12<LI>Call Chain = ADC_get
</UL>
<BR>[Calls]<UL><LI><a href="#[cb]">&gt;&gt;</a>&nbsp;&nbsp;&nbsp;ADC_get_pair
</UL>
<BR>[Called By]<UL><LI><a href="#[170]">&gt;&gt;</a>&nbsp;&nbsp;&nbsp;data_get_ch0_value
</UL>

<P><STRONG><a name="[cc]"></a>ADC_get_ch1</STRONG> (Thumb, 22 bytes, Stack size 12 bytes, adc.o(i.ADC_get_ch1))
<BR><BR>[Stack]<UL><LI>Max Depth = 12<LI>Call Chain = ADC_get_ch1
</UL>
<BR>[Calls]<UL><LI><a href="#[cb]">&gt;&gt;</a>&nbsp;&nbsp;&nbsp;ADC_get_pair
</UL>
<BR>[Called By]<UL><LI><a href="#[172]">&gt;&gt;</a>&nbsp;&nbsp;&nbsp;data_get_ch1_value
</UL>

<P><STRONG><a name="[cb]"></a>ADC_get_pair</STRONG> (Thumb, 22 bytes, Stack size 0 bytes, adc.o(i.ADC_get_pair))
<BR><BR>[Called By]<UL><LI><a href="#[cc]">&gt;&gt;</a>&nbsp;&nbsp;&nbsp;ADC_get_ch1
<LI><a href="#[ca]">&gt;&gt;</a>&nbsp;&nbsp;&nbsp;ADC_get
</UL>

<P><STRONG><a name="[cd]"></a>ADC_port_init</STRONG> (Thumb, 56 bytes, Stack size 8 bytes, adc.o(i.ADC_port_init))
<BR><BR>[Stack]<UL><LI>Max Depth = 64<LI>Call Chain = ADC_port_init &rArr; DMA_ADC_Init &rArr; dma_single_data_mode_init
</UL>
<BR>[Calls]<UL><LI><a href="#[af]">&gt;&gt;</a>&nbsp;&nbsp;&nbsp;rcu_periph_clock_enable
<LI><a href="#[b1]">&gt;&gt;</a>&nbsp;&nbsp;&nbsp;gpio_mode_set
<LI><a href="#[d0]">&gt;&gt;</a>&nbsp;&nbsp;&nbsp;adc_software_trigger_enable
<LI><a href="#[ce]">&gt;&gt;</a>&nbsp;&nbsp;&nbsp;adc_clock_config
<LI><a href="#[cf]">&gt;&gt;</a>&nbsp;&nbsp;&nbsp;DMA_ADC_Init
<LI><a href="#[bd]">&gt;&gt;</a>&nbsp;&nbsp;&nbsp;ADC_Init
</UL>
<BR>[Called By]<UL><LI><a href="#[1bb]">&gt;&gt;</a>&nbsp;&nbsp;&nbsp;sysFunction_Init
</UL>

<P><STRONG><a name="[5]"></a>BusFault_Handler</STRONG> (Thumb, 4 bytes, Stack size 0 bytes, gd32f4xx_it.o(i.BusFault_Handler))
<BR>[Address Reference Count : 1]<UL><LI> startup_gd32f450_470.o(RESET)
</UL>
<P><STRONG><a name="[15c]"></a>Calculate_CRC16</STRONG> (Thumb, 68 bytes, Stack size 12 bytes, msg.o(i.Calculate_CRC16))
<BR><BR>[Stack]<UL><LI>Max Depth = 12<LI>Call Chain = Calculate_CRC16
</UL>
<BR>[Called By]<UL><LI><a href="#[15b]">&gt;&gt;</a>&nbsp;&nbsp;&nbsp;boot_param_set_flag
<LI><a href="#[1df]">&gt;&gt;</a>&nbsp;&nbsp;&nbsp;msg_parse_raw
<LI><a href="#[1ca]">&gt;&gt;</a>&nbsp;&nbsp;&nbsp;msg_build_frame
</UL>

<P><STRONG><a name="[d1]"></a>DAC_Init</STRONG> (Thumb, 114 bytes, Stack size 8 bytes, dac.o(i.DAC_Init))
<BR><BR>[Stack]<UL><LI>Max Depth = 48<LI>Call Chain = DAC_Init &rArr; DAC_SetVoltage &rArr; DAC_Set
</UL>
<BR>[Calls]<UL><LI><a href="#[af]">&gt;&gt;</a>&nbsp;&nbsp;&nbsp;rcu_periph_clock_enable
<LI><a href="#[b1]">&gt;&gt;</a>&nbsp;&nbsp;&nbsp;gpio_mode_set
<LI><a href="#[d3]">&gt;&gt;</a>&nbsp;&nbsp;&nbsp;dac_output_buffer_enable
<LI><a href="#[d4]">&gt;&gt;</a>&nbsp;&nbsp;&nbsp;dac_enable
<LI><a href="#[d2]">&gt;&gt;</a>&nbsp;&nbsp;&nbsp;dac_deinit
<LI><a href="#[d5]">&gt;&gt;</a>&nbsp;&nbsp;&nbsp;dac_data_set
<LI><a href="#[d6]">&gt;&gt;</a>&nbsp;&nbsp;&nbsp;DAC_SetVoltage
</UL>
<BR>[Called By]<UL><LI><a href="#[1bb]">&gt;&gt;</a>&nbsp;&nbsp;&nbsp;sysFunction_Init
</UL>

<P><STRONG><a name="[d7]"></a>DAC_Set</STRONG> (Thumb, 30 bytes, Stack size 16 bytes, dac.o(i.DAC_Set))
<BR><BR>[Stack]<UL><LI>Max Depth = 16<LI>Call Chain = DAC_Set
</UL>
<BR>[Calls]<UL><LI><a href="#[d5]">&gt;&gt;</a>&nbsp;&nbsp;&nbsp;dac_data_set
</UL>
<BR>[Called By]<UL><LI><a href="#[d6]">&gt;&gt;</a>&nbsp;&nbsp;&nbsp;DAC_SetVoltage
<LI><a href="#[87]">&gt;&gt;</a>&nbsp;&nbsp;&nbsp;msg_cmd_set_dac
</UL>

<P><STRONG><a name="[d6]"></a>DAC_SetVoltage</STRONG> (Thumb, 36 bytes, Stack size 24 bytes, dac.o(i.DAC_SetVoltage))
<BR><BR>[Stack]<UL><LI>Max Depth = 40<LI>Call Chain = DAC_SetVoltage &rArr; DAC_Set
</UL>
<BR>[Calls]<UL><LI><a href="#[d8]">&gt;&gt;</a>&nbsp;&nbsp;&nbsp;DAC_VoltageToData
<LI><a href="#[d7]">&gt;&gt;</a>&nbsp;&nbsp;&nbsp;DAC_Set
</UL>
<BR>[Called By]<UL><LI><a href="#[d1]">&gt;&gt;</a>&nbsp;&nbsp;&nbsp;DAC_Init
<LI><a href="#[1af]">&gt;&gt;</a>&nbsp;&nbsp;&nbsp;function_param_load
</UL>

<P><STRONG><a name="[d8]"></a>DAC_VoltageToData</STRONG> (Thumb, 62 bytes, Stack size 0 bytes, dac.o(i.DAC_VoltageToData))
<BR><BR>[Called By]<UL><LI><a href="#[d6]">&gt;&gt;</a>&nbsp;&nbsp;&nbsp;DAC_SetVoltage
</UL>

<P><STRONG><a name="[cf]"></a>DMA_ADC_Init</STRONG> (Thumb, 88 bytes, Stack size 40 bytes, mydma.o(i.DMA_ADC_Init))
<BR><BR>[Stack]<UL><LI>Max Depth = 56<LI>Call Chain = DMA_ADC_Init &rArr; dma_single_data_mode_init
</UL>
<BR>[Calls]<UL><LI><a href="#[af]">&gt;&gt;</a>&nbsp;&nbsp;&nbsp;rcu_periph_clock_enable
<LI><a href="#[d9]">&gt;&gt;</a>&nbsp;&nbsp;&nbsp;dma_deinit
<LI><a href="#[db]">&gt;&gt;</a>&nbsp;&nbsp;&nbsp;dma_channel_subperipheral_select
<LI><a href="#[dc]">&gt;&gt;</a>&nbsp;&nbsp;&nbsp;dma_channel_enable
<LI><a href="#[da]">&gt;&gt;</a>&nbsp;&nbsp;&nbsp;dma_single_data_mode_init
</UL>
<BR>[Called By]<UL><LI><a href="#[cd]">&gt;&gt;</a>&nbsp;&nbsp;&nbsp;ADC_port_init
</UL>

<P><STRONG><a name="[8]"></a>DebugMon_Handler</STRONG> (Thumb, 2 bytes, Stack size 0 bytes, gd32f4xx_it.o(i.DebugMon_Handler))
<BR>[Address Reference Count : 1]<UL><LI> startup_gd32f450_470.o(RESET)
</UL>
<P><STRONG><a name="[11]"></a>EXTI0_IRQHandler</STRONG> (Thumb, 18 bytes, Stack size 8 bytes, sleep_wake.o(i.EXTI0_IRQHandler))
<BR><BR>[Stack]<UL><LI>Max Depth = 8<LI>Call Chain = EXTI0_IRQHandler
</UL>
<BR>[Calls]<UL><LI><a href="#[dd]">&gt;&gt;</a>&nbsp;&nbsp;&nbsp;exti_interrupt_flag_get
<LI><a href="#[de]">&gt;&gt;</a>&nbsp;&nbsp;&nbsp;exti_interrupt_flag_clear
</UL>
<BR>[Address Reference Count : 1]<UL><LI> startup_gd32f450_470.o(RESET)
</UL>
<P><STRONG><a name="[1d7]"></a>Gettim6Time</STRONG> (Thumb, 6 bytes, Stack size 0 bytes, tim6_functimer.o(i.Gettim6Time))
<BR><BR>[Called By]<UL><LI><a href="#[1a7]">&gt;&gt;</a>&nbsp;&nbsp;&nbsp;tim6_timeoutcheck
<LI><a href="#[86]">&gt;&gt;</a>&nbsp;&nbsp;&nbsp;msg_cmd_set_sample_cycle
<LI><a href="#[88]">&gt;&gt;</a>&nbsp;&nbsp;&nbsp;msg_cmd_auto_start
</UL>

<P><STRONG><a name="[3]"></a>HardFault_Handler</STRONG> (Thumb, 4 bytes, Stack size 0 bytes, gd32f4xx_it.o(i.HardFault_Handler))
<BR>[Address Reference Count : 1]<UL><LI> startup_gd32f450_470.o(RESET)
</UL>
<P><STRONG><a name="[df]"></a>I2C_Start</STRONG> (Thumb, 84 bytes, Stack size 8 bytes, oled.o(i.I2C_Start))
<BR><BR>[Stack]<UL><LI>Max Depth = 28<LI>Call Chain = I2C_Start &rArr; gpio_output_options_set
</UL>
<BR>[Calls]<UL><LI><a href="#[e0]">&gt;&gt;</a>&nbsp;&nbsp;&nbsp;IIC_delay
<LI><a href="#[b2]">&gt;&gt;</a>&nbsp;&nbsp;&nbsp;gpio_output_options_set
<LI><a href="#[b3]">&gt;&gt;</a>&nbsp;&nbsp;&nbsp;gpio_bit_set
<LI><a href="#[e1]">&gt;&gt;</a>&nbsp;&nbsp;&nbsp;gpio_bit_reset
<LI><a href="#[b1]">&gt;&gt;</a>&nbsp;&nbsp;&nbsp;gpio_mode_set
</UL>
<BR>[Called By]<UL><LI><a href="#[ec]">&gt;&gt;</a>&nbsp;&nbsp;&nbsp;OLED_WR_Byte
</UL>

<P><STRONG><a name="[e2]"></a>I2C_Stop</STRONG> (Thumb, 66 bytes, Stack size 8 bytes, oled.o(i.I2C_Stop))
<BR><BR>[Stack]<UL><LI>Max Depth = 28<LI>Call Chain = I2C_Stop &rArr; gpio_output_options_set
</UL>
<BR>[Calls]<UL><LI><a href="#[e0]">&gt;&gt;</a>&nbsp;&nbsp;&nbsp;IIC_delay
<LI><a href="#[b2]">&gt;&gt;</a>&nbsp;&nbsp;&nbsp;gpio_output_options_set
<LI><a href="#[b3]">&gt;&gt;</a>&nbsp;&nbsp;&nbsp;gpio_bit_set
<LI><a href="#[e1]">&gt;&gt;</a>&nbsp;&nbsp;&nbsp;gpio_bit_reset
<LI><a href="#[b1]">&gt;&gt;</a>&nbsp;&nbsp;&nbsp;gpio_mode_set
</UL>
<BR>[Called By]<UL><LI><a href="#[ec]">&gt;&gt;</a>&nbsp;&nbsp;&nbsp;OLED_WR_Byte
<LI><a href="#[e3]">&gt;&gt;</a>&nbsp;&nbsp;&nbsp;I2C_WaitAck
</UL>

<P><STRONG><a name="[e3]"></a>I2C_WaitAck</STRONG> (Thumb, 122 bytes, Stack size 8 bytes, oled.o(i.I2C_WaitAck))
<BR><BR>[Stack]<UL><LI>Max Depth = 36<LI>Call Chain = I2C_WaitAck &rArr; I2C_Stop &rArr; gpio_output_options_set
</UL>
<BR>[Calls]<UL><LI><a href="#[e0]">&gt;&gt;</a>&nbsp;&nbsp;&nbsp;IIC_delay
<LI><a href="#[e2]">&gt;&gt;</a>&nbsp;&nbsp;&nbsp;I2C_Stop
<LI><a href="#[b2]">&gt;&gt;</a>&nbsp;&nbsp;&nbsp;gpio_output_options_set
<LI><a href="#[b3]">&gt;&gt;</a>&nbsp;&nbsp;&nbsp;gpio_bit_set
<LI><a href="#[e1]">&gt;&gt;</a>&nbsp;&nbsp;&nbsp;gpio_bit_reset
<LI><a href="#[b1]">&gt;&gt;</a>&nbsp;&nbsp;&nbsp;gpio_mode_set
<LI><a href="#[e4]">&gt;&gt;</a>&nbsp;&nbsp;&nbsp;gpio_input_bit_get
</UL>
<BR>[Called By]<UL><LI><a href="#[ec]">&gt;&gt;</a>&nbsp;&nbsp;&nbsp;OLED_WR_Byte
</UL>

<P><STRONG><a name="[e0]"></a>IIC_delay</STRONG> (Thumb, 24 bytes, Stack size 8 bytes, oled.o(i.IIC_delay))
<BR><BR>[Stack]<UL><LI>Max Depth = 8<LI>Call Chain = IIC_delay
</UL>
<BR>[Called By]<UL><LI><a href="#[f1]">&gt;&gt;</a>&nbsp;&nbsp;&nbsp;Send_Byte
<LI><a href="#[e3]">&gt;&gt;</a>&nbsp;&nbsp;&nbsp;I2C_WaitAck
<LI><a href="#[e2]">&gt;&gt;</a>&nbsp;&nbsp;&nbsp;I2C_Stop
<LI><a href="#[df]">&gt;&gt;</a>&nbsp;&nbsp;&nbsp;I2C_Start
</UL>

<P><STRONG><a name="[e5]"></a>Key_Debounce_Tick</STRONG> (Thumb, 136 bytes, Stack size 24 bytes, key.o(i.Key_Debounce_Tick))
<BR><BR>[Stack]<UL><LI>Max Depth = 24<LI>Call Chain = Key_Debounce_Tick
</UL>
<BR>[Calls]<UL><LI><a href="#[e4]">&gt;&gt;</a>&nbsp;&nbsp;&nbsp;gpio_input_bit_get
</UL>
<BR>[Called By]<UL><LI><a href="#[e6]">&gt;&gt;</a>&nbsp;&nbsp;&nbsp;Key_Tick
</UL>

<P><STRONG><a name="[1ba]"></a>Key_GetState</STRONG> (Thumb, 8 bytes, Stack size 0 bytes, key.o(i.Key_GetState))
<BR><BR>[Called By]<UL><LI><a href="#[e7]">&gt;&gt;</a>&nbsp;&nbsp;&nbsp;key_Check_Tick
</UL>

<P><STRONG><a name="[e6]"></a>Key_Tick</STRONG> (Thumb, 12 bytes, Stack size 8 bytes, key.o(i.Key_Tick))
<BR><BR>[Stack]<UL><LI>Max Depth = 32<LI>Call Chain = Key_Tick &rArr; Key_Debounce_Tick
</UL>
<BR>[Calls]<UL><LI><a href="#[e7]">&gt;&gt;</a>&nbsp;&nbsp;&nbsp;key_Check_Tick
<LI><a href="#[e5]">&gt;&gt;</a>&nbsp;&nbsp;&nbsp;Key_Debounce_Tick
</UL>
<BR>[Called By]<UL><LI><a href="#[42]">&gt;&gt;</a>&nbsp;&nbsp;&nbsp;TIMER6_IRQHandler
</UL>

<P><STRONG><a name="[e8]"></a>LED_Init</STRONG> (Thumb, 50 bytes, Stack size 8 bytes, led.o(i.LED_Init))
<BR><BR>[Stack]<UL><LI>Max Depth = 28<LI>Call Chain = LED_Init &rArr; gpio_output_options_set
</UL>
<BR>[Calls]<UL><LI><a href="#[b2]">&gt;&gt;</a>&nbsp;&nbsp;&nbsp;gpio_output_options_set
<LI><a href="#[e1]">&gt;&gt;</a>&nbsp;&nbsp;&nbsp;gpio_bit_reset
<LI><a href="#[af]">&gt;&gt;</a>&nbsp;&nbsp;&nbsp;rcu_periph_clock_enable
<LI><a href="#[b1]">&gt;&gt;</a>&nbsp;&nbsp;&nbsp;gpio_mode_set
</UL>
<BR>[Called By]<UL><LI><a href="#[1bb]">&gt;&gt;</a>&nbsp;&nbsp;&nbsp;sysFunction_Init
</UL>

<P><STRONG><a name="[4]"></a>MemManage_Handler</STRONG> (Thumb, 4 bytes, Stack size 0 bytes, gd32f4xx_it.o(i.MemManage_Handler))
<BR>[Address Reference Count : 1]<UL><LI> startup_gd32f450_470.o(RESET)
</UL>
<P><STRONG><a name="[2]"></a>NMI_Handler</STRONG> (Thumb, 2 bytes, Stack size 0 bytes, gd32f4xx_it.o(i.NMI_Handler))
<BR>[Address Reference Count : 1]<UL><LI> startup_gd32f450_470.o(RESET)
</UL>
<P><STRONG><a name="[e9]"></a>OLED_Clear</STRONG> (Thumb, 42 bytes, Stack size 16 bytes, oled.o(i.OLED_Clear))
<BR><BR>[Stack]<UL><LI>Max Depth = 84<LI>Call Chain = OLED_Clear &rArr; OLED_Refresh &rArr; OLED_WR_Byte &rArr; I2C_WaitAck &rArr; I2C_Stop &rArr; gpio_output_options_set
</UL>
<BR>[Calls]<UL><LI><a href="#[ea]">&gt;&gt;</a>&nbsp;&nbsp;&nbsp;OLED_Refresh
</UL>
<BR>[Called By]<UL><LI><a href="#[eb]">&gt;&gt;</a>&nbsp;&nbsp;&nbsp;OLED_Init
</UL>

<P><STRONG><a name="[ef]"></a>OLED_ClearPoint</STRONG> (Thumb, 90 bytes, Stack size 16 bytes, oled.o(i.OLED_ClearPoint))
<BR><BR>[Stack]<UL><LI>Max Depth = 16<LI>Call Chain = OLED_ClearPoint
</UL>
<BR>[Called By]<UL><LI><a href="#[ed]">&gt;&gt;</a>&nbsp;&nbsp;&nbsp;OLED_ShowChar
</UL>

<P><STRONG><a name="[ee]"></a>OLED_DrawPoint</STRONG> (Thumb, 54 bytes, Stack size 16 bytes, oled.o(i.OLED_DrawPoint))
<BR><BR>[Stack]<UL><LI>Max Depth = 16<LI>Call Chain = OLED_DrawPoint
</UL>
<BR>[Called By]<UL><LI><a href="#[ed]">&gt;&gt;</a>&nbsp;&nbsp;&nbsp;OLED_ShowChar
</UL>

<P><STRONG><a name="[eb]"></a>OLED_Init</STRONG> (Thumb, 328 bytes, Stack size 8 bytes, oled.o(i.OLED_Init))
<BR><BR>[Stack]<UL><LI>Max Depth = 92<LI>Call Chain = OLED_Init &rArr; OLED_Clear &rArr; OLED_Refresh &rArr; OLED_WR_Byte &rArr; I2C_WaitAck &rArr; I2C_Stop &rArr; gpio_output_options_set
</UL>
<BR>[Calls]<UL><LI><a href="#[ec]">&gt;&gt;</a>&nbsp;&nbsp;&nbsp;OLED_WR_Byte
<LI><a href="#[e9]">&gt;&gt;</a>&nbsp;&nbsp;&nbsp;OLED_Clear
<LI><a href="#[b2]">&gt;&gt;</a>&nbsp;&nbsp;&nbsp;gpio_output_options_set
<LI><a href="#[b3]">&gt;&gt;</a>&nbsp;&nbsp;&nbsp;gpio_bit_set
<LI><a href="#[af]">&gt;&gt;</a>&nbsp;&nbsp;&nbsp;rcu_periph_clock_enable
<LI><a href="#[b1]">&gt;&gt;</a>&nbsp;&nbsp;&nbsp;gpio_mode_set
<LI><a href="#[ac]">&gt;&gt;</a>&nbsp;&nbsp;&nbsp;delay_1ms
</UL>
<BR>[Called By]<UL><LI><a href="#[1bb]">&gt;&gt;</a>&nbsp;&nbsp;&nbsp;sysFunction_Init
</UL>

<P><STRONG><a name="[ea]"></a>OLED_Refresh</STRONG> (Thumb, 70 bytes, Stack size 16 bytes, oled.o(i.OLED_Refresh))
<BR><BR>[Stack]<UL><LI>Max Depth = 68<LI>Call Chain = OLED_Refresh &rArr; OLED_WR_Byte &rArr; I2C_WaitAck &rArr; I2C_Stop &rArr; gpio_output_options_set
</UL>
<BR>[Calls]<UL><LI><a href="#[ec]">&gt;&gt;</a>&nbsp;&nbsp;&nbsp;OLED_WR_Byte
</UL>
<BR>[Called By]<UL><LI><a href="#[e9]">&gt;&gt;</a>&nbsp;&nbsp;&nbsp;OLED_Clear
<LI><a href="#[1ae]">&gt;&gt;</a>&nbsp;&nbsp;&nbsp;function_oled_show_idle
<LI><a href="#[1a6]">&gt;&gt;</a>&nbsp;&nbsp;&nbsp;function_led_update
</UL>

<P><STRONG><a name="[ed]"></a>OLED_ShowChar</STRONG> (Thumb, 240 bytes, Stack size 56 bytes, oled.o(i.OLED_ShowChar))
<BR><BR>[Stack]<UL><LI>Max Depth = 72<LI>Call Chain = OLED_ShowChar &rArr; OLED_DrawPoint
</UL>
<BR>[Calls]<UL><LI><a href="#[ee]">&gt;&gt;</a>&nbsp;&nbsp;&nbsp;OLED_DrawPoint
<LI><a href="#[ef]">&gt;&gt;</a>&nbsp;&nbsp;&nbsp;OLED_ClearPoint
</UL>
<BR>[Called By]<UL><LI><a href="#[f0]">&gt;&gt;</a>&nbsp;&nbsp;&nbsp;OLED_ShowString
</UL>

<P><STRONG><a name="[f0]"></a>OLED_ShowString</STRONG> (Thumb, 66 bytes, Stack size 20 bytes, oled.o(i.OLED_ShowString))
<BR><BR>[Stack]<UL><LI>Max Depth = 92<LI>Call Chain = OLED_ShowString &rArr; OLED_ShowChar &rArr; OLED_DrawPoint
</UL>
<BR>[Calls]<UL><LI><a href="#[ed]">&gt;&gt;</a>&nbsp;&nbsp;&nbsp;OLED_ShowChar
</UL>
<BR>[Called By]<UL><LI><a href="#[1ae]">&gt;&gt;</a>&nbsp;&nbsp;&nbsp;function_oled_show_idle
<LI><a href="#[1a6]">&gt;&gt;</a>&nbsp;&nbsp;&nbsp;function_led_update
</UL>

<P><STRONG><a name="[ec]"></a>OLED_WR_Byte</STRONG> (Thumb, 56 bytes, Stack size 16 bytes, oled.o(i.OLED_WR_Byte))
<BR><BR>[Stack]<UL><LI>Max Depth = 52<LI>Call Chain = OLED_WR_Byte &rArr; I2C_WaitAck &rArr; I2C_Stop &rArr; gpio_output_options_set
</UL>
<BR>[Calls]<UL><LI><a href="#[f1]">&gt;&gt;</a>&nbsp;&nbsp;&nbsp;Send_Byte
<LI><a href="#[e3]">&gt;&gt;</a>&nbsp;&nbsp;&nbsp;I2C_WaitAck
<LI><a href="#[e2]">&gt;&gt;</a>&nbsp;&nbsp;&nbsp;I2C_Stop
<LI><a href="#[df]">&gt;&gt;</a>&nbsp;&nbsp;&nbsp;I2C_Start
</UL>
<BR>[Called By]<UL><LI><a href="#[ea]">&gt;&gt;</a>&nbsp;&nbsp;&nbsp;OLED_Refresh
<LI><a href="#[eb]">&gt;&gt;</a>&nbsp;&nbsp;&nbsp;OLED_Init
</UL>

<P><STRONG><a name="[f2]"></a>PA0_wakeup_init</STRONG> (Thumb, 70 bytes, Stack size 8 bytes, sleep_wake.o(i.PA0_wakeup_init))
<BR><BR>[Stack]<UL><LI>Max Depth = 32<LI>Call Chain = PA0_wakeup_init &rArr; nvic_irq_enable
</UL>
<BR>[Calls]<UL><LI><a href="#[af]">&gt;&gt;</a>&nbsp;&nbsp;&nbsp;rcu_periph_clock_enable
<LI><a href="#[b1]">&gt;&gt;</a>&nbsp;&nbsp;&nbsp;gpio_mode_set
<LI><a href="#[f5]">&gt;&gt;</a>&nbsp;&nbsp;&nbsp;nvic_irq_enable
<LI><a href="#[f3]">&gt;&gt;</a>&nbsp;&nbsp;&nbsp;syscfg_exti_line_config
<LI><a href="#[f6]">&gt;&gt;</a>&nbsp;&nbsp;&nbsp;pmu_wakeup_pin_enable
<LI><a href="#[de]">&gt;&gt;</a>&nbsp;&nbsp;&nbsp;exti_interrupt_flag_clear
<LI><a href="#[f4]">&gt;&gt;</a>&nbsp;&nbsp;&nbsp;exti_init
</UL>
<BR>[Called By]<UL><LI><a href="#[106]">&gt;&gt;</a>&nbsp;&nbsp;&nbsp;RTC_SetWakeup
</UL>

<P><STRONG><a name="[f7]"></a>PT100_Read</STRONG> (Thumb, 70 bytes, Stack size 24 bytes, pt100.o(i.PT100_Read))
<BR><BR>[Stack]<UL><LI>Max Depth = 152<LI>Call Chain = PT100_Read &rArr; pt100_read_voltage_filtered &rArr; AD3344_Config &rArr; AD3344_ReadRaw &rArr; ad3344_write16 &rArr; ad3344_transfer16
</UL>
<BR>[Calls]<UL><LI><a href="#[f9]">&gt;&gt;</a>&nbsp;&nbsp;&nbsp;PT100_VoltageToResistance
<LI><a href="#[fa]">&gt;&gt;</a>&nbsp;&nbsp;&nbsp;PT100_ResistanceToTemp
<LI><a href="#[f8]">&gt;&gt;</a>&nbsp;&nbsp;&nbsp;pt100_read_voltage_filtered
</UL>
<BR>[Called By]<UL><LI><a href="#[83]">&gt;&gt;</a>&nbsp;&nbsp;&nbsp;msg_cmd_get_ch2
</UL>

<P><STRONG><a name="[fa]"></a>PT100_ResistanceToTemp</STRONG> (Thumb, 24 bytes, Stack size 16 bytes, pt100.o(i.PT100_ResistanceToTemp))
<BR><BR>[Stack]<UL><LI>Max Depth = 16<LI>Call Chain = PT100_ResistanceToTemp
</UL>
<BR>[Calls]<UL><LI><a href="#[fb]">&gt;&gt;</a>&nbsp;&nbsp;&nbsp;pt100_piecewise_quadratic_fit
</UL>
<BR>[Called By]<UL><LI><a href="#[f7]">&gt;&gt;</a>&nbsp;&nbsp;&nbsp;PT100_Read
</UL>

<P><STRONG><a name="[f9]"></a>PT100_VoltageToResistance</STRONG> (Thumb, 54 bytes, Stack size 16 bytes, pt100.o(i.PT100_VoltageToResistance))
<BR><BR>[Stack]<UL><LI>Max Depth = 28<LI>Call Chain = PT100_VoltageToResistance &rArr; pt100_res_table_interp
</UL>
<BR>[Calls]<UL><LI><a href="#[fd]">&gt;&gt;</a>&nbsp;&nbsp;&nbsp;pt100_snap_resistance
<LI><a href="#[fc]">&gt;&gt;</a>&nbsp;&nbsp;&nbsp;pt100_res_table_interp
</UL>
<BR>[Called By]<UL><LI><a href="#[f7]">&gt;&gt;</a>&nbsp;&nbsp;&nbsp;PT100_Read
</UL>

<P><STRONG><a name="[9]"></a>PendSV_Handler</STRONG> (Thumb, 2 bytes, Stack size 0 bytes, gd32f4xx_it.o(i.PendSV_Handler))
<BR>[Address Reference Count : 1]<UL><LI> startup_gd32f450_470.o(RESET)
</UL>
<P><STRONG><a name="[fe]"></a>RTC_Init</STRONG> (Thumb, 150 bytes, Stack size 8 bytes, rtc.o(i.RTC_Init))
<BR><BR>[Stack]<UL><LI>Max Depth = 36<LI>Call Chain = RTC_Init &rArr; rtc_init &rArr; rtc_register_sync_wait
</UL>
<BR>[Calls]<UL><LI><a href="#[af]">&gt;&gt;</a>&nbsp;&nbsp;&nbsp;rcu_periph_clock_enable
<LI><a href="#[103]">&gt;&gt;</a>&nbsp;&nbsp;&nbsp;rtc_register_sync_wait
<LI><a href="#[105]">&gt;&gt;</a>&nbsp;&nbsp;&nbsp;rtc_init
<LI><a href="#[102]">&gt;&gt;</a>&nbsp;&nbsp;&nbsp;rcu_rtc_clock_config
<LI><a href="#[101]">&gt;&gt;</a>&nbsp;&nbsp;&nbsp;rcu_osci_stab_wait
<LI><a href="#[100]">&gt;&gt;</a>&nbsp;&nbsp;&nbsp;rcu_osci_on
<LI><a href="#[ff]">&gt;&gt;</a>&nbsp;&nbsp;&nbsp;pmu_backup_write_enable
<LI><a href="#[104]">&gt;&gt;</a>&nbsp;&nbsp;&nbsp;__aeabi_memclr4
</UL>
<BR>[Called By]<UL><LI><a href="#[1bb]">&gt;&gt;</a>&nbsp;&nbsp;&nbsp;sysFunction_Init
</UL>

<P><STRONG><a name="[106]"></a>RTC_SetWakeup</STRONG> (Thumb, 148 bytes, Stack size 16 bytes, sleep_wake.o(i.RTC_SetWakeup))
<BR><BR>[Stack]<UL><LI>Max Depth = 584<LI>Call Chain = RTC_SetWakeup &rArr; rs485_printf &rArr; dma_enable &rArr; dma_flag_clear
</UL>
<BR>[Calls]<UL><LI><a href="#[f5]">&gt;&gt;</a>&nbsp;&nbsp;&nbsp;nvic_irq_enable
<LI><a href="#[109]">&gt;&gt;</a>&nbsp;&nbsp;&nbsp;rs485_printf
<LI><a href="#[ff]">&gt;&gt;</a>&nbsp;&nbsp;&nbsp;pmu_backup_write_enable
<LI><a href="#[10b]">&gt;&gt;</a>&nbsp;&nbsp;&nbsp;rtc_wakeup_timer_set
<LI><a href="#[10f]">&gt;&gt;</a>&nbsp;&nbsp;&nbsp;rtc_wakeup_enable
<LI><a href="#[107]">&gt;&gt;</a>&nbsp;&nbsp;&nbsp;rtc_wakeup_disable
<LI><a href="#[10a]">&gt;&gt;</a>&nbsp;&nbsp;&nbsp;rtc_wakeup_clock_set
<LI><a href="#[10d]">&gt;&gt;</a>&nbsp;&nbsp;&nbsp;rtc_interrupt_enable
<LI><a href="#[108]">&gt;&gt;</a>&nbsp;&nbsp;&nbsp;rtc_flag_get
<LI><a href="#[10c]">&gt;&gt;</a>&nbsp;&nbsp;&nbsp;rtc_flag_clear
<LI><a href="#[de]">&gt;&gt;</a>&nbsp;&nbsp;&nbsp;exti_interrupt_flag_clear
<LI><a href="#[10e]">&gt;&gt;</a>&nbsp;&nbsp;&nbsp;exti_interrupt_enable
<LI><a href="#[f4]">&gt;&gt;</a>&nbsp;&nbsp;&nbsp;exti_init
<LI><a href="#[f2]">&gt;&gt;</a>&nbsp;&nbsp;&nbsp;PA0_wakeup_init
</UL>
<BR>[Called By]<UL><LI><a href="#[1be]">&gt;&gt;</a>&nbsp;&nbsp;&nbsp;msg_app_after_send
</UL>

<P><STRONG><a name="[e]"></a>RTC_WKUP_IRQHandler</STRONG> (Thumb, 42 bytes, Stack size 8 bytes, sleep_wake.o(i.RTC_WKUP_IRQHandler))
<BR><BR>[Stack]<UL><LI>Max Depth = 8<LI>Call Chain = RTC_WKUP_IRQHandler
</UL>
<BR>[Calls]<UL><LI><a href="#[ff]">&gt;&gt;</a>&nbsp;&nbsp;&nbsp;pmu_backup_write_enable
<LI><a href="#[108]">&gt;&gt;</a>&nbsp;&nbsp;&nbsp;rtc_flag_get
<LI><a href="#[10c]">&gt;&gt;</a>&nbsp;&nbsp;&nbsp;rtc_flag_clear
<LI><a href="#[de]">&gt;&gt;</a>&nbsp;&nbsp;&nbsp;exti_interrupt_flag_clear
</UL>
<BR>[Address Reference Count : 1]<UL><LI> startup_gd32f450_470.o(RESET)
</UL>
<P><STRONG><a name="[3c]"></a>SDIO_IRQHandler</STRONG> (Thumb, 8 bytes, Stack size 8 bytes, gd32f4xx_it.o(i.SDIO_IRQHandler))
<BR><BR>[Stack]<UL><LI>Max Depth = 48<LI>Call Chain = SDIO_IRQHandler &rArr; sd_interrupts_process &rArr; sd_transfer_stop &rArr; r1_error_check
</UL>
<BR>[Calls]<UL><LI><a href="#[110]">&gt;&gt;</a>&nbsp;&nbsp;&nbsp;sd_interrupts_process
</UL>
<BR>[Address Reference Count : 1]<UL><LI> startup_gd32f450_470.o(RESET)
</UL>
<P><STRONG><a name="[7]"></a>SVC_Handler</STRONG> (Thumb, 2 bytes, Stack size 0 bytes, gd32f4xx_it.o(i.SVC_Handler))
<BR>[Address Reference Count : 1]<UL><LI> startup_gd32f450_470.o(RESET)
</UL>
<P><STRONG><a name="[f1]"></a>Send_Byte</STRONG> (Thumb, 88 bytes, Stack size 16 bytes, oled.o(i.Send_Byte))
<BR><BR>[Stack]<UL><LI>Max Depth = 24<LI>Call Chain = Send_Byte &rArr; IIC_delay
</UL>
<BR>[Calls]<UL><LI><a href="#[e0]">&gt;&gt;</a>&nbsp;&nbsp;&nbsp;IIC_delay
<LI><a href="#[b3]">&gt;&gt;</a>&nbsp;&nbsp;&nbsp;gpio_bit_set
<LI><a href="#[e1]">&gt;&gt;</a>&nbsp;&nbsp;&nbsp;gpio_bit_reset
</UL>
<BR>[Called By]<UL><LI><a href="#[ec]">&gt;&gt;</a>&nbsp;&nbsp;&nbsp;OLED_WR_Byte
</UL>

<P><STRONG><a name="[a]"></a>SysTick_Handler</STRONG> (Thumb, 8 bytes, Stack size 8 bytes, gd32f4xx_it.o(i.SysTick_Handler))
<BR><BR>[Stack]<UL><LI>Max Depth = 8<LI>Call Chain = SysTick_Handler
</UL>
<BR>[Calls]<UL><LI><a href="#[111]">&gt;&gt;</a>&nbsp;&nbsp;&nbsp;delay_decrement
</UL>
<BR>[Address Reference Count : 1]<UL><LI> startup_gd32f450_470.o(RESET)
</UL>
<P><STRONG><a name="[65]"></a>SystemInit</STRONG> (Thumb, 194 bytes, Stack size 8 bytes, system_gd32f4xx.o(i.SystemInit))
<BR><BR>[Stack]<UL><LI>Max Depth = 16<LI>Call Chain = SystemInit &rArr; system_clock_config
</UL>
<BR>[Calls]<UL><LI><a href="#[112]">&gt;&gt;</a>&nbsp;&nbsp;&nbsp;system_clock_config
</UL>
<BR>[Called By]<UL><LI><a href="#[1bb]">&gt;&gt;</a>&nbsp;&nbsp;&nbsp;sysFunction_Init
<LI><a href="#[1be]">&gt;&gt;</a>&nbsp;&nbsp;&nbsp;msg_app_after_send
</UL>
<BR>[Address Reference Count : 1]<UL><LI> startup_gd32f450_470.o(.text)
</UL>
<P><STRONG><a name="[42]"></a>TIMER6_IRQHandler</STRONG> (Thumb, 84 bytes, Stack size 8 bytes, tim6_functimer.o(i.TIMER6_IRQHandler))
<BR><BR>[Stack]<UL><LI>Max Depth = 40<LI>Call Chain = TIMER6_IRQHandler &rArr; Key_Tick &rArr; Key_Debounce_Tick
</UL>
<BR>[Calls]<UL><LI><a href="#[e6]">&gt;&gt;</a>&nbsp;&nbsp;&nbsp;Key_Tick
<LI><a href="#[113]">&gt;&gt;</a>&nbsp;&nbsp;&nbsp;timer_interrupt_flag_get
<LI><a href="#[115]">&gt;&gt;</a>&nbsp;&nbsp;&nbsp;timer_interrupt_flag_clear
<LI><a href="#[114]">&gt;&gt;</a>&nbsp;&nbsp;&nbsp;function_idle_refresh_request
</UL>
<BR>[Address Reference Count : 1]<UL><LI> startup_gd32f450_470.o(RESET)
</UL>
<P><STRONG><a name="[116]"></a>USART1_ClearRxBuf</STRONG> (Thumb, 24 bytes, Stack size 8 bytes, usart.o(i.USART1_ClearRxBuf))
<BR><BR>[Stack]<UL><LI>Max Depth = 8<LI>Call Chain = USART1_ClearRxBuf
</UL>
<BR>[Calls]<UL><LI><a href="#[98]">&gt;&gt;</a>&nbsp;&nbsp;&nbsp;__aeabi_memclr
</UL>
<BR>[Called By]<UL><LI><a href="#[11e]">&gt;&gt;</a>&nbsp;&nbsp;&nbsp;USART1_Init
<LI><a href="#[1e0]">&gt;&gt;</a>&nbsp;&nbsp;&nbsp;msg_poll
</UL>

<P><STRONG><a name="[117]"></a>USART1_DMA_All_Init</STRONG> (Thumb, 20 bytes, Stack size 8 bytes, mydma.o(i.USART1_DMA_All_Init))
<BR><BR>[Stack]<UL><LI>Max Depth = 80<LI>Call Chain = USART1_DMA_All_Init &rArr; dma_usart_tx_config &rArr; dma_single_data_mode_init
</UL>
<BR>[Calls]<UL><LI><a href="#[118]">&gt;&gt;</a>&nbsp;&nbsp;&nbsp;dma_usart_tx_config
<LI><a href="#[119]">&gt;&gt;</a>&nbsp;&nbsp;&nbsp;dma_usart1_rx_config
</UL>
<BR>[Called By]<UL><LI><a href="#[11e]">&gt;&gt;</a>&nbsp;&nbsp;&nbsp;USART1_Init
</UL>

<P><STRONG><a name="[31]"></a>USART1_IRQHandler</STRONG> (Thumb, 64 bytes, Stack size 8 bytes, usart.o(i.USART1_IRQHandler))
<BR><BR>[Stack]<UL><LI>Max Depth = 24<LI>Call Chain = USART1_IRQHandler &rArr; usart_interrupt_flag_get
</UL>
<BR>[Calls]<UL><LI><a href="#[11a]">&gt;&gt;</a>&nbsp;&nbsp;&nbsp;usart_interrupt_flag_get
<LI><a href="#[11d]">&gt;&gt;</a>&nbsp;&nbsp;&nbsp;reset_usart1_rx_dma
<LI><a href="#[11c]">&gt;&gt;</a>&nbsp;&nbsp;&nbsp;get_usart1_rx_len
<LI><a href="#[11b]">&gt;&gt;</a>&nbsp;&nbsp;&nbsp;usart_data_receive
</UL>
<BR>[Address Reference Count : 1]<UL><LI> startup_gd32f450_470.o(RESET)
</UL>
<P><STRONG><a name="[11e]"></a>USART1_Init</STRONG> (Thumb, 262 bytes, Stack size 8 bytes, usart.o(i.USART1_Init))
<BR><BR>[Stack]<UL><LI>Max Depth = 124<LI>Call Chain = USART1_Init &rArr; usart_baudrate_set &rArr; rcu_clock_freq_get
</UL>
<BR>[Calls]<UL><LI><a href="#[b2]">&gt;&gt;</a>&nbsp;&nbsp;&nbsp;gpio_output_options_set
<LI><a href="#[e1]">&gt;&gt;</a>&nbsp;&nbsp;&nbsp;gpio_bit_reset
<LI><a href="#[af]">&gt;&gt;</a>&nbsp;&nbsp;&nbsp;rcu_periph_clock_enable
[...]
<LI><a href="#[1cb]">&gt;&gt;</a>&nbsp;&nbsp;&nbsp;msg_build_error
</UL>
<BR>[Address Reference Count : 1]<UL><LI> msg_app.o(.constdata)
</UL>
<P><STRONG><a name="[82]"></a>msg_cmd_get_ch1</STRONG> (Thumb, 84 bytes, Stack size 24 bytes, msg_app.o(i.msg_cmd_get_ch1))
<BR><BR>[Stack]<UL><LI>Max Depth = 936<LI>Call Chain = msg_cmd_get_ch1 &rArr; msg_alarm_check &rArr; append_over_log_ch &rArr; fdb_tsl_append &rArr; tsl_append &rArr; update_sec_status &rArr; read_sector_info &rArr; read_tsl &rArr; _fdb_flash_read &rArr; fal_partition_read &rArr; rs485_printf &rArr; dma_enable &rArr; dma_flag_clear
</UL>
<BR>[Calls]<UL><LI><a href="#[1d0]">&gt;&gt;</a>&nbsp;&nbsp;&nbsp;msg_wait_adc_boot_ready
<LI><a href="#[1bd]">&gt;&gt;</a>&nbsp;&nbsp;&nbsp;msg_alarm_check
<LI><a href="#[172]">&gt;&gt;</a>&nbsp;&nbsp;&nbsp;data_get_ch1_value
<LI><a href="#[1d2]">&gt;&gt;</a>&nbsp;&nbsp;&nbsp;msg_write_float
<LI><a href="#[1ca]">&gt;&gt;</a>&nbsp;&nbsp;&nbsp;msg_build_frame
<LI><a href="#[1cb]">&gt;&gt;</a>&nbsp;&nbsp;&nbsp;msg_build_error
</UL>
<BR>[Address Reference Count : 1]<UL><LI> msg_app.o(.constdata)
</UL>
<P><STRONG><a name="[83]"></a>msg_cmd_get_ch2</STRONG> (Thumb, 62 bytes, Stack size 24 bytes, msg_app.o(i.msg_cmd_get_ch2))
<BR><BR>[Stack]<UL><LI>Max Depth = 224<LI>Call Chain = msg_cmd_get_ch2 &rArr; msg_build_error &rArr; msg_build_frame &rArr; msg_raw_to_ascii
</UL>
<BR>[Calls]<UL><LI><a href="#[f7]">&gt;&gt;</a>&nbsp;&nbsp;&nbsp;PT100_Read
<LI><a href="#[1d2]">&gt;&gt;</a>&nbsp;&nbsp;&nbsp;msg_write_float
<LI><a href="#[1ca]">&gt;&gt;</a>&nbsp;&nbsp;&nbsp;msg_build_frame
<LI><a href="#[1cb]">&gt;&gt;</a>&nbsp;&nbsp;&nbsp;msg_build_error
</UL>
<BR>[Address Reference Count : 1]<UL><LI> msg_app.o(.constdata)
</UL>
<P><STRONG><a name="[7f]"></a>msg_cmd_get_id</STRONG> (Thumb, 34 bytes, Stack size 16 bytes, msg_app.o(i.msg_cmd_get_id))
<BR><BR>[Stack]<UL><LI>Max Depth = 208<LI>Call Chain = msg_cmd_get_id &rArr; msg_build_frame &rArr; msg_raw_to_ascii
</UL>
<BR>[Calls]<UL><LI><a href="#[1d3]">&gt;&gt;</a>&nbsp;&nbsp;&nbsp;msg_write_u16
<LI><a href="#[1ca]">&gt;&gt;</a>&nbsp;&nbsp;&nbsp;msg_build_frame
</UL>
<BR>[Address Reference Count : 1]<UL><LI> msg_app.o(.constdata)
</UL>
<P><STRONG><a name="[8c]"></a>msg_cmd_get_limit0</STRONG> (Thumb, 36 bytes, Stack size 16 bytes, msg_app.o(i.msg_cmd_get_limit0))
<BR><BR>[Stack]<UL><LI>Max Depth = 208<LI>Call Chain = msg_cmd_get_limit0 &rArr; msg_build_frame &rArr; msg_raw_to_ascii
</UL>
<BR>[Calls]<UL><LI><a href="#[1d2]">&gt;&gt;</a>&nbsp;&nbsp;&nbsp;msg_write_float
<LI><a href="#[1ca]">&gt;&gt;</a>&nbsp;&nbsp;&nbsp;msg_build_frame
</UL>
<BR>[Address Reference Count : 1]<UL><LI> msg_app.o(.constdata)
</UL>
<P><STRONG><a name="[8d]"></a>msg_cmd_get_limit1</STRONG> (Thumb, 36 bytes, Stack size 16 bytes, msg_app.o(i.msg_cmd_get_limit1))
<BR><BR>[Stack]<UL><LI>Max Depth = 208<LI>Call Chain = msg_cmd_get_limit1 &rArr; msg_build_frame &rArr; msg_raw_to_ascii
</UL>
<BR>[Calls]<UL><LI><a href="#[1d2]">&gt;&gt;</a>&nbsp;&nbsp;&nbsp;msg_write_float
<LI><a href="#[1ca]">&gt;&gt;</a>&nbsp;&nbsp;&nbsp;msg_build_frame
</UL>
<BR>[Address Reference Count : 1]<UL><LI> msg_app.o(.constdata)
</UL>
<P><STRONG><a name="[8b]"></a>msg_cmd_get_limits</STRONG> (Thumb, 48 bytes, Stack size 24 bytes, msg_app.o(i.msg_cmd_get_limits))
<BR><BR>[Stack]<UL><LI>Max Depth = 216<LI>Call Chain = msg_cmd_get_limits &rArr; msg_build_frame &rArr; msg_raw_to_ascii
</UL>
<BR>[Calls]<UL><LI><a href="#[1d2]">&gt;&gt;</a>&nbsp;&nbsp;&nbsp;msg_write_float
<LI><a href="#[1ca]">&gt;&gt;</a>&nbsp;&nbsp;&nbsp;msg_build_frame
</UL>
<BR>[Address Reference Count : 1]<UL><LI> msg_app.o(.constdata)
</UL>
<P><STRONG><a name="[7c]"></a>msg_cmd_get_time</STRONG> (Thumb, 38 bytes, Stack size 24 bytes, msg_app.o(i.msg_cmd_get_time))
<BR><BR>[Stack]<UL><LI>Max Depth = 216<LI>Call Chain = msg_cmd_get_time &rArr; msg_build_frame &rArr; msg_raw_to_ascii
</UL>
<BR>[Calls]<UL><LI><a href="#[1b2]">&gt;&gt;</a>&nbsp;&nbsp;&nbsp;get_unix_time
<LI><a href="#[1d1]">&gt;&gt;</a>&nbsp;&nbsp;&nbsp;msg_write_u32
<LI><a href="#[1ca]">&gt;&gt;</a>&nbsp;&nbsp;&nbsp;msg_build_frame
</UL>
<BR>[Address Reference Count : 1]<UL><LI> msg_app.o(.constdata)
</UL>
<P><STRONG><a name="[79]"></a>msg_cmd_reboot</STRONG> (Thumb, 18 bytes, Stack size 8 bytes, msg_app.o(i.msg_cmd_reboot))
<BR><BR>[Stack]<UL><LI>Max Depth = 216<LI>Call Chain = msg_cmd_reboot &rArr; msg_build_ok &rArr; msg_build_frame &rArr; msg_raw_to_ascii
</UL>
<BR>[Calls]<UL><LI><a href="#[1d5]">&gt;&gt;</a>&nbsp;&nbsp;&nbsp;msg_build_ok
</UL>
<BR>[Address Reference Count : 1]<UL><LI> msg_app.o(.constdata)
</UL>
<P><STRONG><a name="[91]"></a>msg_cmd_set_alarm_report</STRONG> (Thumb, 70 bytes, Stack size 48 bytes, msg_app.o(i.msg_cmd_set_alarm_report))
<BR><BR>[Stack]<UL><LI>Max Depth = 1320<LI>Call Chain = msg_cmd_set_alarm_report &rArr; set_data_config &rArr; fdb_kv_set_blob &rArr; set_kv &rArr; del_kv &rArr; find_kv &rArr; find_kv_no_cache &rArr; kv_iterator &rArr; read_sector_info &rArr; read_kv &rArr; _fdb_write_status &rArr; _fdb_flash_write &rArr; fal_partition_write &rArr; rs485_printf &rArr; dma_enable &rArr; dma_flag_clear
</UL>
<BR>[Calls]<UL><LI><a href="#[1da]">&gt;&gt;</a>&nbsp;&nbsp;&nbsp;set_data_config
<LI><a href="#[1b0]">&gt;&gt;</a>&nbsp;&nbsp;&nbsp;get_data_config
<LI><a href="#[1d5]">&gt;&gt;</a>&nbsp;&nbsp;&nbsp;msg_build_ok
<LI><a href="#[1cb]">&gt;&gt;</a>&nbsp;&nbsp;&nbsp;msg_build_error
</UL>
<BR>[Address Reference Count : 1]<UL><LI> msg_app.o(.constdata)
</UL>
<P><STRONG><a name="[7e]"></a>msg_cmd_set_baud</STRONG> (Thumb, 76 bytes, Stack size 48 bytes, msg_app.o(i.msg_cmd_set_baud))
<BR><BR>[Stack]<UL><LI>Max Depth = 1320<LI>Call Chain = msg_cmd_set_baud &rArr; set_data_config &rArr; fdb_kv_set_blob &rArr; set_kv &rArr; del_kv &rArr; find_kv &rArr; find_kv_no_cache &rArr; kv_iterator &rArr; read_sector_info &rArr; read_kv &rArr; _fdb_write_status &rArr; _fdb_flash_write &rArr; fal_partition_write &rArr; rs485_printf &rArr; dma_enable &rArr; dma_flag_clear
</UL>
<BR>[Calls]<UL><LI><a href="#[1da]">&gt;&gt;</a>&nbsp;&nbsp;&nbsp;set_data_config
<LI><a href="#[1b0]">&gt;&gt;</a>&nbsp;&nbsp;&nbsp;get_data_config
<LI><a href="#[1d5]">&gt;&gt;</a>&nbsp;&nbsp;&nbsp;msg_build_ok
<LI><a href="#[1cb]">&gt;&gt;</a>&nbsp;&nbsp;&nbsp;msg_build_error
</UL>
<BR>[Address Reference Count : 1]<UL><LI> msg_app.o(.constdata)
</UL>
<P><STRONG><a name="[87]"></a>msg_cmd_set_dac</STRONG> (Thumb, 98 bytes, Stack size 48 bytes, msg_app.o(i.msg_cmd_set_dac))
<BR><BR>[Stack]<UL><LI>Max Depth = 1320<LI>Call Chain = msg_cmd_set_dac &rArr; set_data_config &rArr; fdb_kv_set_blob &rArr; set_kv &rArr; del_kv &rArr; find_kv &rArr; find_kv_no_cache &rArr; kv_iterator &rArr; read_sector_info &rArr; read_kv &rArr; _fdb_write_status &rArr; _fdb_flash_write &rArr; fal_partition_write &rArr; rs485_printf &rArr; dma_enable &rArr; dma_flag_clear
</UL>
<BR>[Calls]<UL><LI><a href="#[d7]">&gt;&gt;</a>&nbsp;&nbsp;&nbsp;DAC_Set
<LI><a href="#[1da]">&gt;&gt;</a>&nbsp;&nbsp;&nbsp;set_data_config
<LI><a href="#[171]">&gt;&gt;</a>&nbsp;&nbsp;&nbsp;data_adc_raw_to_volt
<LI><a href="#[1b0]">&gt;&gt;</a>&nbsp;&nbsp;&nbsp;get_data_config
<LI><a href="#[1db]">&gt;&gt;</a>&nbsp;&nbsp;&nbsp;msg_read_u16
<LI><a href="#[1d5]">&gt;&gt;</a>&nbsp;&nbsp;&nbsp;msg_build_ok
<LI><a href="#[1cb]">&gt;&gt;</a>&nbsp;&nbsp;&nbsp;msg_build_error
</UL>
<BR>[Address Reference Count : 1]<UL><LI> msg_app.o(.constdata)
</UL>
<P><STRONG><a name="[7d]"></a>msg_cmd_set_id</STRONG> (Thumb, 76 bytes, Stack size 48 bytes, msg_app.o(i.msg_cmd_set_id))
<BR><BR>[Stack]<UL><LI>Max Depth = 1320<LI>Call Chain = msg_cmd_set_id &rArr; set_data_config &rArr; fdb_kv_set_blob &rArr; set_kv &rArr; del_kv &rArr; find_kv &rArr; find_kv_no_cache &rArr; kv_iterator &rArr; read_sector_info &rArr; read_kv &rArr; _fdb_write_status &rArr; _fdb_flash_write &rArr; fal_partition_write &rArr; rs485_printf &rArr; dma_enable &rArr; dma_flag_clear
</UL>
<BR>[Calls]<UL><LI><a href="#[1da]">&gt;&gt;</a>&nbsp;&nbsp;&nbsp;set_data_config
<LI><a href="#[1b0]">&gt;&gt;</a>&nbsp;&nbsp;&nbsp;get_data_config
<LI><a href="#[1db]">&gt;&gt;</a>&nbsp;&nbsp;&nbsp;msg_read_u16
<LI><a href="#[1d5]">&gt;&gt;</a>&nbsp;&nbsp;&nbsp;msg_build_ok
<LI><a href="#[1cb]">&gt;&gt;</a>&nbsp;&nbsp;&nbsp;msg_build_error
</UL>
<BR>[Address Reference Count : 1]<UL><LI> msg_app.o(.constdata)
</UL>
<P><STRONG><a name="[8e]"></a>msg_cmd_set_limit0</STRONG> (Thumb, 104 bytes, Stack size 48 bytes, msg_app.o(i.msg_cmd_set_limit0))
<BR><BR>[Stack]<UL><LI>Max Depth = 1320<LI>Call Chain = msg_cmd_set_limit0 &rArr; set_data_config &rArr; fdb_kv_set_blob &rArr; set_kv &rArr; del_kv &rArr; find_kv &rArr; find_kv_no_cache &rArr; kv_iterator &rArr; read_sector_info &rArr; read_kv &rArr; _fdb_write_status &rArr; _fdb_flash_write &rArr; fal_partition_write &rArr; rs485_printf &rArr; dma_enable &rArr; dma_flag_clear
</UL>
<BR>[Calls]<UL><LI><a href="#[1da]">&gt;&gt;</a>&nbsp;&nbsp;&nbsp;set_data_config
<LI><a href="#[1b0]">&gt;&gt;</a>&nbsp;&nbsp;&nbsp;get_data_config
<LI><a href="#[1dc]">&gt;&gt;</a>&nbsp;&nbsp;&nbsp;msg_read_float
<LI><a href="#[1d5]">&gt;&gt;</a>&nbsp;&nbsp;&nbsp;msg_build_ok
<LI><a href="#[1cb]">&gt;&gt;</a>&nbsp;&nbsp;&nbsp;msg_build_error
</UL>
<BR>[Address Reference Count : 1]<UL><LI> msg_app.o(.constdata)
</UL>
<P><STRONG><a name="[8f]"></a>msg_cmd_set_limit1</STRONG> (Thumb, 104 bytes, Stack size 48 bytes, msg_app.o(i.msg_cmd_set_limit1))
<BR><BR>[Stack]<UL><LI>Max Depth = 1320<LI>Call Chain = msg_cmd_set_limit1 &rArr; set_data_config &rArr; fdb_kv_set_blob &rArr; set_kv &rArr; del_kv &rArr; find_kv &rArr; find_kv_no_cache &rArr; kv_iterator &rArr; read_sector_info &rArr; read_kv &rArr; _fdb_write_status &rArr; _fdb_flash_write &rArr; fal_partition_write &rArr; rs485_printf &rArr; dma_enable &rArr; dma_flag_clear
</UL>
<BR>[Calls]<UL><LI><a href="#[1da]">&gt;&gt;</a>&nbsp;&nbsp;&nbsp;set_data_config
<LI><a href="#[1b0]">&gt;&gt;</a>&nbsp;&nbsp;&nbsp;get_data_config
<LI><a href="#[1dc]">&gt;&gt;</a>&nbsp;&nbsp;&nbsp;msg_read_float
<LI><a href="#[1d5]">&gt;&gt;</a>&nbsp;&nbsp;&nbsp;msg_build_ok
<LI><a href="#[1cb]">&gt;&gt;</a>&nbsp;&nbsp;&nbsp;msg_build_error
</UL>
<BR>[Address Reference Count : 1]<UL><LI> msg_app.o(.constdata)
</UL>
<P><STRONG><a name="[84]"></a>msg_cmd_set_ratio_ch0</STRONG> (Thumb, 104 bytes, Stack size 48 bytes, msg_app.o(i.msg_cmd_set_ratio_ch0))
<BR><BR>[Stack]<UL><LI>Max Depth = 1320<LI>Call Chain = msg_cmd_set_ratio_ch0 &rArr; set_data_config &rArr; fdb_kv_set_blob &rArr; set_kv &rArr; del_kv &rArr; find_kv &rArr; find_kv_no_cache &rArr; kv_iterator &rArr; read_sector_info &rArr; read_kv &rArr; _fdb_write_status &rArr; _fdb_flash_write &rArr; fal_partition_write &rArr; rs485_printf &rArr; dma_enable &rArr; dma_flag_clear
</UL>
<BR>[Calls]<UL><LI><a href="#[1da]">&gt;&gt;</a>&nbsp;&nbsp;&nbsp;set_data_config
<LI><a href="#[1b0]">&gt;&gt;</a>&nbsp;&nbsp;&nbsp;get_data_config
<LI><a href="#[1dc]">&gt;&gt;</a>&nbsp;&nbsp;&nbsp;msg_read_float
<LI><a href="#[1d5]">&gt;&gt;</a>&nbsp;&nbsp;&nbsp;msg_build_ok
<LI><a href="#[1cb]">&gt;&gt;</a>&nbsp;&nbsp;&nbsp;msg_build_error
</UL>
<BR>[Address Reference Count : 1]<UL><LI> msg_app.o(.constdata)
</UL>
<P><STRONG><a name="[85]"></a>msg_cmd_set_ratio_ch1</STRONG> (Thumb, 104 bytes, Stack size 48 bytes, msg_app.o(i.msg_cmd_set_ratio_ch1))
<BR><BR>[Stack]<UL><LI>Max Depth = 1320<LI>Call Chain = msg_cmd_set_ratio_ch1 &rArr; set_data_config &rArr; fdb_kv_set_blob &rArr; set_kv &rArr; del_kv &rArr; find_kv &rArr; find_kv_no_cache &rArr; kv_iterator &rArr; read_sector_info &rArr; read_kv &rArr; _fdb_write_status &rArr; _fdb_flash_write &rArr; fal_partition_write &rArr; rs485_printf &rArr; dma_enable &rArr; dma_flag_clear
</UL>
<BR>[Calls]<UL><LI><a href="#[1da]">&gt;&gt;</a>&nbsp;&nbsp;&nbsp;set_data_config
<LI><a href="#[1b0]">&gt;&gt;</a>&nbsp;&nbsp;&nbsp;get_data_config
<LI><a href="#[1dc]">&gt;&gt;</a>&nbsp;&nbsp;&nbsp;msg_read_float
<LI><a href="#[1d5]">&gt;&gt;</a>&nbsp;&nbsp;&nbsp;msg_build_ok
<LI><a href="#[1cb]">&gt;&gt;</a>&nbsp;&nbsp;&nbsp;msg_build_error
</UL>
<BR>[Address Reference Count : 1]<UL><LI> msg_app.o(.constdata)
</UL>
<P><STRONG><a name="[86]"></a>msg_cmd_set_sample_cycle</STRONG> (Thumb, 108 bytes, Stack size 48 bytes, msg_app.o(i.msg_cmd_set_sample_cycle))
<BR><BR>[Stack]<UL><LI>Max Depth = 1320<LI>Call Chain = msg_cmd_set_sample_cycle &rArr; set_data_config &rArr; fdb_kv_set_blob &rArr; set_kv &rArr; del_kv &rArr; find_kv &rArr; find_kv_no_cache &rArr; kv_iterator &rArr; read_sector_info &rArr; read_kv &rArr; _fdb_write_status &rArr; _fdb_flash_write &rArr; fal_partition_write &rArr; rs485_printf &rArr; dma_enable &rArr; dma_flag_clear
</UL>
<BR>[Calls]<UL><LI><a href="#[1d7]">&gt;&gt;</a>&nbsp;&nbsp;&nbsp;Gettim6Time
<LI><a href="#[1da]">&gt;&gt;</a>&nbsp;&nbsp;&nbsp;set_data_config
<LI><a href="#[1b0]">&gt;&gt;</a>&nbsp;&nbsp;&nbsp;get_data_config
<LI><a href="#[1d5]">&gt;&gt;</a>&nbsp;&nbsp;&nbsp;msg_build_ok
<LI><a href="#[1cb]">&gt;&gt;</a>&nbsp;&nbsp;&nbsp;msg_build_error
</UL>
<BR>[Address Reference Count : 1]<UL><LI> msg_app.o(.constdata)
</UL>
<P><STRONG><a name="[7b]"></a>msg_cmd_set_time</STRONG> (Thumb, 36 bytes, Stack size 16 bytes, msg_app.o(i.msg_cmd_set_time))
<BR><BR>[Stack]<UL><LI>Max Depth = 704<LI>Call Chain = msg_cmd_set_time &rArr; msg_set_time_by_unix &rArr; rtc_setup &rArr; rs485_printf &rArr; dma_enable &rArr; dma_flag_clear
</UL>
<BR>[Calls]<UL><LI><a href="#[1de]">&gt;&gt;</a>&nbsp;&nbsp;&nbsp;msg_set_time_by_unix
<LI><a href="#[1dd]">&gt;&gt;</a>&nbsp;&nbsp;&nbsp;msg_read_u32
<LI><a href="#[1d5]">&gt;&gt;</a>&nbsp;&nbsp;&nbsp;msg_build_ok
<LI><a href="#[1cb]">&gt;&gt;</a>&nbsp;&nbsp;&nbsp;msg_build_error
</UL>
<BR>[Address Reference Count : 1]<UL><LI> msg_app.o(.constdata)
</UL>
<P><STRONG><a name="[8a]"></a>msg_cmd_sleep</STRONG> (Thumb, 38 bytes, Stack size 8 bytes, msg_app.o(i.msg_cmd_sleep))
<BR><BR>[Stack]<UL><LI>Max Depth = 216<LI>Call Chain = msg_cmd_sleep &rArr; msg_build_ok &rArr; msg_build_frame &rArr; msg_raw_to_ascii
</UL>
<BR>[Calls]<UL><LI><a href="#[1d6]">&gt;&gt;</a>&nbsp;&nbsp;&nbsp;function_sample_state_set
<LI><a href="#[1d5]">&gt;&gt;</a>&nbsp;&nbsp;&nbsp;msg_build_ok
<LI><a href="#[1cb]">&gt;&gt;</a>&nbsp;&nbsp;&nbsp;msg_build_error
</UL>
<BR>[Address Reference Count : 1]<UL><LI> msg_app.o(.constdata)
</UL>
<P><STRONG><a name="[7a]"></a>msg_cmd_version</STRONG> (Thumb, 48 bytes, Stack size 16 bytes, msg_app.o(i.msg_cmd_version))
<BR><BR>[Stack]<UL><LI>Max Depth = 208<LI>Call Chain = msg_cmd_version &rArr; msg_build_frame &rArr; msg_raw_to_ascii
</UL>
<BR>[Calls]<UL><LI><a href="#[1ca]">&gt;&gt;</a>&nbsp;&nbsp;&nbsp;msg_build_frame
</UL>
<BR>[Address Reference Count : 1]<UL><LI> msg_app.o(.constdata)
</UL>
<P><STRONG><a name="[1de]"></a>msg_set_time_by_unix</STRONG> (Thumb, 280 bytes, Stack size 72 bytes, msg_app.o(i.msg_set_time_by_unix))
<BR><BR>[Stack]<UL><LI>Max Depth = 688<LI>Call Chain = msg_set_time_by_unix &rArr; rtc_setup &rArr; rs485_printf &rArr; dma_enable &rArr; dma_flag_clear
</UL>
<BR>[Calls]<UL><LI><a href="#[1e5]">&gt;&gt;</a>&nbsp;&nbsp;&nbsp;rtc_setup
</UL>
<BR>[Called By]<UL><LI><a href="#[7b]">&gt;&gt;</a>&nbsp;&nbsp;&nbsp;msg_cmd_set_time
</UL>

<P><STRONG><a name="[1d0]"></a>msg_wait_adc_boot_ready</STRONG> (Thumb, 26 bytes, Stack size 8 bytes, msg_app.o(i.msg_wait_adc_boot_ready))
<BR><BR>[Stack]<UL><LI>Max Depth = 8<LI>Call Chain = msg_wait_adc_boot_ready
</UL>
<BR>[Calls]<UL><LI><a href="#[ac]">&gt;&gt;</a>&nbsp;&nbsp;&nbsp;delay_1ms
</UL>
<BR>[Called By]<UL><LI><a href="#[82]">&gt;&gt;</a>&nbsp;&nbsp;&nbsp;msg_cmd_get_ch1
<LI><a href="#[81]">&gt;&gt;</a>&nbsp;&nbsp;&nbsp;msg_cmd_get_ch0
<LI><a href="#[1c7]">&gt;&gt;</a>&nbsp;&nbsp;&nbsp;msg_build_auto_report
</UL>

<P><STRONG><a name="[1e3]"></a>msg_addr_match</STRONG> (Thumb, 26 bytes, Stack size 0 bytes, msg.o(i.msg_addr_match))
<BR><BR>[Called By]<UL><LI><a href="#[1e0]">&gt;&gt;</a>&nbsp;&nbsp;&nbsp;msg_poll
</UL>

<P><STRONG><a name="[1cc]"></a>msg_ascii_start_is_frame</STRONG> (Thumb, 100 bytes, Stack size 16 bytes, msg.o(i.msg_ascii_start_is_frame))
<BR><BR>[Stack]<UL><LI>Max Depth = 16<LI>Call Chain = msg_ascii_start_is_frame
</UL>
<BR>[Calls]<UL><LI><a href="#[1cd]">&gt;&gt;</a>&nbsp;&nbsp;&nbsp;__rt_ctype_table
</UL>
<BR>[Called By]<UL><LI><a href="#[1e0]">&gt;&gt;</a>&nbsp;&nbsp;&nbsp;msg_poll
</UL>

<P><STRONG><a name="[1ce]"></a>msg_ascii_to_raw</STRONG> (Thumb, 178 bytes, Stack size 40 bytes, msg.o(i.msg_ascii_to_raw))
<BR><BR>[Stack]<UL><LI>Max Depth = 40<LI>Call Chain = msg_ascii_to_raw
</UL>
<BR>[Calls]<UL><LI><a href="#[1cd]">&gt;&gt;</a>&nbsp;&nbsp;&nbsp;__rt_ctype_table
<LI><a href="#[1cf]">&gt;&gt;</a>&nbsp;&nbsp;&nbsp;msg_hex_to_nibble
</UL>
<BR>[Called By]<UL><LI><a href="#[1e0]">&gt;&gt;</a>&nbsp;&nbsp;&nbsp;msg_poll
</UL>

<P><STRONG><a name="[1cf]"></a>msg_hex_to_nibble</STRONG> (Thumb, 60 bytes, Stack size 0 bytes, msg.o(i.msg_hex_to_nibble))
<BR><BR>[Called By]<UL><LI><a href="#[1ce]">&gt;&gt;</a>&nbsp;&nbsp;&nbsp;msg_ascii_to_raw
</UL>

<P><STRONG><a name="[1e4]"></a>msg_nibble_to_hex</STRONG> (Thumb, 26 bytes, Stack size 0 bytes, msg.o(i.msg_nibble_to_hex))
<BR><BR>[Called By]<UL><LI><a href="#[1d4]">&gt;&gt;</a>&nbsp;&nbsp;&nbsp;msg_raw_to_ascii
</UL>

<P><STRONG><a name="[1df]"></a>msg_parse_raw</STRONG> (Thumb, 170 bytes, Stack size 24 bytes, msg.o(i.msg_parse_raw))
<BR><BR>[Stack]<UL><LI>Max Depth = 36<LI>Call Chain = msg_parse_raw &rArr; Calculate_CRC16
</UL>
<BR>[Calls]<UL><LI><a href="#[15c]">&gt;&gt;</a>&nbsp;&nbsp;&nbsp;Calculate_CRC16
<LI><a href="#[1db]">&gt;&gt;</a>&nbsp;&nbsp;&nbsp;msg_read_u16
</UL>
<BR>[Called By]<UL><LI><a href="#[1e0]">&gt;&gt;</a>&nbsp;&nbsp;&nbsp;msg_poll
</UL>

<P><STRONG><a name="[1d4]"></a>msg_raw_to_ascii</STRONG> (Thumb, 82 bytes, Stack size 24 bytes, msg.o(i.msg_raw_to_ascii))
<BR><BR>[Stack]<UL><LI>Max Depth = 24<LI>Call Chain = msg_raw_to_ascii
</UL>
<BR>[Calls]<UL><LI><a href="#[1e4]">&gt;&gt;</a>&nbsp;&nbsp;&nbsp;msg_nibble_to_hex
</UL>
<BR>[Called By]<UL><LI><a href="#[1ca]">&gt;&gt;</a>&nbsp;&nbsp;&nbsp;msg_build_frame
</UL>

<P><STRONG><a name="[147]"></a>_fp_digits</STRONG> (Thumb, 366 bytes, Stack size 64 bytes, printfa.o(i._fp_digits), UNUSED)
<BR><BR>[Calls]<UL><LI><a href="#[a2]">&gt;&gt;</a>&nbsp;&nbsp;&nbsp;__aeabi_dmul
<LI><a href="#[9b]">&gt;&gt;</a>&nbsp;&nbsp;&nbsp;__aeabi_dadd
<LI><a href="#[148]">&gt;&gt;</a>&nbsp;&nbsp;&nbsp;__aeabi_cdrcmple
<LI><a href="#[a3]">&gt;&gt;</a>&nbsp;&nbsp;&nbsp;__aeabi_uldivmod
<LI><a href="#[a5]">&gt;&gt;</a>&nbsp;&nbsp;&nbsp;__aeabi_ddiv
<LI><a href="#[a6]">&gt;&gt;</a>&nbsp;&nbsp;&nbsp;__aeabi_d2ulz
</UL>
<BR>[Called By]<UL><LI><a href="#[131]">&gt;&gt;</a>&nbsp;&nbsp;&nbsp;_printf_core
</UL>

<P><STRONG><a name="[131]"></a>_printf_core</STRONG> (Thumb, 1744 bytes, Stack size 136 bytes, printfa.o(i._printf_core), UNUSED)
<BR><BR>[Calls]<UL><LI><a href="#[a3]">&gt;&gt;</a>&nbsp;&nbsp;&nbsp;__aeabi_uldivmod
<LI><a href="#[14b]">&gt;&gt;</a>&nbsp;&nbsp;&nbsp;__aeabi_uidivmod
<LI><a href="#[149]">&gt;&gt;</a>&nbsp;&nbsp;&nbsp;_printf_pre_padding
<LI><a href="#[14a]">&gt;&gt;</a>&nbsp;&nbsp;&nbsp;_printf_post_padding
<LI><a href="#[147]">&gt;&gt;</a>&nbsp;&nbsp;&nbsp;_fp_digits
</UL>
<BR>[Called By]<UL><LI><a href="#[130]">&gt;&gt;</a>&nbsp;&nbsp;&nbsp;__0vsnprintf
</UL>

<P><STRONG><a name="[14a]"></a>_printf_post_padding</STRONG> (Thumb, 36 bytes, Stack size 24 bytes, printfa.o(i._printf_post_padding), UNUSED)
<BR><BR>[Called By]<UL><LI><a href="#[131]">&gt;&gt;</a>&nbsp;&nbsp;&nbsp;_printf_core
</UL>

<P><STRONG><a name="[149]"></a>_printf_pre_padding</STRONG> (Thumb, 46 bytes, Stack size 24 bytes, printfa.o(i._printf_pre_padding), UNUSED)
<BR><BR>[Called By]<UL><LI><a href="#[131]">&gt;&gt;</a>&nbsp;&nbsp;&nbsp;_printf_core
</UL>

<P><STRONG><a name="[67]"></a>_snputc</STRONG> (Thumb, 22 bytes, Stack size 0 bytes, printfa.o(i._snputc))
<BR>[Address Reference Count : 1]<UL><LI> printfa.o(i.__0vsnprintf)
</UL><P>
<H3>
Undefined Global Symbols
</H3><HR></body></html>
